node.exe : FAIL 
src/components/__tests__/Navbar.test.tsx
At C:\Program Files\nodejs\npx.ps1:29 
char:3
+   & $NODE_EXE $NPX_CLI_JS $args
+   ~~~~~~~~~~~~~~~~~~~~~~~~~~~~~
    + CategoryInfo          : NotSpecifie 
   d: (FAIL src/compon...Navbar.test.tsx  
  :String) [], RemoteException
    + FullyQualifiedErrorId : NativeComma 
   ndError
 
  ΓùÅ Console

    console.error
      Error: Uncaught [Error: useCompare 
must be used within a CompareProvider]
          at reportException 
(C:\Users\U\Desktop\PROJECTS\MY PROJECTS\A
mazon-Websit-Project-\node_modules\jsdom\l
ib\jsdom\living\helpers\runtime-script-err
ors.js:66:24)
          at innerInvokeEventListeners 
(C:\Users\U\Desktop\PROJECTS\MY PROJECTS\A
mazon-Websit-Project-\node_modules\jsdom\l
ib\jsdom\living\events\EventTarget-impl.js
:353:9)
          at invokeEventListeners 
(C:\Users\U\Desktop\PROJECTS\MY PROJECTS\A
mazon-Websit-Project-\node_modules\jsdom\l
ib\jsdom\living\events\EventTarget-impl.js
:286:3)
          at 
HTMLUnknownElementImpl._dispatch 
(C:\Users\U\Desktop\PROJECTS\MY PROJECTS\A
mazon-Websit-Project-\node_modules\jsdom\l
ib\jsdom\living\events\EventTarget-impl.js
:233:9)
          at 
HTMLUnknownElementImpl.dispatchEvent 
(C:\Users\U\Desktop\PROJECTS\MY PROJECTS\A
mazon-Websit-Project-\node_modules\jsdom\l
ib\jsdom\living\events\EventTarget-impl.js
:104:17)
          at 
HTMLUnknownElement.dispatchEvent 
(C:\Users\U\Desktop\PROJECTS\MY PROJECTS\A
mazon-Websit-Project-\node_modules\jsdom\l
ib\jsdom\living\generated\EventTarget.js:2
41:34)
          at 
Object.invokeGuardedCallbackDev 
(C:\Users\U\Desktop\PROJECTS\MY PROJECTS\A
mazon-Websit-Project-\node_modules\react-d
om\cjs\react-dom.development.js:4213:16)
          at invokeGuardedCallback 
(C:\Users\U\Desktop\PROJECTS\MY PROJECTS\A
mazon-Websit-Project-\node_modules\react-d
om\cjs\react-dom.development.js:4277:31)
          at beginWork$1 
(C:\Users\U\Desktop\PROJECTS\MY PROJECTS\A
mazon-Websit-Project-\node_modules\react-d
om\cjs\react-dom.development.js:27490:7)
          at performUnitOfWork 
(C:\Users\U\Desktop\PROJECTS\MY PROJECTS\A
mazon-Websit-Project-\node_modules\react-d
om\cjs\react-dom.development.js:26599:12)
          at workLoopSync 
(C:\Users\U\Desktop\PROJECTS\MY PROJECTS\A
mazon-Websit-Project-\node_modules\react-d
om\cjs\react-dom.development.js:26505:5)
          at renderRootSync 
(C:\Users\U\Desktop\PROJECTS\MY PROJECTS\A
mazon-Websit-Project-\node_modules\react-d
om\cjs\react-dom.development.js:26473:7)
          at performConcurrentWorkOnRoot 
(C:\Users\U\Desktop\PROJECTS\MY PROJECTS\A
mazon-Websit-Project-\node_modules\react-d
om\cjs\react-dom.development.js:25777:74)
          at flushActQueue 
(C:\Users\U\Desktop\PROJECTS\MY PROJECTS\A
mazon-Websit-Project-\node_modules\react\c
js\react.development.js:2667:24)
          at act 
(C:\Users\U\Desktop\PROJECTS\MY PROJECTS\A
mazon-Websit-Project-\node_modules\react\c
js\react.development.js:2582:11)
          at 
C:\Users\U\Desktop\PROJECTS\MY PROJECTS\Am
azon-Websit-Project-\node_modules\@testing
-library\react\dist\act-compat.js:46:25
          at renderRoot 
(C:\Users\U\Desktop\PROJECTS\MY PROJECTS\A
mazon-Websit-Project-\node_modules\@testin
g-library\react\dist\pure.js:189:26)
          at render 
(C:\Users\U\Desktop\PROJECTS\MY PROJECTS\A
mazon-Websit-Project-\node_modules\@testin
g-library\react\dist\pure.js:291:10)
          at Object.<anonymous> 
(C:\Users\U\Desktop\PROJECTS\MY PROJECTS\A
mazon-Websit-Project-\src\components\__tes
ts__\Navbar.test.tsx:26:15)
          at Promise.finally.completed 
(C:\Users\U\Desktop\PROJECTS\MY PROJECTS\A
mazon-Websit-Project-\node_modules\jest-ci
rcus\build\jestAdapterInit.js:1557:28)
          at new Promise (<anonymous>)
          at callAsyncCircusFn 
(C:\Users\U\Desktop\PROJECTS\MY PROJECTS\A
mazon-Websit-Project-\node_modules\jest-ci
rcus\build\jestAdapterInit.js:1497:10)
          at _callCircusTest 
(C:\Users\U\Desktop\PROJECTS\MY PROJECTS\A
mazon-Websit-Project-\node_modules\jest-ci
rcus\build\jestAdapterInit.js:1007:40)
          at _runTest 
(C:\Users\U\Desktop\PROJECTS\MY PROJECTS\A
mazon-Websit-Project-\node_modules\jest-ci
rcus\build\jestAdapterInit.js:947:3)
          at 
C:\Users\U\Desktop\PROJECTS\MY PROJECTS\Am
azon-Websit-Project-\node_modules\jest-cir
cus\build\jestAdapterInit.js:849:7
          at _runTestsForDescribeBlock 
(C:\Users\U\Desktop\PROJECTS\MY PROJECTS\A
mazon-Websit-Project-\node_modules\jest-ci
rcus\build\jestAdapterInit.js:862:11)
          at _runTestsForDescribeBlock 
(C:\Users\U\Desktop\PROJECTS\MY PROJECTS\A
mazon-Websit-Project-\node_modules\jest-ci
rcus\build\jestAdapterInit.js:857:11)
          at run 
(C:\Users\U\Desktop\PROJECTS\MY PROJECTS\A
mazon-Websit-Project-\node_modules\jest-ci
rcus\build\jestAdapterInit.js:761:3)
          at 
runAndTransformResultsToJestFormat 
(C:\Users\U\Desktop\PROJECTS\MY PROJECTS\A
mazon-Websit-Project-\node_modules\jest-ci
rcus\build\jestAdapterInit.js:1918:21)
          at jestAdapter 
(C:\Users\U\Desktop\PROJECTS\MY PROJECTS\A
mazon-Websit-Project-\node_modules\jest-ci
rcus\build\runner.js:101:19)
          at runTestInternal 
(C:\Users\U\Desktop\PROJECTS\MY PROJECTS\A
mazon-Websit-Project-\node_modules\jest-ru
nner\build\index.js:275:16)
          at runTest 
(C:\Users\U\Desktop\PROJECTS\MY PROJECTS\A
mazon-Websit-Project-\node_modules\jest-ru
nner\build\index.js:343:7) {
        detail: Error: useCompare must be 
used within a CompareProvider
            at useCompare 
(C:\Users\U\Desktop\PROJECTS\MY PROJECTS\A
mazon-Websit-Project-\src\context\CompareC
ontext.tsx:173:15)
            at Navbar 
(C:\Users\U\Desktop\PROJECTS\MY PROJECTS\A
mazon-Websit-Project-\src\components\Navba
r.tsx:38:55)
            at renderWithHooks 
(C:\Users\U\Desktop\PROJECTS\MY PROJECTS\A
mazon-Websit-Project-\node_modules\react-d
om\cjs\react-dom.development.js:15486:18)
            at 
mountIndeterminateComponent 
(C:\Users\U\Desktop\PROJECTS\MY PROJECTS\A
mazon-Websit-Project-\node_modules\react-d
om\cjs\react-dom.development.js:20103:13)
            at beginWork 
(C:\Users\U\Desktop\PROJECTS\MY PROJECTS\A
mazon-Websit-Project-\node_modules\react-d
om\cjs\react-dom.development.js:21626:16)
            at 
HTMLUnknownElement.callCallback 
(C:\Users\U\Desktop\PROJECTS\MY PROJECTS\A
mazon-Websit-Project-\node_modules\react-d
om\cjs\react-dom.development.js:4164:14)
            at HTMLUnknownElement.callTheU
serObjectsOperation 
(C:\Users\U\Desktop\PROJECTS\MY PROJECTS\A
mazon-Websit-Project-\node_modules\jsdom\l
ib\jsdom\living\generated\EventListener.js
:26:30)
            at innerInvokeEventListeners 
(C:\Users\U\Desktop\PROJECTS\MY PROJECTS\A
mazon-Websit-Project-\node_modules\jsdom\l
ib\jsdom\living\events\EventTarget-impl.js
:350:25)
            at invokeEventListeners 
(C:\Users\U\Desktop\PROJECTS\MY PROJECTS\A
mazon-Websit-Project-\node_modules\jsdom\l
ib\jsdom\living\events\EventTarget-impl.js
:286:3)
            at 
HTMLUnknownElementImpl._dispatch 
(C:\Users\U\Desktop\PROJECTS\MY PROJECTS\A
mazon-Websit-Project-\node_modules\jsdom\l
ib\jsdom\living\events\EventTarget-impl.js
:233:9)
            at 
HTMLUnknownElementImpl.dispatchEvent 
(C:\Users\U\Desktop\PROJECTS\MY PROJECTS\A
mazon-Websit-Project-\node_modules\jsdom\l
ib\jsdom\living\events\EventTarget-impl.js
:104:17)
            at 
HTMLUnknownElement.dispatchEvent 
(C:\Users\U\Desktop\PROJECTS\MY PROJECTS\A
mazon-Websit-Project-\node_modules\jsdom\l
ib\jsdom\living\generated\EventTarget.js:2
41:34)
            at 
Object.invokeGuardedCallbackDev 
(C:\Users\U\Desktop\PROJECTS\MY PROJECTS\A
mazon-Websit-Project-\node_modules\react-d
om\cjs\react-dom.development.js:4213:16)
            at invokeGuardedCallback 
(C:\Users\U\Desktop\PROJECTS\MY PROJECTS\A
mazon-Websit-Project-\node_modules\react-d
om\cjs\react-dom.development.js:4277:31)
            at beginWork$1 
(C:\Users\U\Desktop\PROJECTS\MY PROJECTS\A
mazon-Websit-Project-\node_modules\react-d
om\cjs\react-dom.development.js:27490:7)
            at performUnitOfWork 
(C:\Users\U\Desktop\PROJECTS\MY PROJECTS\A
mazon-Websit-Project-\node_modules\react-d
om\cjs\react-dom.development.js:26599:12)
            at workLoopSync 
(C:\Users\U\Desktop\PROJECTS\MY PROJECTS\A
mazon-Websit-Project-\node_modules\react-d
om\cjs\react-dom.development.js:26505:5)
            at renderRootSync 
(C:\Users\U\Desktop\PROJECTS\MY PROJECTS\A
mazon-Websit-Project-\node_modules\react-d
om\cjs\react-dom.development.js:26473:7)
            at 
performConcurrentWorkOnRoot 
(C:\Users\U\Desktop\PROJECTS\MY PROJECTS\A
mazon-Websit-Project-\node_modules\react-d
om\cjs\react-dom.development.js:25777:74)
            at flushActQueue 
(C:\Users\U\Desktop\PROJECTS\MY PROJECTS\A
mazon-Websit-Project-\node_modules\react\c
js\react.development.js:2667:24)
            at act 
(C:\Users\U\Desktop\PROJECTS\MY PROJECTS\A
mazon-Websit-Project-\node_modules\react\c
js\react.development.js:2582:11)
            at 
C:\Users\U\Desktop\PROJECTS\MY PROJECTS\Am
azon-Websit-Project-\node_modules\@testing
-library\react\dist\act-compat.js:46:25
            at renderRoot 
(C:\Users\U\Desktop\PROJECTS\MY PROJECTS\A
mazon-Websit-Project-\node_modules\@testin
g-library\react\dist\pure.js:189:26)
            at render 
(C:\Users\U\Desktop\PROJECTS\MY PROJECTS\A
mazon-Websit-Project-\node_modules\@testin
g-library\react\dist\pure.js:291:10)
            at Object.<anonymous> 
(C:\Users\U\Desktop\PROJECTS\MY PROJECTS\A
mazon-Websit-Project-\src\components\__tes
ts__\Navbar.test.tsx:26:15)
            at Promise.finally.completed 
(C:\Users\U\Desktop\PROJECTS\MY PROJECTS\A
mazon-Websit-Project-\node_modules\jest-ci
rcus\build\jestAdapterInit.js:1557:28)
            at new Promise (<anonymous>)
            at callAsyncCircusFn 
(C:\Users\U\Desktop\PROJECTS\MY PROJECTS\A
mazon-Websit-Project-\node_modules\jest-ci
rcus\build\jestAdapterInit.js:1497:10)
            at _callCircusTest 
(C:\Users\U\Desktop\PROJECTS\MY PROJECTS\A
mazon-Websit-Project-\node_modules\jest-ci
rcus\build\jestAdapterInit.js:1007:40)
            at _runTest 
(C:\Users\U\Desktop\PROJECTS\MY PROJECTS\A
mazon-Websit-Project-\node_modules\jest-ci
rcus\build\jestAdapterInit.js:947:3)
            at 
C:\Users\U\Desktop\PROJECTS\MY PROJECTS\Am
azon-Websit-Project-\node_modules\jest-cir
cus\build\jestAdapterInit.js:849:7
            at _runTestsForDescribeBlock 
(C:\Users\U\Desktop\PROJECTS\MY PROJECTS\A
mazon-Websit-Project-\node_modules\jest-ci
rcus\build\jestAdapterInit.js:862:11)
            at _runTestsForDescribeBlock 
(C:\Users\U\Desktop\PROJECTS\MY PROJECTS\A
mazon-Websit-Project-\node_modules\jest-ci
rcus\build\jestAdapterInit.js:857:11)
            at run 
(C:\Users\U\Desktop\PROJECTS\MY PROJECTS\A
mazon-Websit-Project-\node_modules\jest-ci
rcus\build\jestAdapterInit.js:761:3)
            at 
runAndTransformResultsToJestFormat 
(C:\Users\U\Desktop\PROJECTS\MY PROJECTS\A
mazon-Websit-Project-\node_modules\jest-ci
rcus\build\jestAdapterInit.js:1918:21)
            at jestAdapter 
(C:\Users\U\Desktop\PROJECTS\MY PROJECTS\A
mazon-Websit-Project-\node_modules\jest-ci
rcus\build\runner.js:101:19)
            at runTestInternal 
(C:\Users\U\Desktop\PROJECTS\MY PROJECTS\A
mazon-Websit-Project-\node_modules\jest-ru
nner\build\index.js:275:16)
            at runTest 
(C:\Users\U\Desktop\PROJECTS\MY PROJECTS\A
mazon-Websit-Project-\node_modules\jest-ru
nner\build\index.js:343:7),
        type: 'unhandled exception'
      }

    [0m [90m 24 |[39m 
describe([32m'Navbar'[39m[33m,[39m () 
[33m=>[39m {
     [90m 25 |[39m     it([32m'renders 
the title'[39m[33m,[39m () 
[33m=>[39m {
    [31m[1m>[22m[39m[90m 26 |[39m   
      render([33m<[39m[33mNavbar[39m 
locale[33m=[39m[32m"en"[39m 
[33m/[39m[33m>[39m)[33m;[39m
     [90m    |[39m               
[31m[1m^[22m[39m
     [90m 27 |[39m         expect(screen
[33m.[39mgetByText([32m'title'[39m))[
33m.[39mtoBeInTheDocument()[33m;[39m
     [90m 28 |[39m     })[33m;[39m
     [90m 29 |[39m[0m

      at VirtualConsole.<anonymous> (node_
modules/@jest/environment-jsdom-abstract/b
uild/index.js:87:23)
      at reportException (node_modules/jsd
om/lib/jsdom/living/helpers/runtime-script
-errors.js:70:28)
      at innerInvokeEventListeners (node_m
odules/jsdom/lib/jsdom/living/events/Event
Target-impl.js:353:9)
      at invokeEventListeners (node_module
s/jsdom/lib/jsdom/living/events/EventTarge
t-impl.js:286:3)
      at HTMLUnknownElementImpl._dispatch 
(node_modules/jsdom/lib/jsdom/living/event
s/EventTarget-impl.js:233:9)
      at 
HTMLUnknownElementImpl.dispatchEvent (node
_modules/jsdom/lib/jsdom/living/events/Eve
ntTarget-impl.js:104:17)
      at HTMLUnknownElement.dispatchEvent 
(node_modules/jsdom/lib/jsdom/living/gener
ated/EventTarget.js:241:34)
      at Object.invokeGuardedCallbackDev (
node_modules/react-dom/cjs/react-dom.devel
opment.js:4213:16)
      at invokeGuardedCallback (node_modul
es/react-dom/cjs/react-dom.development.js:
4277:31)
      at beginWork$1 (node_modules/react-d
om/cjs/react-dom.development.js:27490:7)
      at performUnitOfWork (node_modules/r
eact-dom/cjs/react-dom.development.js:2659
9:12)
      at workLoopSync (node_modules/react-
dom/cjs/react-dom.development.js:26505:5)
      at renderRootSync (node_modules/reac
t-dom/cjs/react-dom.development.js:26473:7
)
      at performConcurrentWorkOnRoot (node
_modules/react-dom/cjs/react-dom.developme
nt.js:25777:74)
      at flushActQueue (node_modules/react
/cjs/react.development.js:2667:24)
      at act (node_modules/react/cjs/react
.development.js:2582:11)
      at node_modules/@testing-library/rea
ct/dist/act-compat.js:46:25
      at renderRoot (node_modules/@testing
-library/react/dist/pure.js:189:26)
      at render (node_modules/@testing-lib
rary/react/dist/pure.js:291:10)
      at Object.<anonymous> (src/component
s/__tests__/Navbar.test.tsx:26:15)

    console.error
      Error: Uncaught [Error: useCompare 
must be used within a CompareProvider]
          at reportException 
(C:\Users\U\Desktop\PROJECTS\MY PROJECTS\A
mazon-Websit-Project-\node_modules\jsdom\l
ib\jsdom\living\helpers\runtime-script-err
ors.js:66:24)
          at innerInvokeEventListeners 
(C:\Users\U\Desktop\PROJECTS\MY PROJECTS\A
mazon-Websit-Project-\node_modules\jsdom\l
ib\jsdom\living\events\EventTarget-impl.js
:353:9)
          at invokeEventListeners 
(C:\Users\U\Desktop\PROJECTS\MY PROJECTS\A
mazon-Websit-Project-\node_modules\jsdom\l
ib\jsdom\living\events\EventTarget-impl.js
:286:3)
          at 
HTMLUnknownElementImpl._dispatch 
(C:\Users\U\Desktop\PROJECTS\MY PROJECTS\A
mazon-Websit-Project-\node_modules\jsdom\l
ib\jsdom\living\events\EventTarget-impl.js
:233:9)
          at 
HTMLUnknownElementImpl.dispatchEvent 
(C:\Users\U\Desktop\PROJECTS\MY PROJECTS\A
mazon-Websit-Project-\node_modules\jsdom\l
ib\jsdom\living\events\EventTarget-impl.js
:104:17)
          at 
HTMLUnknownElement.dispatchEvent 
(C:\Users\U\Desktop\PROJECTS\MY PROJECTS\A
mazon-Websit-Project-\node_modules\jsdom\l
ib\jsdom\living\generated\EventTarget.js:2
41:34)
          at 
Object.invokeGuardedCallbackDev 
(C:\Users\U\Desktop\PROJECTS\MY PROJECTS\A
mazon-Websit-Project-\node_modules\react-d
om\cjs\react-dom.development.js:4213:16)
          at invokeGuardedCallback 
(C:\Users\U\Desktop\PROJECTS\MY PROJECTS\A
mazon-Websit-Project-\node_modules\react-d
om\cjs\react-dom.development.js:4277:31)
          at beginWork$1 
(C:\Users\U\Desktop\PROJECTS\MY PROJECTS\A
mazon-Websit-Project-\node_modules\react-d
om\cjs\react-dom.development.js:27490:7)
          at performUnitOfWork 
(C:\Users\U\Desktop\PROJECTS\MY PROJECTS\A
mazon-Websit-Project-\node_modules\react-d
om\cjs\react-dom.development.js:26599:12)
          at workLoopSync 
(C:\Users\U\Desktop\PROJECTS\MY PROJECTS\A
mazon-Websit-Project-\node_modules\react-d
om\cjs\react-dom.development.js:26505:5)
          at renderRootSync 
(C:\Users\U\Desktop\PROJECTS\MY PROJECTS\A
mazon-Websit-Project-\node_modules\react-d
om\cjs\react-dom.development.js:26473:7)
          at recoverFromConcurrentError 
(C:\Users\U\Desktop\PROJECTS\MY PROJECTS\A
mazon-Websit-Project-\node_modules\react-d
om\cjs\react-dom.development.js:25889:20)
          at performConcurrentWorkOnRoot 
(C:\Users\U\Desktop\PROJECTS\MY PROJECTS\A
mazon-Websit-Project-\node_modules\react-d
om\cjs\react-dom.development.js:25789:22)
          at flushActQueue 
(C:\Users\U\Desktop\PROJECTS\MY PROJECTS\A
mazon-Websit-Project-\node_modules\react\c
js\react.development.js:2667:24)
          at act 
(C:\Users\U\Desktop\PROJECTS\MY PROJECTS\A
mazon-Websit-Project-\node_modules\react\c
js\react.development.js:2582:11)
          at 
C:\Users\U\Desktop\PROJECTS\MY PROJECTS\Am
azon-Websit-Project-\node_modules\@testing
-library\react\dist\act-compat.js:46:25
          at renderRoot 
(C:\Users\U\Desktop\PROJECTS\MY PROJECTS\A
mazon-Websit-Project-\node_modules\@testin
g-library\react\dist\pure.js:189:26)
          at render 
(C:\Users\U\Desktop\PROJECTS\MY PROJECTS\A
mazon-Websit-Project-\node_modules\@testin
g-library\react\dist\pure.js:291:10)
          at Object.<anonymous> 
(C:\Users\U\Desktop\PROJECTS\MY PROJECTS\A
mazon-Websit-Project-\src\components\__tes
ts__\Navbar.test.tsx:26:15)
          at Promise.finally.completed 
(C:\Users\U\Desktop\PROJECTS\MY PROJECTS\A
mazon-Websit-Project-\node_modules\jest-ci
rcus\build\jestAdapterInit.js:1557:28)
          at new Promise (<anonymous>)
          at callAsyncCircusFn 
(C:\Users\U\Desktop\PROJECTS\MY PROJECTS\A
mazon-Websit-Project-\node_modules\jest-ci
rcus\build\jestAdapterInit.js:1497:10)
          at _callCircusTest 
(C:\Users\U\Desktop\PROJECTS\MY PROJECTS\A
mazon-Websit-Project-\node_modules\jest-ci
rcus\build\jestAdapterInit.js:1007:40)
          at _runTest 
(C:\Users\U\Desktop\PROJECTS\MY PROJECTS\A
mazon-Websit-Project-\node_modules\jest-ci
rcus\build\jestAdapterInit.js:947:3)
          at 
C:\Users\U\Desktop\PROJECTS\MY PROJECTS\Am
azon-Websit-Project-\node_modules\jest-cir
cus\build\jestAdapterInit.js:849:7
          at _runTestsForDescribeBlock 
(C:\Users\U\Desktop\PROJECTS\MY PROJECTS\A
mazon-Websit-Project-\node_modules\jest-ci
rcus\build\jestAdapterInit.js:862:11)
          at _runTestsForDescribeBlock 
(C:\Users\U\Desktop\PROJECTS\MY PROJECTS\A
mazon-Websit-Project-\node_modules\jest-ci
rcus\build\jestAdapterInit.js:857:11)
          at run 
(C:\Users\U\Desktop\PROJECTS\MY PROJECTS\A
mazon-Websit-Project-\node_modules\jest-ci
rcus\build\jestAdapterInit.js:761:3)
          at 
runAndTransformResultsToJestFormat 
(C:\Users\U\Desktop\PROJECTS\MY PROJECTS\A
mazon-Websit-Project-\node_modules\jest-ci
rcus\build\jestAdapterInit.js:1918:21)
          at jestAdapter 
(C:\Users\U\Desktop\PROJECTS\MY PROJECTS\A
mazon-Websit-Project-\node_modules\jest-ci
rcus\build\runner.js:101:19)
          at runTestInternal 
(C:\Users\U\Desktop\PROJECTS\MY PROJECTS\A
mazon-Websit-Project-\node_modules\jest-ru
nner\build\index.js:275:16)
          at runTest 
(C:\Users\U\Desktop\PROJECTS\MY PROJECTS\A
mazon-Websit-Project-\node_modules\jest-ru
nner\build\index.js:343:7) {
        detail: Error: useCompare must be 
used within a CompareProvider
            at useCompare 
(C:\Users\U\Desktop\PROJECTS\MY PROJECTS\A
mazon-Websit-Project-\src\context\CompareC
ontext.tsx:173:15)
            at Navbar 
(C:\Users\U\Desktop\PROJECTS\MY PROJECTS\A
mazon-Websit-Project-\src\components\Navba
r.tsx:38:55)
            at renderWithHooks 
(C:\Users\U\Desktop\PROJECTS\MY PROJECTS\A
mazon-Websit-Project-\node_modules\react-d
om\cjs\react-dom.development.js:15486:18)
            at 
mountIndeterminateComponent 
(C:\Users\U\Desktop\PROJECTS\MY PROJECTS\A
mazon-Websit-Project-\node_modules\react-d
om\cjs\react-dom.development.js:20103:13)
            at beginWork 
(C:\Users\U\Desktop\PROJECTS\MY PROJECTS\A
mazon-Websit-Project-\node_modules\react-d
om\cjs\react-dom.development.js:21626:16)
            at 
HTMLUnknownElement.callCallback 
(C:\Users\U\Desktop\PROJECTS\MY PROJECTS\A
mazon-Websit-Project-\node_modules\react-d
om\cjs\react-dom.development.js:4164:14)
            at HTMLUnknownElement.callTheU
serObjectsOperation 
(C:\Users\U\Desktop\PROJECTS\MY PROJECTS\A
mazon-Websit-Project-\node_modules\jsdom\l
ib\jsdom\living\generated\EventListener.js
:26:30)
            at innerInvokeEventListeners 
(C:\Users\U\Desktop\PROJECTS\MY PROJECTS\A
mazon-Websit-Project-\node_modules\jsdom\l
ib\jsdom\living\events\EventTarget-impl.js
:350:25)
            at invokeEventListeners 
(C:\Users\U\Desktop\PROJECTS\MY PROJECTS\A
mazon-Websit-Project-\node_modules\jsdom\l
ib\jsdom\living\events\EventTarget-impl.js
:286:3)
            at 
HTMLUnknownElementImpl._dispatch 
(C:\Users\U\Desktop\PROJECTS\MY PROJECTS\A
mazon-Websit-Project-\node_modules\jsdom\l
ib\jsdom\living\events\EventTarget-impl.js
:233:9)
            at 
HTMLUnknownElementImpl.dispatchEvent 
(C:\Users\U\Desktop\PROJECTS\MY PROJECTS\A
mazon-Websit-Project-\node_modules\jsdom\l
ib\jsdom\living\events\EventTarget-impl.js
:104:17)
            at 
HTMLUnknownElement.dispatchEvent 
(C:\Users\U\Desktop\PROJECTS\MY PROJECTS\A
mazon-Websit-Project-\node_modules\jsdom\l
ib\jsdom\living\generated\EventTarget.js:2
41:34)
            at 
Object.invokeGuardedCallbackDev 
(C:\Users\U\Desktop\PROJECTS\MY PROJECTS\A
mazon-Websit-Project-\node_modules\react-d
om\cjs\react-dom.development.js:4213:16)
            at invokeGuardedCallback 
(C:\Users\U\Desktop\PROJECTS\MY PROJECTS\A
mazon-Websit-Project-\node_modules\react-d
om\cjs\react-dom.development.js:4277:31)
            at beginWork$1 
(C:\Users\U\Desktop\PROJECTS\MY PROJECTS\A
mazon-Websit-Project-\node_modules\react-d
om\cjs\react-dom.development.js:27490:7)
            at performUnitOfWork 
(C:\Users\U\Desktop\PROJECTS\MY PROJECTS\A
mazon-Websit-Project-\node_modules\react-d
om\cjs\react-dom.development.js:26599:12)
            at workLoopSync 
(C:\Users\U\Desktop\PROJECTS\MY PROJECTS\A
mazon-Websit-Project-\node_modules\react-d
om\cjs\react-dom.development.js:26505:5)
            at renderRootSync 
(C:\Users\U\Desktop\PROJECTS\MY PROJECTS\A
mazon-Websit-Project-\node_modules\react-d
om\cjs\react-dom.development.js:26473:7)
            at recoverFromConcurrentError 
(C:\Users\U\Desktop\PROJECTS\MY PROJECTS\A
mazon-Websit-Project-\node_modules\react-d
om\cjs\react-dom.development.js:25889:20)
            at 
performConcurrentWorkOnRoot 
(C:\Users\U\Desktop\PROJECTS\MY PROJECTS\A
mazon-Websit-Project-\node_modules\react-d
om\cjs\react-dom.development.js:25789:22)
            at flushActQueue 
(C:\Users\U\Desktop\PROJECTS\MY PROJECTS\A
mazon-Websit-Project-\node_modules\react\c
js\react.development.js:2667:24)
            at act 
(C:\Users\U\Desktop\PROJECTS\MY PROJECTS\A
mazon-Websit-Project-\node_modules\react\c
js\react.development.js:2582:11)
            at 
C:\Users\U\Desktop\PROJECTS\MY PROJECTS\Am
azon-Websit-Project-\node_modules\@testing
-library\react\dist\act-compat.js:46:25
            at renderRoot 
(C:\Users\U\Desktop\PROJECTS\MY PROJECTS\A
mazon-Websit-Project-\node_modules\@testin
g-library\react\dist\pure.js:189:26)
            at render 
(C:\Users\U\Desktop\PROJECTS\MY PROJECTS\A
mazon-Websit-Project-\node_modules\@testin
g-library\react\dist\pure.js:291:10)
            at Object.<anonymous> 
(C:\Users\U\Desktop\PROJECTS\MY PROJECTS\A
mazon-Websit-Project-\src\components\__tes
ts__\Navbar.test.tsx:26:15)
            at Promise.finally.completed 
(C:\Users\U\Desktop\PROJECTS\MY PROJECTS\A
mazon-Websit-Project-\node_modules\jest-ci
rcus\build\jestAdapterInit.js:1557:28)
            at new Promise (<anonymous>)
            at callAsyncCircusFn 
(C:\Users\U\Desktop\PROJECTS\MY PROJECTS\A
mazon-Websit-Project-\node_modules\jest-ci
rcus\build\jestAdapterInit.js:1497:10)
            at _callCircusTest 
(C:\Users\U\Desktop\PROJECTS\MY PROJECTS\A
mazon-Websit-Project-\node_modules\jest-ci
rcus\build\jestAdapterInit.js:1007:40)
            at _runTest 
(C:\Users\U\Desktop\PROJECTS\MY PROJECTS\A
mazon-Websit-Project-\node_modules\jest-ci
rcus\build\jestAdapterInit.js:947:3)
            at 
C:\Users\U\Desktop\PROJECTS\MY PROJECTS\Am
azon-Websit-Project-\node_modules\jest-cir
cus\build\jestAdapterInit.js:849:7
            at _runTestsForDescribeBlock 
(C:\Users\U\Desktop\PROJECTS\MY PROJECTS\A
mazon-Websit-Project-\node_modules\jest-ci
rcus\build\jestAdapterInit.js:862:11)
            at _runTestsForDescribeBlock 
(C:\Users\U\Desktop\PROJECTS\MY PROJECTS\A
mazon-Websit-Project-\node_modules\jest-ci
rcus\build\jestAdapterInit.js:857:11)
            at run 
(C:\Users\U\Desktop\PROJECTS\MY PROJECTS\A
mazon-Websit-Project-\node_modules\jest-ci
rcus\build\jestAdapterInit.js:761:3)
            at 
runAndTransformResultsToJestFormat 
(C:\Users\U\Desktop\PROJECTS\MY PROJECTS\A
mazon-Websit-Project-\node_modules\jest-ci
rcus\build\jestAdapterInit.js:1918:21)
            at jestAdapter 
(C:\Users\U\Desktop\PROJECTS\MY PROJECTS\A
mazon-Websit-Project-\node_modules\jest-ci
rcus\build\runner.js:101:19)
            at runTestInternal 
(C:\Users\U\Desktop\PROJECTS\MY PROJECTS\A
mazon-Websit-Project-\node_modules\jest-ru
nner\build\index.js:275:16)
            at runTest 
(C:\Users\U\Desktop\PROJECTS\MY PROJECTS\A
mazon-Websit-Project-\node_modules\jest-ru
nner\build\index.js:343:7),
        type: 'unhandled exception'
      }

    [0m [90m 24 |[39m 
describe([32m'Navbar'[39m[33m,[39m () 
[33m=>[39m {
     [90m 25 |[39m     it([32m'renders 
the title'[39m[33m,[39m () 
[33m=>[39m {
    [31m[1m>[22m[39m[90m 26 |[39m   
      render([33m<[39m[33mNavbar[39m 
locale[33m=[39m[32m"en"[39m 
[33m/[39m[33m>[39m)[33m;[39m
     [90m    |[39m               
[31m[1m^[22m[39m
     [90m 27 |[39m         expect(screen
[33m.[39mgetByText([32m'title'[39m))[
33m.[39mtoBeInTheDocument()[33m;[39m
     [90m 28 |[39m     })[33m;[39m
     [90m 29 |[39m[0m

      at VirtualConsole.<anonymous> (node_
modules/@jest/environment-jsdom-abstract/b
uild/index.js:87:23)
      at reportException (node_modules/jsd
om/lib/jsdom/living/helpers/runtime-script
-errors.js:70:28)
      at innerInvokeEventListeners (node_m
odules/jsdom/lib/jsdom/living/events/Event
Target-impl.js:353:9)
      at invokeEventListeners (node_module
s/jsdom/lib/jsdom/living/events/EventTarge
t-impl.js:286:3)
      at HTMLUnknownElementImpl._dispatch 
(node_modules/jsdom/lib/jsdom/living/event
s/EventTarget-impl.js:233:9)
      at 
HTMLUnknownElementImpl.dispatchEvent (node
_modules/jsdom/lib/jsdom/living/events/Eve
ntTarget-impl.js:104:17)
      at HTMLUnknownElement.dispatchEvent 
(node_modules/jsdom/lib/jsdom/living/gener
ated/EventTarget.js:241:34)
      at Object.invokeGuardedCallbackDev (
node_modules/react-dom/cjs/react-dom.devel
opment.js:4213:16)
      at invokeGuardedCallback (node_modul
es/react-dom/cjs/react-dom.development.js:
4277:31)
      at beginWork$1 (node_modules/react-d
om/cjs/react-dom.development.js:27490:7)
      at performUnitOfWork (node_modules/r
eact-dom/cjs/react-dom.development.js:2659
9:12)
      at workLoopSync (node_modules/react-
dom/cjs/react-dom.development.js:26505:5)
      at renderRootSync (node_modules/reac
t-dom/cjs/react-dom.development.js:26473:7
)
      at recoverFromConcurrentError (node_
modules/react-dom/cjs/react-dom.developmen
t.js:25889:20)
      at performConcurrentWorkOnRoot (node
_modules/react-dom/cjs/react-dom.developme
nt.js:25789:22)
      at flushActQueue (node_modules/react
/cjs/react.development.js:2667:24)
      at act (node_modules/react/cjs/react
.development.js:2582:11)
      at node_modules/@testing-library/rea
ct/dist/act-compat.js:46:25
      at renderRoot (node_modules/@testing
-library/react/dist/pure.js:189:26)
      at render (node_modules/@testing-lib
rary/react/dist/pure.js:291:10)
      at Object.<anonymous> (src/component
s/__tests__/Navbar.test.tsx:26:15)

    console.error
      The above error occurred in the 
<Navbar> component:
      
          at locale 
(C:\Users\U\Desktop\PROJECTS\MY PROJECTS\A
mazon-Websit-Project-\src\components\Navba
r.tsx:31:34)
      
      Consider adding an error boundary 
to your tree to customize error handling 
behavior.
      Visit 
https://reactjs.org/link/error-boundaries 
to learn more about error boundaries.

    [0m [90m 24 |[39m 
describe([32m'Navbar'[39m[33m,[39m () 
[33m=>[39m {
     [90m 25 |[39m     it([32m'renders 
the title'[39m[33m,[39m () 
[33m=>[39m {
    [31m[1m>[22m[39m[90m 26 |[39m   
      render([33m<[39m[33mNavbar[39m 
locale[33m=[39m[32m"en"[39m 
[33m/[39m[33m>[39m)[33m;[39m
     [90m    |[39m               
[31m[1m^[22m[39m
     [90m 27 |[39m         expect(screen
[33m.[39mgetByText([32m'title'[39m))[
33m.[39mtoBeInTheDocument()[33m;[39m
     [90m 28 |[39m     })[33m;[39m
     [90m 29 |[39m[0m

      at logCapturedError (node_modules/re
act-dom/cjs/react-dom.development.js:18704
:23)
      at update.callback (node_modules/rea
ct-dom/cjs/react-dom.development.js:18737:
5)
      at callCallback (node_modules/react-
dom/cjs/react-dom.development.js:15036:12)
      at commitUpdateQueue (node_modules/r
eact-dom/cjs/react-dom.development.js:1505
7:9)
      at commitLayoutEffectOnFiber (node_m
odules/react-dom/cjs/react-dom.development
.js:23430:13)
      at 
commitLayoutMountEffects_complete (node_mo
dules/react-dom/cjs/react-dom.development.
js:24727:9)
      at commitLayoutEffects_begin (node_m
odules/react-dom/cjs/react-dom.development
.js:24713:7)
      at commitLayoutEffects (node_modules
/react-dom/cjs/react-dom.development.js:24
651:3)
      at commitRootImpl (node_modules/reac
t-dom/cjs/react-dom.development.js:26862:5
)
      at commitRoot (node_modules/react-do
m/cjs/react-dom.development.js:26721:5)
      at finishConcurrentRender (node_modu
les/react-dom/cjs/react-dom.development.js
:25931:9)
      at performConcurrentWorkOnRoot (node
_modules/react-dom/cjs/react-dom.developme
nt.js:25848:7)
      at flushActQueue (node_modules/react
/cjs/react.development.js:2667:24)
      at act (node_modules/react/cjs/react
.development.js:2582:11)
      at node_modules/@testing-library/rea
ct/dist/act-compat.js:46:25
      at renderRoot (node_modules/@testing
-library/react/dist/pure.js:189:26)
      at render (node_modules/@testing-lib
rary/react/dist/pure.js:291:10)
      at Object.<anonymous> (src/component
s/__tests__/Navbar.test.tsx:26:15)

    console.error
      Error: Uncaught [Error: useCompare 
must be used within a CompareProvider]
          at reportException 
(C:\Users\U\Desktop\PROJECTS\MY PROJECTS\A
mazon-Websit-Project-\node_modules\jsdom\l
ib\jsdom\living\helpers\runtime-script-err
ors.js:66:24)
          at innerInvokeEventListeners 
(C:\Users\U\Desktop\PROJECTS\MY PROJECTS\A
mazon-Websit-Project-\node_modules\jsdom\l
ib\jsdom\living\events\EventTarget-impl.js
:353:9)
          at invokeEventListeners 
(C:\Users\U\Desktop\PROJECTS\MY PROJECTS\A
mazon-Websit-Project-\node_modules\jsdom\l
ib\jsdom\living\events\EventTarget-impl.js
:286:3)
          at 
HTMLUnknownElementImpl._dispatch 
(C:\Users\U\Desktop\PROJECTS\MY PROJECTS\A
mazon-Websit-Project-\node_modules\jsdom\l
ib\jsdom\living\events\EventTarget-impl.js
:233:9)
          at 
HTMLUnknownElementImpl.dispatchEvent 
(C:\Users\U\Desktop\PROJECTS\MY PROJECTS\A
mazon-Websit-Project-\node_modules\jsdom\l
ib\jsdom\living\events\EventTarget-impl.js
:104:17)
          at 
HTMLUnknownElement.dispatchEvent 
(C:\Users\U\Desktop\PROJECTS\MY PROJECTS\A
mazon-Websit-Project-\node_modules\jsdom\l
ib\jsdom\living\generated\EventTarget.js:2
41:34)
          at 
Object.invokeGuardedCallbackDev 
(C:\Users\U\Desktop\PROJECTS\MY PROJECTS\A
mazon-Websit-Project-\node_modules\react-d
om\cjs\react-dom.development.js:4213:16)
          at invokeGuardedCallback 
(C:\Users\U\Desktop\PROJECTS\MY PROJECTS\A
mazon-Websit-Project-\node_modules\react-d
om\cjs\react-dom.development.js:4277:31)
          at beginWork$1 
(C:\Users\U\Desktop\PROJECTS\MY PROJECTS\A
mazon-Websit-Project-\node_modules\react-d
om\cjs\react-dom.development.js:27490:7)
          at performUnitOfWork 
(C:\Users\U\Desktop\PROJECTS\MY PROJECTS\A
mazon-Websit-Project-\node_modules\react-d
om\cjs\react-dom.development.js:26599:12)
          at workLoopSync 
(C:\Users\U\Desktop\PROJECTS\MY PROJECTS\A
mazon-Websit-Project-\node_modules\react-d
om\cjs\react-dom.development.js:26505:5)
          at renderRootSync 
(C:\Users\U\Desktop\PROJECTS\MY PROJECTS\A
mazon-Websit-Project-\node_modules\react-d
om\cjs\react-dom.development.js:26473:7)
          at performConcurrentWorkOnRoot 
(C:\Users\U\Desktop\PROJECTS\MY PROJECTS\A
mazon-Websit-Project-\node_modules\react-d
om\cjs\react-dom.development.js:25777:74)
          at flushActQueue 
(C:\Users\U\Desktop\PROJECTS\MY PROJECTS\A
mazon-Websit-Project-\node_modules\react\c
js\react.development.js:2667:24)
          at act 
(C:\Users\U\Desktop\PROJECTS\MY PROJECTS\A
mazon-Websit-Project-\node_modules\react\c
js\react.development.js:2582:11)
          at 
C:\Users\U\Desktop\PROJECTS\MY PROJECTS\Am
azon-Websit-Project-\node_modules\@testing
-library\react\dist\act-compat.js:46:25
          at renderRoot 
(C:\Users\U\Desktop\PROJECTS\MY PROJECTS\A
mazon-Websit-Project-\node_modules\@testin
g-library\react\dist\pure.js:189:26)
          at render 
(C:\Users\U\Desktop\PROJECTS\MY PROJECTS\A
mazon-Websit-Project-\node_modules\@testin
g-library\react\dist\pure.js:291:10)
          at Object.<anonymous> 
(C:\Users\U\Desktop\PROJECTS\MY PROJECTS\A
mazon-Websit-Project-\src\components\__tes
ts__\Navbar.test.tsx:31:15)
          at Promise.finally.completed 
(C:\Users\U\Desktop\PROJECTS\MY PROJECTS\A
mazon-Websit-Project-\node_modules\jest-ci
rcus\build\jestAdapterInit.js:1557:28)
          at new Promise (<anonymous>)
          at callAsyncCircusFn 
(C:\Users\U\Desktop\PROJECTS\MY PROJECTS\A
mazon-Websit-Project-\node_modules\jest-ci
rcus\build\jestAdapterInit.js:1497:10)
          at _callCircusTest 
(C:\Users\U\Desktop\PROJECTS\MY PROJECTS\A
mazon-Websit-Project-\node_modules\jest-ci
rcus\build\jestAdapterInit.js:1007:40)
          at _runTest 
(C:\Users\U\Desktop\PROJECTS\MY PROJECTS\A
mazon-Websit-Project-\node_modules\jest-ci
rcus\build\jestAdapterInit.js:947:3)
          at 
C:\Users\U\Desktop\PROJECTS\MY PROJECTS\Am
azon-Websit-Project-\node_modules\jest-cir
cus\build\jestAdapterInit.js:849:7
          at _runTestsForDescribeBlock 
(C:\Users\U\Desktop\PROJECTS\MY PROJECTS\A
mazon-Websit-Project-\node_modules\jest-ci
rcus\build\jestAdapterInit.js:862:11)
          at _runTestsForDescribeBlock 
(C:\Users\U\Desktop\PROJECTS\MY PROJECTS\A
mazon-Websit-Project-\node_modules\jest-ci
rcus\build\jestAdapterInit.js:857:11)
          at run 
(C:\Users\U\Desktop\PROJECTS\MY PROJECTS\A
mazon-Websit-Project-\node_modules\jest-ci
rcus\build\jestAdapterInit.js:761:3)
          at 
runAndTransformResultsToJestFormat 
(C:\Users\U\Desktop\PROJECTS\MY PROJECTS\A
mazon-Websit-Project-\node_modules\jest-ci
rcus\build\jestAdapterInit.js:1918:21)
          at jestAdapter 
(C:\Users\U\Desktop\PROJECTS\MY PROJECTS\A
mazon-Websit-Project-\node_modules\jest-ci
rcus\build\runner.js:101:19)
          at runTestInternal 
(C:\Users\U\Desktop\PROJECTS\MY PROJECTS\A
mazon-Websit-Project-\node_modules\jest-ru
nner\build\index.js:275:16)
          at runTest 
(C:\Users\U\Desktop\PROJECTS\MY PROJECTS\A
mazon-Websit-Project-\node_modules\jest-ru
nner\build\index.js:343:7) {
        detail: Error: useCompare must be 
used within a CompareProvider
            at useCompare 
(C:\Users\U\Desktop\PROJECTS\MY PROJECTS\A
mazon-Websit-Project-\src\context\CompareC
ontext.tsx:173:15)
            at Navbar 
(C:\Users\U\Desktop\PROJECTS\MY PROJECTS\A
mazon-Websit-Project-\src\components\Navba
r.tsx:38:55)
            at renderWithHooks 
(C:\Users\U\Desktop\PROJECTS\MY PROJECTS\A
mazon-Websit-Project-\node_modules\react-d
om\cjs\react-dom.development.js:15486:18)
            at 
mountIndeterminateComponent 
(C:\Users\U\Desktop\PROJECTS\MY PROJECTS\A
mazon-Websit-Project-\node_modules\react-d
om\cjs\react-dom.development.js:20103:13)
            at beginWork 
(C:\Users\U\Desktop\PROJECTS\MY PROJECTS\A
mazon-Websit-Project-\node_modules\react-d
om\cjs\react-dom.development.js:21626:16)
            at 
HTMLUnknownElement.callCallback 
(C:\Users\U\Desktop\PROJECTS\MY PROJECTS\A
mazon-Websit-Project-\node_modules\react-d
om\cjs\react-dom.development.js:4164:14)
            at HTMLUnknownElement.callTheU
serObjectsOperation 
(C:\Users\U\Desktop\PROJECTS\MY PROJECTS\A
mazon-Websit-Project-\node_modules\jsdom\l
ib\jsdom\living\generated\EventListener.js
:26:30)
            at innerInvokeEventListeners 
(C:\Users\U\Desktop\PROJECTS\MY PROJECTS\A
mazon-Websit-Project-\node_modules\jsdom\l
ib\jsdom\living\events\EventTarget-impl.js
:350:25)
            at invokeEventListeners 
(C:\Users\U\Desktop\PROJECTS\MY PROJECTS\A
mazon-Websit-Project-\node_modules\jsdom\l
ib\jsdom\living\events\EventTarget-impl.js
:286:3)
            at 
HTMLUnknownElementImpl._dispatch 
(C:\Users\U\Desktop\PROJECTS\MY PROJECTS\A
mazon-Websit-Project-\node_modules\jsdom\l
ib\jsdom\living\events\EventTarget-impl.js
:233:9)
            at 
HTMLUnknownElementImpl.dispatchEvent 
(C:\Users\U\Desktop\PROJECTS\MY PROJECTS\A
mazon-Websit-Project-\node_modules\jsdom\l
ib\jsdom\living\events\EventTarget-impl.js
:104:17)
            at 
HTMLUnknownElement.dispatchEvent 
(C:\Users\U\Desktop\PROJECTS\MY PROJECTS\A
mazon-Websit-Project-\node_modules\jsdom\l
ib\jsdom\living\generated\EventTarget.js:2
41:34)
            at 
Object.invokeGuardedCallbackDev 
(C:\Users\U\Desktop\PROJECTS\MY PROJECTS\A
mazon-Websit-Project-\node_modules\react-d
om\cjs\react-dom.development.js:4213:16)
            at invokeGuardedCallback 
(C:\Users\U\Desktop\PROJECTS\MY PROJECTS\A
mazon-Websit-Project-\node_modules\react-d
om\cjs\react-dom.development.js:4277:31)
            at beginWork$1 
(C:\Users\U\Desktop\PROJECTS\MY PROJECTS\A
mazon-Websit-Project-\node_modules\react-d
om\cjs\react-dom.development.js:27490:7)
            at performUnitOfWork 
(C:\Users\U\Desktop\PROJECTS\MY PROJECTS\A
mazon-Websit-Project-\node_modules\react-d
om\cjs\react-dom.development.js:26599:12)
            at workLoopSync 
(C:\Users\U\Desktop\PROJECTS\MY PROJECTS\A
mazon-Websit-Project-\node_modules\react-d
om\cjs\react-dom.development.js:26505:5)
            at renderRootSync 
(C:\Users\U\Desktop\PROJECTS\MY PROJECTS\A
mazon-Websit-Project-\node_modules\react-d
om\cjs\react-dom.development.js:26473:7)
            at 
performConcurrentWorkOnRoot 
(C:\Users\U\Desktop\PROJECTS\MY PROJECTS\A
mazon-Websit-Project-\node_modules\react-d
om\cjs\react-dom.development.js:25777:74)
            at flushActQueue 
(C:\Users\U\Desktop\PROJECTS\MY PROJECTS\A
mazon-Websit-Project-\node_modules\react\c
js\react.development.js:2667:24)
            at act 
(C:\Users\U\Desktop\PROJECTS\MY PROJECTS\A
mazon-Websit-Project-\node_modules\react\c
js\react.development.js:2582:11)
            at 
C:\Users\U\Desktop\PROJECTS\MY PROJECTS\Am
azon-Websit-Project-\node_modules\@testing
-library\react\dist\act-compat.js:46:25
            at renderRoot 
(C:\Users\U\Desktop\PROJECTS\MY PROJECTS\A
mazon-Websit-Project-\node_modules\@testin
g-library\react\dist\pure.js:189:26)
            at render 
(C:\Users\U\Desktop\PROJECTS\MY PROJECTS\A
mazon-Websit-Project-\node_modules\@testin
g-library\react\dist\pure.js:291:10)
            at Object.<anonymous> 
(C:\Users\U\Desktop\PROJECTS\MY PROJECTS\A
mazon-Websit-Project-\src\components\__tes
ts__\Navbar.test.tsx:31:15)
            at Promise.finally.completed 
(C:\Users\U\Desktop\PROJECTS\MY PROJECTS\A
mazon-Websit-Project-\node_modules\jest-ci
rcus\build\jestAdapterInit.js:1557:28)
            at new Promise (<anonymous>)
            at callAsyncCircusFn 
(C:\Users\U\Desktop\PROJECTS\MY PROJECTS\A
mazon-Websit-Project-\node_modules\jest-ci
rcus\build\jestAdapterInit.js:1497:10)
            at _callCircusTest 
(C:\Users\U\Desktop\PROJECTS\MY PROJECTS\A
mazon-Websit-Project-\node_modules\jest-ci
rcus\build\jestAdapterInit.js:1007:40)
            at _runTest 
(C:\Users\U\Desktop\PROJECTS\MY PROJECTS\A
mazon-Websit-Project-\node_modules\jest-ci
rcus\build\jestAdapterInit.js:947:3)
            at 
C:\Users\U\Desktop\PROJECTS\MY PROJECTS\Am
azon-Websit-Project-\node_modules\jest-cir
cus\build\jestAdapterInit.js:849:7
            at _runTestsForDescribeBlock 
(C:\Users\U\Desktop\PROJECTS\MY PROJECTS\A
mazon-Websit-Project-\node_modules\jest-ci
rcus\build\jestAdapterInit.js:862:11)
            at _runTestsForDescribeBlock 
(C:\Users\U\Desktop\PROJECTS\MY PROJECTS\A
mazon-Websit-Project-\node_modules\jest-ci
rcus\build\jestAdapterInit.js:857:11)
            at run 
(C:\Users\U\Desktop\PROJECTS\MY PROJECTS\A
mazon-Websit-Project-\node_modules\jest-ci
rcus\build\jestAdapterInit.js:761:3)
            at 
runAndTransformResultsToJestFormat 
(C:\Users\U\Desktop\PROJECTS\MY PROJECTS\A
mazon-Websit-Project-\node_modules\jest-ci
rcus\build\jestAdapterInit.js:1918:21)
            at jestAdapter 
(C:\Users\U\Desktop\PROJECTS\MY PROJECTS\A
mazon-Websit-Project-\node_modules\jest-ci
rcus\build\runner.js:101:19)
            at runTestInternal 
(C:\Users\U\Desktop\PROJECTS\MY PROJECTS\A
mazon-Websit-Project-\node_modules\jest-ru
nner\build\index.js:275:16)
            at runTest 
(C:\Users\U\Desktop\PROJECTS\MY PROJECTS\A
mazon-Websit-Project-\node_modules\jest-ru
nner\build\index.js:343:7),
        type: 'unhandled exception'
      }

    [0m [90m 29 |[39m
     [90m 30 |[39m     it([32m'renders 
search input'[39m[33m,[39m () 
[33m=>[39m {
    [31m[1m>[22m[39m[90m 31 |[39m   
      render([33m<[39m[33mNavbar[39m 
locale[33m=[39m[32m"en"[39m 
[33m/[39m[33m>[39m)[33m;[39m
     [90m    |[39m               
[31m[1m^[22m[39m
     [90m 32 |[39m         expect(screen
[33m.[39mgetByPlaceholderText([32m'Sear
ch products...'[39m))[33m.[39mtoBeInThe
Document()[33m;[39m
     [90m 33 |[39m     })[33m;[39m
     [90m 34 |[39m[0m

      at VirtualConsole.<anonymous> (node_
modules/@jest/environment-jsdom-abstract/b
uild/index.js:87:23)
      at reportException (node_modules/jsd
om/lib/jsdom/living/helpers/runtime-script
-errors.js:70:28)
      at innerInvokeEventListeners (node_m
odules/jsdom/lib/jsdom/living/events/Event
Target-impl.js:353:9)
      at invokeEventListeners (node_module
s/jsdom/lib/jsdom/living/events/EventTarge
t-impl.js:286:3)
      at HTMLUnknownElementImpl._dispatch 
(node_modules/jsdom/lib/jsdom/living/event
s/EventTarget-impl.js:233:9)
      at 
HTMLUnknownElementImpl.dispatchEvent (node
_modules/jsdom/lib/jsdom/living/events/Eve
ntTarget-impl.js:104:17)
      at HTMLUnknownElement.dispatchEvent 
(node_modules/jsdom/lib/jsdom/living/gener
ated/EventTarget.js:241:34)
      at Object.invokeGuardedCallbackDev (
node_modules/react-dom/cjs/react-dom.devel
opment.js:4213:16)
      at invokeGuardedCallback (node_modul
es/react-dom/cjs/react-dom.development.js:
4277:31)
      at beginWork$1 (node_modules/react-d
om/cjs/react-dom.development.js:27490:7)
      at performUnitOfWork (node_modules/r
eact-dom/cjs/react-dom.development.js:2659
9:12)
      at workLoopSync (node_modules/react-
dom/cjs/react-dom.development.js:26505:5)
      at renderRootSync (node_modules/reac
t-dom/cjs/react-dom.development.js:26473:7
)
      at performConcurrentWorkOnRoot (node
_modules/react-dom/cjs/react-dom.developme
nt.js:25777:74)
      at flushActQueue (node_modules/react
/cjs/react.development.js:2667:24)
      at act (node_modules/react/cjs/react
.development.js:2582:11)
      at node_modules/@testing-library/rea
ct/dist/act-compat.js:46:25
      at renderRoot (node_modules/@testing
-library/react/dist/pure.js:189:26)
      at render (node_modules/@testing-lib
rary/react/dist/pure.js:291:10)
      at Object.<anonymous> (src/component
s/__tests__/Navbar.test.tsx:31:15)

    console.error
      Error: Uncaught [Error: useCompare 
must be used within a CompareProvider]
          at reportException 
(C:\Users\U\Desktop\PROJECTS\MY PROJECTS\A
mazon-Websit-Project-\node_modules\jsdom\l
ib\jsdom\living\helpers\runtime-script-err
ors.js:66:24)
          at innerInvokeEventListeners 
(C:\Users\U\Desktop\PROJECTS\MY PROJECTS\A
mazon-Websit-Project-\node_modules\jsdom\l
ib\jsdom\living\events\EventTarget-impl.js
:353:9)
          at invokeEventListeners 
(C:\Users\U\Desktop\PROJECTS\MY PROJECTS\A
mazon-Websit-Project-\node_modules\jsdom\l
ib\jsdom\living\events\EventTarget-impl.js
:286:3)
          at 
HTMLUnknownElementImpl._dispatch 
(C:\Users\U\Desktop\PROJECTS\MY PROJECTS\A
mazon-Websit-Project-\node_modules\jsdom\l
ib\jsdom\living\events\EventTarget-impl.js
:233:9)
          at 
HTMLUnknownElementImpl.dispatchEvent 
(C:\Users\U\Desktop\PROJECTS\MY PROJECTS\A
mazon-Websit-Project-\node_modules\jsdom\l
ib\jsdom\living\events\EventTarget-impl.js
:104:17)
          at 
HTMLUnknownElement.dispatchEvent 
(C:\Users\U\Desktop\PROJECTS\MY PROJECTS\A
mazon-Websit-Project-\node_modules\jsdom\l
ib\jsdom\living\generated\EventTarget.js:2
41:34)
          at 
Object.invokeGuardedCallbackDev 
(C:\Users\U\Desktop\PROJECTS\MY PROJECTS\A
mazon-Websit-Project-\node_modules\react-d
om\cjs\react-dom.development.js:4213:16)
          at invokeGuardedCallback 
(C:\Users\U\Desktop\PROJECTS\MY PROJECTS\A
mazon-Websit-Project-\node_modules\react-d
om\cjs\react-dom.development.js:4277:31)
          at beginWork$1 
(C:\Users\U\Desktop\PROJECTS\MY PROJECTS\A
mazon-Websit-Project-\node_modules\react-d
om\cjs\react-dom.development.js:27490:7)
          at performUnitOfWork 
(C:\Users\U\Desktop\PROJECTS\MY PROJECTS\A
mazon-Websit-Project-\node_modules\react-d
om\cjs\react-dom.development.js:26599:12)
          at workLoopSync 
(C:\Users\U\Desktop\PROJECTS\MY PROJECTS\A
mazon-Websit-Project-\node_modules\react-d
om\cjs\react-dom.development.js:26505:5)
          at renderRootSync 
(C:\Users\U\Desktop\PROJECTS\MY PROJECTS\A
mazon-Websit-Project-\node_modules\react-d
om\cjs\react-dom.development.js:26473:7)
          at recoverFromConcurrentError 
(C:\Users\U\Desktop\PROJECTS\MY PROJECTS\A
mazon-Websit-Project-\node_modules\react-d
om\cjs\react-dom.development.js:25889:20)
          at performConcurrentWorkOnRoot 
(C:\Users\U\Desktop\PROJECTS\MY PROJECTS\A
mazon-Websit-Project-\node_modules\react-d
om\cjs\react-dom.development.js:25789:22)
          at flushActQueue 
(C:\Users\U\Desktop\PROJECTS\MY PROJECTS\A
mazon-Websit-Project-\node_modules\react\c
js\react.development.js:2667:24)
          at act 
(C:\Users\U\Desktop\PROJECTS\MY PROJECTS\A
mazon-Websit-Project-\node_modules\react\c
js\react.development.js:2582:11)
          at 
C:\Users\U\Desktop\PROJECTS\MY PROJECTS\Am
azon-Websit-Project-\node_modules\@testing
-library\react\dist\act-compat.js:46:25
          at renderRoot 
(C:\Users\U\Desktop\PROJECTS\MY PROJECTS\A
mazon-Websit-Project-\node_modules\@testin
g-library\react\dist\pure.js:189:26)
          at render 
(C:\Users\U\Desktop\PROJECTS\MY PROJECTS\A
mazon-Websit-Project-\node_modules\@testin
g-library\react\dist\pure.js:291:10)
          at Object.<anonymous> 
(C:\Users\U\Desktop\PROJECTS\MY PROJECTS\A
mazon-Websit-Project-\src\components\__tes
ts__\Navbar.test.tsx:31:15)
          at Promise.finally.completed 
(C:\Users\U\Desktop\PROJECTS\MY PROJECTS\A
mazon-Websit-Project-\node_modules\jest-ci
rcus\build\jestAdapterInit.js:1557:28)
          at new Promise (<anonymous>)
          at callAsyncCircusFn 
(C:\Users\U\Desktop\PROJECTS\MY PROJECTS\A
mazon-Websit-Project-\node_modules\jest-ci
rcus\build\jestAdapterInit.js:1497:10)
          at _callCircusTest 
(C:\Users\U\Desktop\PROJECTS\MY PROJECTS\A
mazon-Websit-Project-\node_modules\jest-ci
rcus\build\jestAdapterInit.js:1007:40)
          at _runTest 
(C:\Users\U\Desktop\PROJECTS\MY PROJECTS\A
mazon-Websit-Project-\node_modules\jest-ci
rcus\build\jestAdapterInit.js:947:3)
          at 
C:\Users\U\Desktop\PROJECTS\MY PROJECTS\Am
azon-Websit-Project-\node_modules\jest-cir
cus\build\jestAdapterInit.js:849:7
          at _runTestsForDescribeBlock 
(C:\Users\U\Desktop\PROJECTS\MY PROJECTS\A
mazon-Websit-Project-\node_modules\jest-ci
rcus\build\jestAdapterInit.js:862:11)
          at _runTestsForDescribeBlock 
(C:\Users\U\Desktop\PROJECTS\MY PROJECTS\A
mazon-Websit-Project-\node_modules\jest-ci
rcus\build\jestAdapterInit.js:857:11)
          at run 
(C:\Users\U\Desktop\PROJECTS\MY PROJECTS\A
mazon-Websit-Project-\node_modules\jest-ci
rcus\build\jestAdapterInit.js:761:3)
          at 
runAndTransformResultsToJestFormat 
(C:\Users\U\Desktop\PROJECTS\MY PROJECTS\A
mazon-Websit-Project-\node_modules\jest-ci
rcus\build\jestAdapterInit.js:1918:21)
          at jestAdapter 
(C:\Users\U\Desktop\PROJECTS\MY PROJECTS\A
mazon-Websit-Project-\node_modules\jest-ci
rcus\build\runner.js:101:19)
          at runTestInternal 
(C:\Users\U\Desktop\PROJECTS\MY PROJECTS\A
mazon-Websit-Project-\node_modules\jest-ru
nner\build\index.js:275:16)
          at runTest 
(C:\Users\U\Desktop\PROJECTS\MY PROJECTS\A
mazon-Websit-Project-\node_modules\jest-ru
nner\build\index.js:343:7) {
        detail: Error: useCompare must be 
used within a CompareProvider
            at useCompare 
(C:\Users\U\Desktop\PROJECTS\MY PROJECTS\A
mazon-Websit-Project-\src\context\CompareC
ontext.tsx:173:15)
            at Navbar 
(C:\Users\U\Desktop\PROJECTS\MY PROJECTS\A
mazon-Websit-Project-\src\components\Navba
r.tsx:38:55)
            at renderWithHooks 
(C:\Users\U\Desktop\PROJECTS\MY PROJECTS\A
mazon-Websit-Project-\node_modules\react-d
om\cjs\react-dom.development.js:15486:18)
            at 
mountIndeterminateComponent 
(C:\Users\U\Desktop\PROJECTS\MY PROJECTS\A
mazon-Websit-Project-\node_modules\react-d
om\cjs\react-dom.development.js:20103:13)
            at beginWork 
(C:\Users\U\Desktop\PROJECTS\MY PROJECTS\A
mazon-Websit-Project-\node_modules\react-d
om\cjs\react-dom.development.js:21626:16)
            at 
HTMLUnknownElement.callCallback 
(C:\Users\U\Desktop\PROJECTS\MY PROJECTS\A
mazon-Websit-Project-\node_modules\react-d
om\cjs\react-dom.development.js:4164:14)
            at HTMLUnknownElement.callTheU
serObjectsOperation 
(C:\Users\U\Desktop\PROJECTS\MY PROJECTS\A
mazon-Websit-Project-\node_modules\jsdom\l
ib\jsdom\living\generated\EventListener.js
:26:30)
            at innerInvokeEventListeners 
(C:\Users\U\Desktop\PROJECTS\MY PROJECTS\A
mazon-Websit-Project-\node_modules\jsdom\l
ib\jsdom\living\events\EventTarget-impl.js
:350:25)
            at invokeEventListeners 
(C:\Users\U\Desktop\PROJECTS\MY PROJECTS\A
mazon-Websit-Project-\node_modules\jsdom\l
ib\jsdom\living\events\EventTarget-impl.js
:286:3)
            at 
HTMLUnknownElementImpl._dispatch 
(C:\Users\U\Desktop\PROJECTS\MY PROJECTS\A
mazon-Websit-Project-\node_modules\jsdom\l
ib\jsdom\living\events\EventTarget-impl.js
:233:9)
            at 
HTMLUnknownElementImpl.dispatchEvent 
(C:\Users\U\Desktop\PROJECTS\MY PROJECTS\A
mazon-Websit-Project-\node_modules\jsdom\l
ib\jsdom\living\events\EventTarget-impl.js
:104:17)
            at 
HTMLUnknownElement.dispatchEvent 
(C:\Users\U\Desktop\PROJECTS\MY PROJECTS\A
mazon-Websit-Project-\node_modules\jsdom\l
ib\jsdom\living\generated\EventTarget.js:2
41:34)
            at 
Object.invokeGuardedCallbackDev 
(C:\Users\U\Desktop\PROJECTS\MY PROJECTS\A
mazon-Websit-Project-\node_modules\react-d
om\cjs\react-dom.development.js:4213:16)
            at invokeGuardedCallback 
(C:\Users\U\Desktop\PROJECTS\MY PROJECTS\A
mazon-Websit-Project-\node_modules\react-d
om\cjs\react-dom.development.js:4277:31)
            at beginWork$1 
(C:\Users\U\Desktop\PROJECTS\MY PROJECTS\A
mazon-Websit-Project-\node_modules\react-d
om\cjs\react-dom.development.js:27490:7)
            at performUnitOfWork 
(C:\Users\U\Desktop\PROJECTS\MY PROJECTS\A
mazon-Websit-Project-\node_modules\react-d
om\cjs\react-dom.development.js:26599:12)
            at workLoopSync 
(C:\Users\U\Desktop\PROJECTS\MY PROJECTS\A
mazon-Websit-Project-\node_modules\react-d
om\cjs\react-dom.development.js:26505:5)
            at renderRootSync 
(C:\Users\U\Desktop\PROJECTS\MY PROJECTS\A
mazon-Websit-Project-\node_modules\react-d
om\cjs\react-dom.development.js:26473:7)
            at recoverFromConcurrentError 
(C:\Users\U\Desktop\PROJECTS\MY PROJECTS\A
mazon-Websit-Project-\node_modules\react-d
om\cjs\react-dom.development.js:25889:20)
            at 
performConcurrentWorkOnRoot 
(C:\Users\U\Desktop\PROJECTS\MY PROJECTS\A
mazon-Websit-Project-\node_modules\react-d
om\cjs\react-dom.development.js:25789:22)
            at flushActQueue 
(C:\Users\U\Desktop\PROJECTS\MY PROJECTS\A
mazon-Websit-Project-\node_modules\react\c
js\react.development.js:2667:24)
            at act 
(C:\Users\U\Desktop\PROJECTS\MY PROJECTS\A
mazon-Websit-Project-\node_modules\react\c
js\react.development.js:2582:11)
            at 
C:\Users\U\Desktop\PROJECTS\MY PROJECTS\Am
azon-Websit-Project-\node_modules\@testing
-library\react\dist\act-compat.js:46:25
            at renderRoot 
(C:\Users\U\Desktop\PROJECTS\MY PROJECTS\A
mazon-Websit-Project-\node_modules\@testin
g-library\react\dist\pure.js:189:26)
            at render 
(C:\Users\U\Desktop\PROJECTS\MY PROJECTS\A
mazon-Websit-Project-\node_modules\@testin
g-library\react\dist\pure.js:291:10)
            at Object.<anonymous> 
(C:\Users\U\Desktop\PROJECTS\MY PROJECTS\A
mazon-Websit-Project-\src\components\__tes
ts__\Navbar.test.tsx:31:15)
            at Promise.finally.completed 
(C:\Users\U\Desktop\PROJECTS\MY PROJECTS\A
mazon-Websit-Project-\node_modules\jest-ci
rcus\build\jestAdapterInit.js:1557:28)
            at new Promise (<anonymous>)
            at callAsyncCircusFn 
(C:\Users\U\Desktop\PROJECTS\MY PROJECTS\A
mazon-Websit-Project-\node_modules\jest-ci
rcus\build\jestAdapterInit.js:1497:10)
            at _callCircusTest 
(C:\Users\U\Desktop\PROJECTS\MY PROJECTS\A
mazon-Websit-Project-\node_modules\jest-ci
rcus\build\jestAdapterInit.js:1007:40)
            at _runTest 
(C:\Users\U\Desktop\PROJECTS\MY PROJECTS\A
mazon-Websit-Project-\node_modules\jest-ci
rcus\build\jestAdapterInit.js:947:3)
            at 
C:\Users\U\Desktop\PROJECTS\MY PROJECTS\Am
azon-Websit-Project-\node_modules\jest-cir
cus\build\jestAdapterInit.js:849:7
            at _runTestsForDescribeBlock 
(C:\Users\U\Desktop\PROJECTS\MY PROJECTS\A
mazon-Websit-Project-\node_modules\jest-ci
rcus\build\jestAdapterInit.js:862:11)
            at _runTestsForDescribeBlock 
(C:\Users\U\Desktop\PROJECTS\MY PROJECTS\A
mazon-Websit-Project-\node_modules\jest-ci
rcus\build\jestAdapterInit.js:857:11)
            at run 
(C:\Users\U\Desktop\PROJECTS\MY PROJECTS\A
mazon-Websit-Project-\node_modules\jest-ci
rcus\build\jestAdapterInit.js:761:3)
            at 
runAndTransformResultsToJestFormat 
(C:\Users\U\Desktop\PROJECTS\MY PROJECTS\A
mazon-Websit-Project-\node_modules\jest-ci
rcus\build\jestAdapterInit.js:1918:21)
            at jestAdapter 
(C:\Users\U\Desktop\PROJECTS\MY PROJECTS\A
mazon-Websit-Project-\node_modules\jest-ci
rcus\build\runner.js:101:19)
            at runTestInternal 
(C:\Users\U\Desktop\PROJECTS\MY PROJECTS\A
mazon-Websit-Project-\node_modules\jest-ru
nner\build\index.js:275:16)
            at runTest 
(C:\Users\U\Desktop\PROJECTS\MY PROJECTS\A
mazon-Websit-Project-\node_modules\jest-ru
nner\build\index.js:343:7),
        type: 'unhandled exception'
      }

    [0m [90m 29 |[39m
     [90m 30 |[39m     it([32m'renders 
search input'[39m[33m,[39m () 
[33m=>[39m {
    [31m[1m>[22m[39m[90m 31 |[39m   
      render([33m<[39m[33mNavbar[39m 
locale[33m=[39m[32m"en"[39m 
[33m/[39m[33m>[39m)[33m;[39m
     [90m    |[39m               
[31m[1m^[22m[39m
     [90m 32 |[39m         expect(screen
[33m.[39mgetByPlaceholderText([32m'Sear
ch products...'[39m))[33m.[39mtoBeInThe
Document()[33m;[39m
     [90m 33 |[39m     })[33m;[39m
     [90m 34 |[39m[0m

      at VirtualConsole.<anonymous> (node_
modules/@jest/environment-jsdom-abstract/b
uild/index.js:87:23)
      at reportException (node_modules/jsd
om/lib/jsdom/living/helpers/runtime-script
-errors.js:70:28)
      at innerInvokeEventListeners (node_m
odules/jsdom/lib/jsdom/living/events/Event
Target-impl.js:353:9)
      at invokeEventListeners (node_module
s/jsdom/lib/jsdom/living/events/EventTarge
t-impl.js:286:3)
      at HTMLUnknownElementImpl._dispatch 
(node_modules/jsdom/lib/jsdom/living/event
s/EventTarget-impl.js:233:9)
      at 
HTMLUnknownElementImpl.dispatchEvent (node
_modules/jsdom/lib/jsdom/living/events/Eve
ntTarget-impl.js:104:17)
      at HTMLUnknownElement.dispatchEvent 
(node_modules/jsdom/lib/jsdom/living/gener
ated/EventTarget.js:241:34)
      at Object.invokeGuardedCallbackDev (
node_modules/react-dom/cjs/react-dom.devel
opment.js:4213:16)
      at invokeGuardedCallback (node_modul
es/react-dom/cjs/react-dom.development.js:
4277:31)
      at beginWork$1 (node_modules/react-d
om/cjs/react-dom.development.js:27490:7)
      at performUnitOfWork (node_modules/r
eact-dom/cjs/react-dom.development.js:2659
9:12)
      at workLoopSync (node_modules/react-
dom/cjs/react-dom.development.js:26505:5)
      at renderRootSync (node_modules/reac
t-dom/cjs/react-dom.development.js:26473:7
)
      at recoverFromConcurrentError (node_
modules/react-dom/cjs/react-dom.developmen
t.js:25889:20)
      at performConcurrentWorkOnRoot (node
_modules/react-dom/cjs/react-dom.developme
nt.js:25789:22)
      at flushActQueue (node_modules/react
/cjs/react.development.js:2667:24)
      at act (node_modules/react/cjs/react
.development.js:2582:11)
      at node_modules/@testing-library/rea
ct/dist/act-compat.js:46:25
      at renderRoot (node_modules/@testing
-library/react/dist/pure.js:189:26)
      at render (node_modules/@testing-lib
rary/react/dist/pure.js:291:10)
      at Object.<anonymous> (src/component
s/__tests__/Navbar.test.tsx:31:15)

    console.error
      The above error occurred in the 
<Navbar> component:
      
          at locale 
(C:\Users\U\Desktop\PROJECTS\MY PROJECTS\A
mazon-Websit-Project-\src\components\Navba
r.tsx:31:34)
      
      Consider adding an error boundary 
to your tree to customize error handling 
behavior.
      Visit 
https://reactjs.org/link/error-boundaries 
to learn more about error boundaries.

    [0m [90m 29 |[39m
     [90m 30 |[39m     it([32m'renders 
search input'[39m[33m,[39m () 
[33m=>[39m {
    [31m[1m>[22m[39m[90m 31 |[39m   
      render([33m<[39m[33mNavbar[39m 
locale[33m=[39m[32m"en"[39m 
[33m/[39m[33m>[39m)[33m;[39m
     [90m    |[39m               
[31m[1m^[22m[39m
     [90m 32 |[39m         expect(screen
[33m.[39mgetByPlaceholderText([32m'Sear
ch products...'[39m))[33m.[39mtoBeInThe
Document()[33m;[39m
     [90m 33 |[39m     })[33m;[39m
     [90m 34 |[39m[0m

      at logCapturedError (node_modules/re
act-dom/cjs/react-dom.development.js:18704
:23)
      at update.callback (node_modules/rea
ct-dom/cjs/react-dom.development.js:18737:
5)
      at callCallback (node_modules/react-
dom/cjs/react-dom.development.js:15036:12)
      at commitUpdateQueue (node_modules/r
eact-dom/cjs/react-dom.development.js:1505
7:9)
      at commitLayoutEffectOnFiber (node_m
odules/react-dom/cjs/react-dom.development
.js:23430:13)
      at 
commitLayoutMountEffects_complete (node_mo
dules/react-dom/cjs/react-dom.development.
js:24727:9)
      at commitLayoutEffects_begin (node_m
odules/react-dom/cjs/react-dom.development
.js:24713:7)
      at commitLayoutEffects (node_modules
/react-dom/cjs/react-dom.development.js:24
651:3)
      at commitRootImpl (node_modules/reac
t-dom/cjs/react-dom.development.js:26862:5
)
      at commitRoot (node_modules/react-do
m/cjs/react-dom.development.js:26721:5)
      at finishConcurrentRender (node_modu
les/react-dom/cjs/react-dom.development.js
:25931:9)
      at performConcurrentWorkOnRoot (node
_modules/react-dom/cjs/react-dom.developme
nt.js:25848:7)
      at flushActQueue (node_modules/react
/cjs/react.development.js:2667:24)
      at act (node_modules/react/cjs/react
.development.js:2582:11)
      at node_modules/@testing-library/rea
ct/dist/act-compat.js:46:25
      at renderRoot (node_modules/@testing
-library/react/dist/pure.js:189:26)
      at render (node_modules/@testing-lib
rary/react/dist/pure.js:291:10)
      at Object.<anonymous> (src/component
s/__tests__/Navbar.test.tsx:31:15)

    console.error
      Error: Uncaught [Error: useCompare 
must be used within a CompareProvider]
          at reportException 
(C:\Users\U\Desktop\PROJECTS\MY PROJECTS\A
mazon-Websit-Project-\node_modules\jsdom\l
ib\jsdom\living\helpers\runtime-script-err
ors.js:66:24)
          at innerInvokeEventListeners 
(C:\Users\U\Desktop\PROJECTS\MY PROJECTS\A
mazon-Websit-Project-\node_modules\jsdom\l
ib\jsdom\living\events\EventTarget-impl.js
:353:9)
          at invokeEventListeners 
(C:\Users\U\Desktop\PROJECTS\MY PROJECTS\A
mazon-Websit-Project-\node_modules\jsdom\l
ib\jsdom\living\events\EventTarget-impl.js
:286:3)
          at 
HTMLUnknownElementImpl._dispatch 
(C:\Users\U\Desktop\PROJECTS\MY PROJECTS\A
mazon-Websit-Project-\node_modules\jsdom\l
ib\jsdom\living\events\EventTarget-impl.js
:233:9)
          at 
HTMLUnknownElementImpl.dispatchEvent 
(C:\Users\U\Desktop\PROJECTS\MY PROJECTS\A
mazon-Websit-Project-\node_modules\jsdom\l
ib\jsdom\living\events\EventTarget-impl.js
:104:17)
          at 
HTMLUnknownElement.dispatchEvent 
(C:\Users\U\Desktop\PROJECTS\MY PROJECTS\A
mazon-Websit-Project-\node_modules\jsdom\l
ib\jsdom\living\generated\EventTarget.js:2
41:34)
          at 
Object.invokeGuardedCallbackDev 
(C:\Users\U\Desktop\PROJECTS\MY PROJECTS\A
mazon-Websit-Project-\node_modules\react-d
om\cjs\react-dom.development.js:4213:16)
          at invokeGuardedCallback 
(C:\Users\U\Desktop\PROJECTS\MY PROJECTS\A
mazon-Websit-Project-\node_modules\react-d
om\cjs\react-dom.development.js:4277:31)
          at beginWork$1 
(C:\Users\U\Desktop\PROJECTS\MY PROJECTS\A
mazon-Websit-Project-\node_modules\react-d
om\cjs\react-dom.development.js:27490:7)
          at performUnitOfWork 
(C:\Users\U\Desktop\PROJECTS\MY PROJECTS\A
mazon-Websit-Project-\node_modules\react-d
om\cjs\react-dom.development.js:26599:12)
          at workLoopSync 
(C:\Users\U\Desktop\PROJECTS\MY PROJECTS\A
mazon-Websit-Project-\node_modules\react-d
om\cjs\react-dom.development.js:26505:5)
          at renderRootSync 
(C:\Users\U\Desktop\PROJECTS\MY PROJECTS\A
mazon-Websit-Project-\node_modules\react-d
om\cjs\react-dom.development.js:26473:7)
          at performConcurrentWorkOnRoot 
(C:\Users\U\Desktop\PROJECTS\MY PROJECTS\A
mazon-Websit-Project-\node_modules\react-d
om\cjs\react-dom.development.js:25777:74)
          at flushActQueue 
(C:\Users\U\Desktop\PROJECTS\MY PROJECTS\A
mazon-Websit-Project-\node_modules\react\c
js\react.development.js:2667:24)
          at act 
(C:\Users\U\Desktop\PROJECTS\MY PROJECTS\A
mazon-Websit-Project-\node_modules\react\c
js\react.development.js:2582:11)
          at 
C:\Users\U\Desktop\PROJECTS\MY PROJECTS\Am
azon-Websit-Project-\node_modules\@testing
-library\react\dist\act-compat.js:46:25
          at renderRoot 
(C:\Users\U\Desktop\PROJECTS\MY PROJECTS\A
mazon-Websit-Project-\node_modules\@testin
g-library\react\dist\pure.js:189:26)
          at render 
(C:\Users\U\Desktop\PROJECTS\MY PROJECTS\A
mazon-Websit-Project-\node_modules\@testin
g-library\react\dist\pure.js:291:10)
          at Object.<anonymous> 
(C:\Users\U\Desktop\PROJECTS\MY PROJECTS\A
mazon-Websit-Project-\src\components\__tes
ts__\Navbar.test.tsx:36:15)
          at Promise.finally.completed 
(C:\Users\U\Desktop\PROJECTS\MY PROJECTS\A
mazon-Websit-Project-\node_modules\jest-ci
rcus\build\jestAdapterInit.js:1557:28)
          at new Promise (<anonymous>)
          at callAsyncCircusFn 
(C:\Users\U\Desktop\PROJECTS\MY PROJECTS\A
mazon-Websit-Project-\node_modules\jest-ci
rcus\build\jestAdapterInit.js:1497:10)
          at _callCircusTest 
(C:\Users\U\Desktop\PROJECTS\MY PROJECTS\A
mazon-Websit-Project-\node_modules\jest-ci
rcus\build\jestAdapterInit.js:1007:40)
          at _runTest 
(C:\Users\U\Desktop\PROJECTS\MY PROJECTS\A
mazon-Websit-Project-\node_modules\jest-ci
rcus\build\jestAdapterInit.js:947:3)
          at 
C:\Users\U\Desktop\PROJECTS\MY PROJECTS\Am
azon-Websit-Project-\node_modules\jest-cir
cus\build\jestAdapterInit.js:849:7
          at _runTestsForDescribeBlock 
(C:\Users\U\Desktop\PROJECTS\MY PROJECTS\A
mazon-Websit-Project-\node_modules\jest-ci
rcus\build\jestAdapterInit.js:862:11)
          at _runTestsForDescribeBlock 
(C:\Users\U\Desktop\PROJECTS\MY PROJECTS\A
mazon-Websit-Project-\node_modules\jest-ci
rcus\build\jestAdapterInit.js:857:11)
          at run 
(C:\Users\U\Desktop\PROJECTS\MY PROJECTS\A
mazon-Websit-Project-\node_modules\jest-ci
rcus\build\jestAdapterInit.js:761:3)
          at 
runAndTransformResultsToJestFormat 
(C:\Users\U\Desktop\PROJECTS\MY PROJECTS\A
mazon-Websit-Project-\node_modules\jest-ci
rcus\build\jestAdapterInit.js:1918:21)
          at jestAdapter 
(C:\Users\U\Desktop\PROJECTS\MY PROJECTS\A
mazon-Websit-Project-\node_modules\jest-ci
rcus\build\runner.js:101:19)
          at runTestInternal 
(C:\Users\U\Desktop\PROJECTS\MY PROJECTS\A
mazon-Websit-Project-\node_modules\jest-ru
nner\build\index.js:275:16)
          at runTest 
(C:\Users\U\Desktop\PROJECTS\MY PROJECTS\A
mazon-Websit-Project-\node_modules\jest-ru
nner\build\index.js:343:7) {
        detail: Error: useCompare must be 
used within a CompareProvider
            at useCompare 
(C:\Users\U\Desktop\PROJECTS\MY PROJECTS\A
mazon-Websit-Project-\src\context\CompareC
ontext.tsx:173:15)
            at Navbar 
(C:\Users\U\Desktop\PROJECTS\MY PROJECTS\A
mazon-Websit-Project-\src\components\Navba
r.tsx:38:55)
            at renderWithHooks 
(C:\Users\U\Desktop\PROJECTS\MY PROJECTS\A
mazon-Websit-Project-\node_modules\react-d
om\cjs\react-dom.development.js:15486:18)
            at 
mountIndeterminateComponent 
(C:\Users\U\Desktop\PROJECTS\MY PROJECTS\A
mazon-Websit-Project-\node_modules\react-d
om\cjs\react-dom.development.js:20103:13)
            at beginWork 
(C:\Users\U\Desktop\PROJECTS\MY PROJECTS\A
mazon-Websit-Project-\node_modules\react-d
om\cjs\react-dom.development.js:21626:16)
            at 
HTMLUnknownElement.callCallback 
(C:\Users\U\Desktop\PROJECTS\MY PROJECTS\A
mazon-Websit-Project-\node_modules\react-d
om\cjs\react-dom.development.js:4164:14)
            at HTMLUnknownElement.callTheU
serObjectsOperation 
(C:\Users\U\Desktop\PROJECTS\MY PROJECTS\A
mazon-Websit-Project-\node_modules\jsdom\l
ib\jsdom\living\generated\EventListener.js
:26:30)
            at innerInvokeEventListeners 
(C:\Users\U\Desktop\PROJECTS\MY PROJECTS\A
mazon-Websit-Project-\node_modules\jsdom\l
ib\jsdom\living\events\EventTarget-impl.js
:350:25)
            at invokeEventListeners 
(C:\Users\U\Desktop\PROJECTS\MY PROJECTS\A
mazon-Websit-Project-\node_modules\jsdom\l
ib\jsdom\living\events\EventTarget-impl.js
:286:3)
            at 
HTMLUnknownElementImpl._dispatch 
(C:\Users\U\Desktop\PROJECTS\MY PROJECTS\A
mazon-Websit-Project-\node_modules\jsdom\l
ib\jsdom\living\events\EventTarget-impl.js
:233:9)
            at 
HTMLUnknownElementImpl.dispatchEvent 
(C:\Users\U\Desktop\PROJECTS\MY PROJECTS\A
mazon-Websit-Project-\node_modules\jsdom\l
ib\jsdom\living\events\EventTarget-impl.js
:104:17)
            at 
HTMLUnknownElement.dispatchEvent 
(C:\Users\U\Desktop\PROJECTS\MY PROJECTS\A
mazon-Websit-Project-\node_modules\jsdom\l
ib\jsdom\living\generated\EventTarget.js:2
41:34)
            at 
Object.invokeGuardedCallbackDev 
(C:\Users\U\Desktop\PROJECTS\MY PROJECTS\A
mazon-Websit-Project-\node_modules\react-d
om\cjs\react-dom.development.js:4213:16)
            at invokeGuardedCallback 
(C:\Users\U\Desktop\PROJECTS\MY PROJECTS\A
mazon-Websit-Project-\node_modules\react-d
om\cjs\react-dom.development.js:4277:31)
            at beginWork$1 
(C:\Users\U\Desktop\PROJECTS\MY PROJECTS\A
mazon-Websit-Project-\node_modules\react-d
om\cjs\react-dom.development.js:27490:7)
            at performUnitOfWork 
(C:\Users\U\Desktop\PROJECTS\MY PROJECTS\A
mazon-Websit-Project-\node_modules\react-d
om\cjs\react-dom.development.js:26599:12)
            at workLoopSync 
(C:\Users\U\Desktop\PROJECTS\MY PROJECTS\A
mazon-Websit-Project-\node_modules\react-d
om\cjs\react-dom.development.js:26505:5)
            at renderRootSync 
(C:\Users\U\Desktop\PROJECTS\MY PROJECTS\A
mazon-Websit-Project-\node_modules\react-d
om\cjs\react-dom.development.js:26473:7)
            at 
performConcurrentWorkOnRoot 
(C:\Users\U\Desktop\PROJECTS\MY PROJECTS\A
mazon-Websit-Project-\node_modules\react-d
om\cjs\react-dom.development.js:25777:74)
            at flushActQueue 
(C:\Users\U\Desktop\PROJECTS\MY PROJECTS\A
mazon-Websit-Project-\node_modules\react\c
js\react.development.js:2667:24)
            at act 
(C:\Users\U\Desktop\PROJECTS\MY PROJECTS\A
mazon-Websit-Project-\node_modules\react\c
js\react.development.js:2582:11)
            at 
C:\Users\U\Desktop\PROJECTS\MY PROJECTS\Am
azon-Websit-Project-\node_modules\@testing
-library\react\dist\act-compat.js:46:25
            at renderRoot 
(C:\Users\U\Desktop\PROJECTS\MY PROJECTS\A
mazon-Websit-Project-\node_modules\@testin
g-library\react\dist\pure.js:189:26)
            at render 
(C:\Users\U\Desktop\PROJECTS\MY PROJECTS\A
mazon-Websit-Project-\node_modules\@testin
g-library\react\dist\pure.js:291:10)
            at Object.<anonymous> 
(C:\Users\U\Desktop\PROJECTS\MY PROJECTS\A
mazon-Websit-Project-\src\components\__tes
ts__\Navbar.test.tsx:36:15)
            at Promise.finally.completed 
(C:\Users\U\Desktop\PROJECTS\MY PROJECTS\A
mazon-Websit-Project-\node_modules\jest-ci
rcus\build\jestAdapterInit.js:1557:28)
            at new Promise (<anonymous>)
            at callAsyncCircusFn 
(C:\Users\U\Desktop\PROJECTS\MY PROJECTS\A
mazon-Websit-Project-\node_modules\jest-ci
rcus\build\jestAdapterInit.js:1497:10)
            at _callCircusTest 
(C:\Users\U\Desktop\PROJECTS\MY PROJECTS\A
mazon-Websit-Project-\node_modules\jest-ci
rcus\build\jestAdapterInit.js:1007:40)
            at _runTest 
(C:\Users\U\Desktop\PROJECTS\MY PROJECTS\A
mazon-Websit-Project-\node_modules\jest-ci
rcus\build\jestAdapterInit.js:947:3)
            at 
C:\Users\U\Desktop\PROJECTS\MY PROJECTS\Am
azon-Websit-Project-\node_modules\jest-cir
cus\build\jestAdapterInit.js:849:7
            at _runTestsForDescribeBlock 
(C:\Users\U\Desktop\PROJECTS\MY PROJECTS\A
mazon-Websit-Project-\node_modules\jest-ci
rcus\build\jestAdapterInit.js:862:11)
            at _runTestsForDescribeBlock 
(C:\Users\U\Desktop\PROJECTS\MY PROJECTS\A
mazon-Websit-Project-\node_modules\jest-ci
rcus\build\jestAdapterInit.js:857:11)
            at run 
(C:\Users\U\Desktop\PROJECTS\MY PROJECTS\A
mazon-Websit-Project-\node_modules\jest-ci
rcus\build\jestAdapterInit.js:761:3)
            at 
runAndTransformResultsToJestFormat 
(C:\Users\U\Desktop\PROJECTS\MY PROJECTS\A
mazon-Websit-Project-\node_modules\jest-ci
rcus\build\jestAdapterInit.js:1918:21)
            at jestAdapter 
(C:\Users\U\Desktop\PROJECTS\MY PROJECTS\A
mazon-Websit-Project-\node_modules\jest-ci
rcus\build\runner.js:101:19)
            at runTestInternal 
(C:\Users\U\Desktop\PROJECTS\MY PROJECTS\A
mazon-Websit-Project-\node_modules\jest-ru
nner\build\index.js:275:16)
            at runTest 
(C:\Users\U\Desktop\PROJECTS\MY PROJECTS\A
mazon-Websit-Project-\node_modules\jest-ru
nner\build\index.js:343:7),
        type: 'unhandled exception'
      }

    [0m [90m 34 |[39m
     [90m 35 |[39m     it([32m'renders 
How it Works link'[39m[33m,[39m () 
[33m=>[39m {
    [31m[1m>[22m[39m[90m 36 |[39m   
      render([33m<[39m[33mNavbar[39m 
locale[33m=[39m[32m"en"[39m 
[33m/[39m[33m>[39m)[33m;[39m
     [90m    |[39m               
[31m[1m^[22m[39m
     [90m 37 |[39m         expect(screen
[33m.[39mgetByText([32m'How it Works'[
39m))[33m.[39mtoBeInTheDocument()[33m;
[39m
     [90m 38 |[39m     })[33m;[39m
     [90m 39 |[39m })[33m;[39m[0m

      at VirtualConsole.<anonymous> (node_
modules/@jest/environment-jsdom-abstract/b
uild/index.js:87:23)
      at reportException (node_modules/jsd
om/lib/jsdom/living/helpers/runtime-script
-errors.js:70:28)
      at innerInvokeEventListeners (node_m
odules/jsdom/lib/jsdom/living/events/Event
Target-impl.js:353:9)
      at invokeEventListeners (node_module
s/jsdom/lib/jsdom/living/events/EventTarge
t-impl.js:286:3)
      at HTMLUnknownElementImpl._dispatch 
(node_modules/jsdom/lib/jsdom/living/event
s/EventTarget-impl.js:233:9)
      at 
HTMLUnknownElementImpl.dispatchEvent (node
_modules/jsdom/lib/jsdom/living/events/Eve
ntTarget-impl.js:104:17)
      at HTMLUnknownElement.dispatchEvent 
(node_modules/jsdom/lib/jsdom/living/gener
ated/EventTarget.js:241:34)
      at Object.invokeGuardedCallbackDev (
node_modules/react-dom/cjs/react-dom.devel
opment.js:4213:16)
      at invokeGuardedCallback (node_modul
es/react-dom/cjs/react-dom.development.js:
4277:31)
      at beginWork$1 (node_modules/react-d
om/cjs/react-dom.development.js:27490:7)
      at performUnitOfWork (node_modules/r
eact-dom/cjs/react-dom.development.js:2659
9:12)
      at workLoopSync (node_modules/react-
dom/cjs/react-dom.development.js:26505:5)
      at renderRootSync (node_modules/reac
t-dom/cjs/react-dom.development.js:26473:7
)
      at performConcurrentWorkOnRoot (node
_modules/react-dom/cjs/react-dom.developme
nt.js:25777:74)
      at flushActQueue (node_modules/react
/cjs/react.development.js:2667:24)
      at act (node_modules/react/cjs/react
.development.js:2582:11)
      at node_modules/@testing-library/rea
ct/dist/act-compat.js:46:25
      at renderRoot (node_modules/@testing
-library/react/dist/pure.js:189:26)
      at render (node_modules/@testing-lib
rary/react/dist/pure.js:291:10)
      at Object.<anonymous> (src/component
s/__tests__/Navbar.test.tsx:36:15)

    console.error
      Error: Uncaught [Error: useCompare 
must be used within a CompareProvider]
          at reportException 
(C:\Users\U\Desktop\PROJECTS\MY PROJECTS\A
mazon-Websit-Project-\node_modules\jsdom\l
ib\jsdom\living\helpers\runtime-script-err
ors.js:66:24)
          at innerInvokeEventListeners 
(C:\Users\U\Desktop\PROJECTS\MY PROJECTS\A
mazon-Websit-Project-\node_modules\jsdom\l
ib\jsdom\living\events\EventTarget-impl.js
:353:9)
          at invokeEventListeners 
(C:\Users\U\Desktop\PROJECTS\MY PROJECTS\A
mazon-Websit-Project-\node_modules\jsdom\l
ib\jsdom\living\events\EventTarget-impl.js
:286:3)
          at 
HTMLUnknownElementImpl._dispatch 
(C:\Users\U\Desktop\PROJECTS\MY PROJECTS\A
mazon-Websit-Project-\node_modules\jsdom\l
ib\jsdom\living\events\EventTarget-impl.js
:233:9)
          at 
HTMLUnknownElementImpl.dispatchEvent 
(C:\Users\U\Desktop\PROJECTS\MY PROJECTS\A
mazon-Websit-Project-\node_modules\jsdom\l
ib\jsdom\living\events\EventTarget-impl.js
:104:17)
          at 
HTMLUnknownElement.dispatchEvent 
(C:\Users\U\Desktop\PROJECTS\MY PROJECTS\A
mazon-Websit-Project-\node_modules\jsdom\l
ib\jsdom\living\generated\EventTarget.js:2
41:34)
          at 
Object.invokeGuardedCallbackDev 
(C:\Users\U\Desktop\PROJECTS\MY PROJECTS\A
mazon-Websit-Project-\node_modules\react-d
om\cjs\react-dom.development.js:4213:16)
          at invokeGuardedCallback 
(C:\Users\U\Desktop\PROJECTS\MY PROJECTS\A
mazon-Websit-Project-\node_modules\react-d
om\cjs\react-dom.development.js:4277:31)
          at beginWork$1 
(C:\Users\U\Desktop\PROJECTS\MY PROJECTS\A
mazon-Websit-Project-\node_modules\react-d
om\cjs\react-dom.development.js:27490:7)
          at performUnitOfWork 
(C:\Users\U\Desktop\PROJECTS\MY PROJECTS\A
mazon-Websit-Project-\node_modules\react-d
om\cjs\react-dom.development.js:26599:12)
          at workLoopSync 
(C:\Users\U\Desktop\PROJECTS\MY PROJECTS\A
mazon-Websit-Project-\node_modules\react-d
om\cjs\react-dom.development.js:26505:5)
          at renderRootSync 
(C:\Users\U\Desktop\PROJECTS\MY PROJECTS\A
mazon-Websit-Project-\node_modules\react-d
om\cjs\react-dom.development.js:26473:7)
          at recoverFromConcurrentError 
(C:\Users\U\Desktop\PROJECTS\MY PROJECTS\A
mazon-Websit-Project-\node_modules\react-d
om\cjs\react-dom.development.js:25889:20)
          at performConcurrentWorkOnRoot 
(C:\Users\U\Desktop\PROJECTS\MY PROJECTS\A
mazon-Websit-Project-\node_modules\react-d
om\cjs\react-dom.development.js:25789:22)
          at flushActQueue 
(C:\Users\U\Desktop\PROJECTS\MY PROJECTS\A
mazon-Websit-Project-\node_modules\react\c
js\react.development.js:2667:24)
          at act 
(C:\Users\U\Desktop\PROJECTS\MY PROJECTS\A
mazon-Websit-Project-\node_modules\react\c
js\react.development.js:2582:11)
          at 
C:\Users\U\Desktop\PROJECTS\MY PROJECTS\Am
azon-Websit-Project-\node_modules\@testing
-library\react\dist\act-compat.js:46:25
          at renderRoot 
(C:\Users\U\Desktop\PROJECTS\MY PROJECTS\A
mazon-Websit-Project-\node_modules\@testin
g-library\react\dist\pure.js:189:26)
          at render 
(C:\Users\U\Desktop\PROJECTS\MY PROJECTS\A
mazon-Websit-Project-\node_modules\@testin
g-library\react\dist\pure.js:291:10)
          at Object.<anonymous> 
(C:\Users\U\Desktop\PROJECTS\MY PROJECTS\A
mazon-Websit-Project-\src\components\__tes
ts__\Navbar.test.tsx:36:15)
          at Promise.finally.completed 
(C:\Users\U\Desktop\PROJECTS\MY PROJECTS\A
mazon-Websit-Project-\node_modules\jest-ci
rcus\build\jestAdapterInit.js:1557:28)
          at new Promise (<anonymous>)
          at callAsyncCircusFn 
(C:\Users\U\Desktop\PROJECTS\MY PROJECTS\A
mazon-Websit-Project-\node_modules\jest-ci
rcus\build\jestAdapterInit.js:1497:10)
          at _callCircusTest 
(C:\Users\U\Desktop\PROJECTS\MY PROJECTS\A
mazon-Websit-Project-\node_modules\jest-ci
rcus\build\jestAdapterInit.js:1007:40)
          at _runTest 
(C:\Users\U\Desktop\PROJECTS\MY PROJECTS\A
mazon-Websit-Project-\node_modules\jest-ci
rcus\build\jestAdapterInit.js:947:3)
          at 
C:\Users\U\Desktop\PROJECTS\MY PROJECTS\Am
azon-Websit-Project-\node_modules\jest-cir
cus\build\jestAdapterInit.js:849:7
          at _runTestsForDescribeBlock 
(C:\Users\U\Desktop\PROJECTS\MY PROJECTS\A
mazon-Websit-Project-\node_modules\jest-ci
rcus\build\jestAdapterInit.js:862:11)
          at _runTestsForDescribeBlock 
(C:\Users\U\Desktop\PROJECTS\MY PROJECTS\A
mazon-Websit-Project-\node_modules\jest-ci
rcus\build\jestAdapterInit.js:857:11)
          at run 
(C:\Users\U\Desktop\PROJECTS\MY PROJECTS\A
mazon-Websit-Project-\node_modules\jest-ci
rcus\build\jestAdapterInit.js:761:3)
          at 
runAndTransformResultsToJestFormat 
(C:\Users\U\Desktop\PROJECTS\MY PROJECTS\A
mazon-Websit-Project-\node_modules\jest-ci
rcus\build\jestAdapterInit.js:1918:21)
          at jestAdapter 
(C:\Users\U\Desktop\PROJECTS\MY PROJECTS\A
mazon-Websit-Project-\node_modules\jest-ci
rcus\build\runner.js:101:19)
          at runTestInternal 
(C:\Users\U\Desktop\PROJECTS\MY PROJECTS\A
mazon-Websit-Project-\node_modules\jest-ru
nner\build\index.js:275:16)
          at runTest 
(C:\Users\U\Desktop\PROJECTS\MY PROJECTS\A
mazon-Websit-Project-\node_modules\jest-ru
nner\build\index.js:343:7) {
        detail: Error: useCompare must be 
used within a CompareProvider
            at useCompare 
(C:\Users\U\Desktop\PROJECTS\MY PROJECTS\A
mazon-Websit-Project-\src\context\CompareC
ontext.tsx:173:15)
            at Navbar 
(C:\Users\U\Desktop\PROJECTS\MY PROJECTS\A
mazon-Websit-Project-\src\components\Navba
r.tsx:38:55)
            at renderWithHooks 
(C:\Users\U\Desktop\PROJECTS\MY PROJECTS\A
mazon-Websit-Project-\node_modules\react-d
om\cjs\react-dom.development.js:15486:18)
            at 
mountIndeterminateComponent 
(C:\Users\U\Desktop\PROJECTS\MY PROJECTS\A
mazon-Websit-Project-\node_modules\react-d
om\cjs\react-dom.development.js:20103:13)
            at beginWork 
(C:\Users\U\Desktop\PROJECTS\MY PROJECTS\A
mazon-Websit-Project-\node_modules\react-d
om\cjs\react-dom.development.js:21626:16)
            at 
HTMLUnknownElement.callCallback 
(C:\Users\U\Desktop\PROJECTS\MY PROJECTS\A
mazon-Websit-Project-\node_modules\react-d
om\cjs\react-dom.development.js:4164:14)
            at HTMLUnknownElement.callTheU
serObjectsOperation 
(C:\Users\U\Desktop\PROJECTS\MY PROJECTS\A
mazon-Websit-Project-\node_modules\jsdom\l
ib\jsdom\living\generated\EventListener.js
:26:30)
            at innerInvokeEventListeners 
(C:\Users\U\Desktop\PROJECTS\MY PROJECTS\A
mazon-Websit-Project-\node_modules\jsdom\l
ib\jsdom\living\events\EventTarget-impl.js
:350:25)
            at invokeEventListeners 
(C:\Users\U\Desktop\PROJECTS\MY PROJECTS\A
mazon-Websit-Project-\node_modules\jsdom\l
ib\jsdom\living\events\EventTarget-impl.js
:286:3)
            at 
HTMLUnknownElementImpl._dispatch 
(C:\Users\U\Desktop\PROJECTS\MY PROJECTS\A
mazon-Websit-Project-\node_modules\jsdom\l
ib\jsdom\living\events\EventTarget-impl.js
:233:9)
            at 
HTMLUnknownElementImpl.dispatchEvent 
(C:\Users\U\Desktop\PROJECTS\MY PROJECTS\A
mazon-Websit-Project-\node_modules\jsdom\l
ib\jsdom\living\events\EventTarget-impl.js
:104:17)
            at 
HTMLUnknownElement.dispatchEvent 
(C:\Users\U\Desktop\PROJECTS\MY PROJECTS\A
mazon-Websit-Project-\node_modules\jsdom\l
ib\jsdom\living\generated\EventTarget.js:2
41:34)
            at 
Object.invokeGuardedCallbackDev 
(C:\Users\U\Desktop\PROJECTS\MY PROJECTS\A
mazon-Websit-Project-\node_modules\react-d
om\cjs\react-dom.development.js:4213:16)
            at invokeGuardedCallback 
(C:\Users\U\Desktop\PROJECTS\MY PROJECTS\A
mazon-Websit-Project-\node_modules\react-d
om\cjs\react-dom.development.js:4277:31)
            at beginWork$1 
(C:\Users\U\Desktop\PROJECTS\MY PROJECTS\A
mazon-Websit-Project-\node_modules\react-d
om\cjs\react-dom.development.js:27490:7)
            at performUnitOfWork 
(C:\Users\U\Desktop\PROJECTS\MY PROJECTS\A
mazon-Websit-Project-\node_modules\react-d
om\cjs\react-dom.development.js:26599:12)
            at workLoopSync 
(C:\Users\U\Desktop\PROJECTS\MY PROJECTS\A
mazon-Websit-Project-\node_modules\react-d
om\cjs\react-dom.development.js:26505:5)
            at renderRootSync 
(C:\Users\U\Desktop\PROJECTS\MY PROJECTS\A
mazon-Websit-Project-\node_modules\react-d
om\cjs\react-dom.development.js:26473:7)
            at recoverFromConcurrentError 
(C:\Users\U\Desktop\PROJECTS\MY PROJECTS\A
mazon-Websit-Project-\node_modules\react-d
om\cjs\react-dom.development.js:25889:20)
            at 
performConcurrentWorkOnRoot 
(C:\Users\U\Desktop\PROJECTS\MY PROJECTS\A
mazon-Websit-Project-\node_modules\react-d
om\cjs\react-dom.development.js:25789:22)
            at flushActQueue 
(C:\Users\U\Desktop\PROJECTS\MY PROJECTS\A
mazon-Websit-Project-\node_modules\react\c
js\react.development.js:2667:24)
            at act 
(C:\Users\U\Desktop\PROJECTS\MY PROJECTS\A
mazon-Websit-Project-\node_modules\react\c
js\react.development.js:2582:11)
            at 
C:\Users\U\Desktop\PROJECTS\MY PROJECTS\Am
azon-Websit-Project-\node_modules\@testing
-library\react\dist\act-compat.js:46:25
            at renderRoot 
(C:\Users\U\Desktop\PROJECTS\MY PROJECTS\A
mazon-Websit-Project-\node_modules\@testin
g-library\react\dist\pure.js:189:26)
            at render 
(C:\Users\U\Desktop\PROJECTS\MY PROJECTS\A
mazon-Websit-Project-\node_modules\@testin
g-library\react\dist\pure.js:291:10)
            at Object.<anonymous> 
(C:\Users\U\Desktop\PROJECTS\MY PROJECTS\A
mazon-Websit-Project-\src\components\__tes
ts__\Navbar.test.tsx:36:15)
            at Promise.finally.completed 
(C:\Users\U\Desktop\PROJECTS\MY PROJECTS\A
mazon-Websit-Project-\node_modules\jest-ci
rcus\build\jestAdapterInit.js:1557:28)
            at new Promise (<anonymous>)
            at callAsyncCircusFn 
(C:\Users\U\Desktop\PROJECTS\MY PROJECTS\A
mazon-Websit-Project-\node_modules\jest-ci
rcus\build\jestAdapterInit.js:1497:10)
            at _callCircusTest 
(C:\Users\U\Desktop\PROJECTS\MY PROJECTS\A
mazon-Websit-Project-\node_modules\jest-ci
rcus\build\jestAdapterInit.js:1007:40)
            at _runTest 
(C:\Users\U\Desktop\PROJECTS\MY PROJECTS\A
mazon-Websit-Project-\node_modules\jest-ci
rcus\build\jestAdapterInit.js:947:3)
            at 
C:\Users\U\Desktop\PROJECTS\MY PROJECTS\Am
azon-Websit-Project-\node_modules\jest-cir
cus\build\jestAdapterInit.js:849:7
            at _runTestsForDescribeBlock 
(C:\Users\U\Desktop\PROJECTS\MY PROJECTS\A
mazon-Websit-Project-\node_modules\jest-ci
rcus\build\jestAdapterInit.js:862:11)
            at _runTestsForDescribeBlock 
(C:\Users\U\Desktop\PROJECTS\MY PROJECTS\A
mazon-Websit-Project-\node_modules\jest-ci
rcus\build\jestAdapterInit.js:857:11)
            at run 
(C:\Users\U\Desktop\PROJECTS\MY PROJECTS\A
mazon-Websit-Project-\node_modules\jest-ci
rcus\build\jestAdapterInit.js:761:3)
            at 
runAndTransformResultsToJestFormat 
(C:\Users\U\Desktop\PROJECTS\MY PROJECTS\A
mazon-Websit-Project-\node_modules\jest-ci
rcus\build\jestAdapterInit.js:1918:21)
            at jestAdapter 
(C:\Users\U\Desktop\PROJECTS\MY PROJECTS\A
mazon-Websit-Project-\node_modules\jest-ci
rcus\build\runner.js:101:19)
            at runTestInternal 
(C:\Users\U\Desktop\PROJECTS\MY PROJECTS\A
mazon-Websit-Project-\node_modules\jest-ru
nner\build\index.js:275:16)
            at runTest 
(C:\Users\U\Desktop\PROJECTS\MY PROJECTS\A
mazon-Websit-Project-\node_modules\jest-ru
nner\build\index.js:343:7),
        type: 'unhandled exception'
      }

    [0m [90m 34 |[39m
     [90m 35 |[39m     it([32m'renders 
How it Works link'[39m[33m,[39m () 
[33m=>[39m {
    [31m[1m>[22m[39m[90m 36 |[39m   
      render([33m<[39m[33mNavbar[39m 
locale[33m=[39m[32m"en"[39m 
[33m/[39m[33m>[39m)[33m;[39m
     [90m    |[39m               
[31m[1m^[22m[39m
     [90m 37 |[39m         expect(screen
[33m.[39mgetByText([32m'How it Works'[
39m))[33m.[39mtoBeInTheDocument()[33m;
[39m
     [90m 38 |[39m     })[33m;[39m
     [90m 39 |[39m })[33m;[39m[0m

      at VirtualConsole.<anonymous> (node_
modules/@jest/environment-jsdom-abstract/b
uild/index.js:87:23)
      at reportException (node_modules/jsd
om/lib/jsdom/living/helpers/runtime-script
-errors.js:70:28)
      at innerInvokeEventListeners (node_m
odules/jsdom/lib/jsdom/living/events/Event
Target-impl.js:353:9)
      at invokeEventListeners (node_module
s/jsdom/lib/jsdom/living/events/EventTarge
t-impl.js:286:3)
      at HTMLUnknownElementImpl._dispatch 
(node_modules/jsdom/lib/jsdom/living/event
s/EventTarget-impl.js:233:9)
      at 
HTMLUnknownElementImpl.dispatchEvent (node
_modules/jsdom/lib/jsdom/living/events/Eve
ntTarget-impl.js:104:17)
      at HTMLUnknownElement.dispatchEvent 
(node_modules/jsdom/lib/jsdom/living/gener
ated/EventTarget.js:241:34)
      at Object.invokeGuardedCallbackDev (
node_modules/react-dom/cjs/react-dom.devel
opment.js:4213:16)
      at invokeGuardedCallback (node_modul
es/react-dom/cjs/react-dom.development.js:
4277:31)
      at beginWork$1 (node_modules/react-d
om/cjs/react-dom.development.js:27490:7)
      at performUnitOfWork (node_modules/r
eact-dom/cjs/react-dom.development.js:2659
9:12)
      at workLoopSync (node_modules/react-
dom/cjs/react-dom.development.js:26505:5)
      at renderRootSync (node_modules/reac
t-dom/cjs/react-dom.development.js:26473:7
)
      at recoverFromConcurrentError (node_
modules/react-dom/cjs/react-dom.developmen
t.js:25889:20)
      at performConcurrentWorkOnRoot (node
_modules/react-dom/cjs/react-dom.developme
nt.js:25789:22)
      at flushActQueue (node_modules/react
/cjs/react.development.js:2667:24)
      at act (node_modules/react/cjs/react
.development.js:2582:11)
      at node_modules/@testing-library/rea
ct/dist/act-compat.js:46:25
      at renderRoot (node_modules/@testing
-library/react/dist/pure.js:189:26)
      at render (node_modules/@testing-lib
rary/react/dist/pure.js:291:10)
      at Object.<anonymous> (src/component
s/__tests__/Navbar.test.tsx:36:15)

    console.error
      The above error occurred in the 
<Navbar> component:
      
          at locale 
(C:\Users\U\Desktop\PROJECTS\MY PROJECTS\A
mazon-Websit-Project-\src\components\Navba
r.tsx:31:34)
      
      Consider adding an error boundary 
to your tree to customize error handling 
behavior.
      Visit 
https://reactjs.org/link/error-boundaries 
to learn more about error boundaries.

    [0m [90m 34 |[39m
     [90m 35 |[39m     it([32m'renders 
How it Works link'[39m[33m,[39m () 
[33m=>[39m {
    [31m[1m>[22m[39m[90m 36 |[39m   
      render([33m<[39m[33mNavbar[39m 
locale[33m=[39m[32m"en"[39m 
[33m/[39m[33m>[39m)[33m;[39m
     [90m    |[39m               
[31m[1m^[22m[39m
     [90m 37 |[39m         expect(screen
[33m.[39mgetByText([32m'How it Works'[
39m))[33m.[39mtoBeInTheDocument()[33m;
[39m
     [90m 38 |[39m     })[33m;[39m
     [90m 39 |[39m })[33m;[39m[0m

      at logCapturedError (node_modules/re
act-dom/cjs/react-dom.development.js:18704
:23)
      at update.callback (node_modules/rea
ct-dom/cjs/react-dom.development.js:18737:
5)
      at callCallback (node_modules/react-
dom/cjs/react-dom.development.js:15036:12)
      at commitUpdateQueue (node_modules/r
eact-dom/cjs/react-dom.development.js:1505
7:9)
      at commitLayoutEffectOnFiber (node_m
odules/react-dom/cjs/react-dom.development
.js:23430:13)
      at 
commitLayoutMountEffects_complete (node_mo
dules/react-dom/cjs/react-dom.development.
js:24727:9)
      at commitLayoutEffects_begin (node_m
odules/react-dom/cjs/react-dom.development
.js:24713:7)
      at commitLayoutEffects (node_modules
/react-dom/cjs/react-dom.development.js:24
651:3)
      at commitRootImpl (node_modules/reac
t-dom/cjs/react-dom.development.js:26862:5
)
      at commitRoot (node_modules/react-do
m/cjs/react-dom.development.js:26721:5)
      at finishConcurrentRender (node_modu
les/react-dom/cjs/react-dom.development.js
:25931:9)
      at performConcurrentWorkOnRoot (node
_modules/react-dom/cjs/react-dom.developme
nt.js:25848:7)
      at flushActQueue (node_modules/react
/cjs/react.development.js:2667:24)
      at act (node_modules/react/cjs/react
.development.js:2582:11)
      at node_modules/@testing-library/rea
ct/dist/act-compat.js:46:25
      at renderRoot (node_modules/@testing
-library/react/dist/pure.js:189:26)
      at render (node_modules/@testing-lib
rary/react/dist/pure.js:291:10)
      at Object.<anonymous> (src/component
s/__tests__/Navbar.test.tsx:36:15)

  ΓùÅ Navbar ΓÇ║ renders the title

    useCompare must be used within a 
CompareProvider

    [0m [90m 171 |[39m     
[36mconst[39m context [33m=[39m useCon
text([33mCompareContext[39m)[33m;[39m
     [90m 172 |[39m     [36mif[39m 
(context [33m===[39m undefined) {
    [31m[1m>[22m[39m[90m 173 |[39m  
       [36mthrow[39m [36mnew[39m 
[33mError[39m([32m'useCompare must be 
used within a 
CompareProvider'[39m)[33m;[39m
     [90m     |[39m               
[31m[1m^[22m[39m
     [90m 174 |[39m     }
     [90m 175 |[39m     
[36mreturn[39m context[33m;[39m
     [90m 176 |[39m }[0m

      at useCompare 
(src/context/CompareContext.tsx:173:15)
      at Navbar 
(src/components/Navbar.tsx:38:55)
      at renderWithHooks (node_modules/rea
ct-dom/cjs/react-dom.development.js:15486:
18)
      at mountIndeterminateComponent (node
_modules/react-dom/cjs/react-dom.developme
nt.js:20103:13)
      at beginWork (node_modules/react-dom
/cjs/react-dom.development.js:21626:16)
      at beginWork$1 (node_modules/react-d
om/cjs/react-dom.development.js:27465:14)
      at performUnitOfWork (node_modules/r
eact-dom/cjs/react-dom.development.js:2659
9:12)
      at workLoopSync (node_modules/react-
dom/cjs/react-dom.development.js:26505:5)
      at renderRootSync (node_modules/reac
t-dom/cjs/react-dom.development.js:26473:7
)
      at recoverFromConcurrentError (node_
modules/react-dom/cjs/react-dom.developmen
t.js:25889:20)
      at performConcurrentWorkOnRoot (node
_modules/react-dom/cjs/react-dom.developme
nt.js:25789:22)
      at flushActQueue (node_modules/react
/cjs/react.development.js:2667:24)
      at act (node_modules/react/cjs/react
.development.js:2582:11)
      at node_modules/@testing-library/rea
ct/dist/act-compat.js:46:25
      at renderRoot (node_modules/@testing
-library/react/dist/pure.js:189:26)
      at render (node_modules/@testing-lib
rary/react/dist/pure.js:291:10)
      at Object.<anonymous> (src/component
s/__tests__/Navbar.test.tsx:26:15)

  ΓùÅ Navbar ΓÇ║ renders search input

    useCompare must be used within a 
CompareProvider

    [0m [90m 171 |[39m     
[36mconst[39m context [33m=[39m useCon
text([33mCompareContext[39m)[33m;[39m
     [90m 172 |[39m     [36mif[39m 
(context [33m===[39m undefined) {
    [31m[1m>[22m[39m[90m 173 |[39m  
       [36mthrow[39m [36mnew[39m 
[33mError[39m([32m'useCompare must be 
used within a 
CompareProvider'[39m)[33m;[39m
     [90m     |[39m               
[31m[1m^[22m[39m
     [90m 174 |[39m     }
     [90m 175 |[39m     
[36mreturn[39m context[33m;[39m
     [90m 176 |[39m }[0m

      at useCompare 
(src/context/CompareContext.tsx:173:15)
      at Navbar 
(src/components/Navbar.tsx:38:55)
      at renderWithHooks (node_modules/rea
ct-dom/cjs/react-dom.development.js:15486:
18)
      at mountIndeterminateComponent (node
_modules/react-dom/cjs/react-dom.developme
nt.js:20103:13)
      at beginWork (node_modules/react-dom
/cjs/react-dom.development.js:21626:16)
      at beginWork$1 (node_modules/react-d
om/cjs/react-dom.development.js:27465:14)
      at performUnitOfWork (node_modules/r
eact-dom/cjs/react-dom.development.js:2659
9:12)
      at workLoopSync (node_modules/react-
dom/cjs/react-dom.development.js:26505:5)
      at renderRootSync (node_modules/reac
t-dom/cjs/react-dom.development.js:26473:7
)
      at recoverFromConcurrentError (node_
modules/react-dom/cjs/react-dom.developmen
t.js:25889:20)
      at performConcurrentWorkOnRoot (node
_modules/react-dom/cjs/react-dom.developme
nt.js:25789:22)
      at flushActQueue (node_modules/react
/cjs/react.development.js:2667:24)
      at act (node_modules/react/cjs/react
.development.js:2582:11)
      at node_modules/@testing-library/rea
ct/dist/act-compat.js:46:25
      at renderRoot (node_modules/@testing
-library/react/dist/pure.js:189:26)
      at render (node_modules/@testing-lib
rary/react/dist/pure.js:291:10)
      at Object.<anonymous> (src/component
s/__tests__/Navbar.test.tsx:31:15)

  ΓùÅ Navbar ΓÇ║ renders How it Works link

    useCompare must be used within a 
CompareProvider

    [0m [90m 171 |[39m     
[36mconst[39m context [33m=[39m useCon
text([33mCompareContext[39m)[33m;[39m
     [90m 172 |[39m     [36mif[39m 
(context [33m===[39m undefined) {
    [31m[1m>[22m[39m[90m 173 |[39m  
       [36mthrow[39m [36mnew[39m 
[33mError[39m([32m'useCompare must be 
used within a 
CompareProvider'[39m)[33m;[39m
     [90m     |[39m               
[31m[1m^[22m[39m
     [90m 174 |[39m     }
     [90m 175 |[39m     
[36mreturn[39m context[33m;[39m
     [90m 176 |[39m }[0m

      at useCompare 
(src/context/CompareContext.tsx:173:15)
      at Navbar 
(src/components/Navbar.tsx:38:55)
      at renderWithHooks (node_modules/rea
ct-dom/cjs/react-dom.development.js:15486:
18)
      at mountIndeterminateComponent (node
_modules/react-dom/cjs/react-dom.developme
nt.js:20103:13)
      at beginWork (node_modules/react-dom
/cjs/react-dom.development.js:21626:16)
      at beginWork$1 (node_modules/react-d
om/cjs/react-dom.development.js:27465:14)
      at performUnitOfWork (node_modules/r
eact-dom/cjs/react-dom.development.js:2659
9:12)
      at workLoopSync (node_modules/react-
dom/cjs/react-dom.development.js:26505:5)
      at renderRootSync (node_modules/reac
t-dom/cjs/react-dom.development.js:26473:7
)
      at recoverFromConcurrentError (node_
modules/react-dom/cjs/react-dom.developmen
t.js:25889:20)
      at performConcurrentWorkOnRoot (node
_modules/react-dom/cjs/react-dom.developme
nt.js:25789:22)
      at flushActQueue (node_modules/react
/cjs/react.development.js:2667:24)
      at act (node_modules/react/cjs/react
.development.js:2582:11)
      at node_modules/@testing-library/rea
ct/dist/act-compat.js:46:25
      at renderRoot (node_modules/@testing
-library/react/dist/pure.js:189:26)
      at render (node_modules/@testing-lib
rary/react/dist/pure.js:291:10)
      at Object.<anonymous> (src/component
s/__tests__/Navbar.test.tsx:36:15)

FAIL src/components/__tests__/ProductCard.
test.tsx
  ΓùÅ Console

    console.error
      Error: Uncaught [Error: useCompare 
must be used within a CompareProvider]
          at reportException 
(C:\Users\U\Desktop\PROJECTS\MY PROJECTS\A
mazon-Websit-Project-\node_modules\jsdom\l
ib\jsdom\living\helpers\runtime-script-err
ors.js:66:24)
          at innerInvokeEventListeners 
(C:\Users\U\Desktop\PROJECTS\MY PROJECTS\A
mazon-Websit-Project-\node_modules\jsdom\l
ib\jsdom\living\events\EventTarget-impl.js
:353:9)
          at invokeEventListeners 
(C:\Users\U\Desktop\PROJECTS\MY PROJECTS\A
mazon-Websit-Project-\node_modules\jsdom\l
ib\jsdom\living\events\EventTarget-impl.js
:286:3)
          at 
HTMLUnknownElementImpl._dispatch 
(C:\Users\U\Desktop\PROJECTS\MY PROJECTS\A
mazon-Websit-Project-\node_modules\jsdom\l
ib\jsdom\living\events\EventTarget-impl.js
:233:9)
          at 
HTMLUnknownElementImpl.dispatchEvent 
(C:\Users\U\Desktop\PROJECTS\MY PROJECTS\A
mazon-Websit-Project-\node_modules\jsdom\l
ib\jsdom\living\events\EventTarget-impl.js
:104:17)
          at 
HTMLUnknownElement.dispatchEvent 
(C:\Users\U\Desktop\PROJECTS\MY PROJECTS\A
mazon-Websit-Project-\node_modules\jsdom\l
ib\jsdom\living\generated\EventTarget.js:2
41:34)
          at 
Object.invokeGuardedCallbackDev 
(C:\Users\U\Desktop\PROJECTS\MY PROJECTS\A
mazon-Websit-Project-\node_modules\react-d
om\cjs\react-dom.development.js:4213:16)
          at invokeGuardedCallback 
(C:\Users\U\Desktop\PROJECTS\MY PROJECTS\A
mazon-Websit-Project-\node_modules\react-d
om\cjs\react-dom.development.js:4277:31)
          at beginWork$1 
(C:\Users\U\Desktop\PROJECTS\MY PROJECTS\A
mazon-Websit-Project-\node_modules\react-d
om\cjs\react-dom.development.js:27490:7)
          at performUnitOfWork 
(C:\Users\U\Desktop\PROJECTS\MY PROJECTS\A
mazon-Websit-Project-\node_modules\react-d
om\cjs\react-dom.development.js:26599:12)
          at workLoopSync 
(C:\Users\U\Desktop\PROJECTS\MY PROJECTS\A
mazon-Websit-Project-\node_modules\react-d
om\cjs\react-dom.development.js:26505:5)
          at renderRootSync 
(C:\Users\U\Desktop\PROJECTS\MY PROJECTS\A
mazon-Websit-Project-\node_modules\react-d
om\cjs\react-dom.development.js:26473:7)
          at performConcurrentWorkOnRoot 
(C:\Users\U\Desktop\PROJECTS\MY PROJECTS\A
mazon-Websit-Project-\node_modules\react-d
om\cjs\react-dom.development.js:25777:74)
          at flushActQueue 
(C:\Users\U\Desktop\PROJECTS\MY PROJECTS\A
mazon-Websit-Project-\node_modules\react\c
js\react.development.js:2667:24)
          at act 
(C:\Users\U\Desktop\PROJECTS\MY PROJECTS\A
mazon-Websit-Project-\node_modules\react\c
js\react.development.js:2582:11)
          at 
C:\Users\U\Desktop\PROJECTS\MY PROJECTS\Am
azon-Websit-Project-\node_modules\@testing
-library\react\dist\act-compat.js:46:25
          at renderRoot 
(C:\Users\U\Desktop\PROJECTS\MY PROJECTS\A
mazon-Websit-Project-\node_modules\@testin
g-library\react\dist\pure.js:189:26)
          at render 
(C:\Users\U\Desktop\PROJECTS\MY PROJECTS\A
mazon-Websit-Project-\node_modules\@testin
g-library\react\dist\pure.js:291:10)
          at Object.<anonymous> 
(C:\Users\U\Desktop\PROJECTS\MY PROJECTS\A
mazon-Websit-Project-\src\components\__tes
ts__\ProductCard.test.tsx:34:15)
          at Promise.finally.completed 
(C:\Users\U\Desktop\PROJECTS\MY PROJECTS\A
mazon-Websit-Project-\node_modules\jest-ci
rcus\build\jestAdapterInit.js:1557:28)
          at new Promise (<anonymous>)
          at callAsyncCircusFn 
(C:\Users\U\Desktop\PROJECTS\MY PROJECTS\A
mazon-Websit-Project-\node_modules\jest-ci
rcus\build\jestAdapterInit.js:1497:10)
          at _callCircusTest 
(C:\Users\U\Desktop\PROJECTS\MY PROJECTS\A
mazon-Websit-Project-\node_modules\jest-ci
rcus\build\jestAdapterInit.js:1007:40)
          at _runTest 
(C:\Users\U\Desktop\PROJECTS\MY PROJECTS\A
mazon-Websit-Project-\node_modules\jest-ci
rcus\build\jestAdapterInit.js:947:3)
          at 
C:\Users\U\Desktop\PROJECTS\MY PROJECTS\Am
azon-Websit-Project-\node_modules\jest-cir
cus\build\jestAdapterInit.js:849:7
          at _runTestsForDescribeBlock 
(C:\Users\U\Desktop\PROJECTS\MY PROJECTS\A
mazon-Websit-Project-\node_modules\jest-ci
rcus\build\jestAdapterInit.js:862:11)
          at _runTestsForDescribeBlock 
(C:\Users\U\Desktop\PROJECTS\MY PROJECTS\A
mazon-Websit-Project-\node_modules\jest-ci
rcus\build\jestAdapterInit.js:857:11)
          at run 
(C:\Users\U\Desktop\PROJECTS\MY PROJECTS\A
mazon-Websit-Project-\node_modules\jest-ci
rcus\build\jestAdapterInit.js:761:3)
          at 
runAndTransformResultsToJestFormat 
(C:\Users\U\Desktop\PROJECTS\MY PROJECTS\A
mazon-Websit-Project-\node_modules\jest-ci
rcus\build\jestAdapterInit.js:1918:21)
          at jestAdapter 
(C:\Users\U\Desktop\PROJECTS\MY PROJECTS\A
mazon-Websit-Project-\node_modules\jest-ci
rcus\build\runner.js:101:19)
          at runTestInternal 
(C:\Users\U\Desktop\PROJECTS\MY PROJECTS\A
mazon-Websit-Project-\node_modules\jest-ru
nner\build\index.js:275:16)
          at runTest 
(C:\Users\U\Desktop\PROJECTS\MY PROJECTS\A
mazon-Websit-Project-\node_modules\jest-ru
nner\build\index.js:343:7) {
        detail: Error: useCompare must be 
used within a CompareProvider
            at useCompare 
(C:\Users\U\Desktop\PROJECTS\MY PROJECTS\A
mazon-Websit-Project-\src\context\CompareC
ontext.tsx:173:15)
            at ProductCard 
(C:\Users\U\Desktop\PROJECTS\MY PROJECTS\A
mazon-Websit-Project-\src\components\Produ
ctCard.tsx:16:72)
            at renderWithHooks 
(C:\Users\U\Desktop\PROJECTS\MY PROJECTS\A
mazon-Websit-Project-\node_modules\react-d
om\cjs\react-dom.development.js:15486:18)
            at updateFunctionComponent 
(C:\Users\U\Desktop\PROJECTS\MY PROJECTS\A
mazon-Websit-Project-\node_modules\react-d
om\cjs\react-dom.development.js:19617:20)
            at updateSimpleMemoComponent 
(C:\Users\U\Desktop\PROJECTS\MY PROJECTS\A
mazon-Websit-Project-\node_modules\react-d
om\cjs\react-dom.development.js:19454:10)
            at updateMemoComponent 
(C:\Users\U\Desktop\PROJECTS\MY PROJECTS\A
mazon-Websit-Project-\node_modules\react-d
om\cjs\react-dom.development.js:19303:14)
            at beginWork 
(C:\Users\U\Desktop\PROJECTS\MY PROJECTS\A
mazon-Websit-Project-\node_modules\react-d
om\cjs\react-dom.development.js:21712:16)
            at 
HTMLUnknownElement.callCallback 
(C:\Users\U\Desktop\PROJECTS\MY PROJECTS\A
mazon-Websit-Project-\node_modules\react-d
om\cjs\react-dom.development.js:4164:14)
            at HTMLUnknownElement.callTheU
serObjectsOperation 
(C:\Users\U\Desktop\PROJECTS\MY PROJECTS\A
mazon-Websit-Project-\node_modules\jsdom\l
ib\jsdom\living\generated\EventListener.js
:26:30)
            at innerInvokeEventListeners 
(C:\Users\U\Desktop\PROJECTS\MY PROJECTS\A
mazon-Websit-Project-\node_modules\jsdom\l
ib\jsdom\living\events\EventTarget-impl.js
:350:25)
            at invokeEventListeners 
(C:\Users\U\Desktop\PROJECTS\MY PROJECTS\A
mazon-Websit-Project-\node_modules\jsdom\l
ib\jsdom\living\events\EventTarget-impl.js
:286:3)
            at 
HTMLUnknownElementImpl._dispatch 
(C:\Users\U\Desktop\PROJECTS\MY PROJECTS\A
mazon-Websit-Project-\node_modules\jsdom\l
ib\jsdom\living\events\EventTarget-impl.js
:233:9)
            at 
HTMLUnknownElementImpl.dispatchEvent 
(C:\Users\U\Desktop\PROJECTS\MY PROJECTS\A
mazon-Websit-Project-\node_modules\jsdom\l
ib\jsdom\living\events\EventTarget-impl.js
:104:17)
            at 
HTMLUnknownElement.dispatchEvent 
(C:\Users\U\Desktop\PROJECTS\MY PROJECTS\A
mazon-Websit-Project-\node_modules\jsdom\l
ib\jsdom\living\generated\EventTarget.js:2
41:34)
            at 
Object.invokeGuardedCallbackDev 
(C:\Users\U\Desktop\PROJECTS\MY PROJECTS\A
mazon-Websit-Project-\node_modules\react-d
om\cjs\react-dom.development.js:4213:16)
            at invokeGuardedCallback 
(C:\Users\U\Desktop\PROJECTS\MY PROJECTS\A
mazon-Websit-Project-\node_modules\react-d
om\cjs\react-dom.development.js:4277:31)
            at beginWork$1 
(C:\Users\U\Desktop\PROJECTS\MY PROJECTS\A
mazon-Websit-Project-\node_modules\react-d
om\cjs\react-dom.development.js:27490:7)
            at performUnitOfWork 
(C:\Users\U\Desktop\PROJECTS\MY PROJECTS\A
mazon-Websit-Project-\node_modules\react-d
om\cjs\react-dom.development.js:26599:12)
            at workLoopSync 
(C:\Users\U\Desktop\PROJECTS\MY PROJECTS\A
mazon-Websit-Project-\node_modules\react-d
om\cjs\react-dom.development.js:26505:5)
            at renderRootSync 
(C:\Users\U\Desktop\PROJECTS\MY PROJECTS\A
mazon-Websit-Project-\node_modules\react-d
om\cjs\react-dom.development.js:26473:7)
            at 
performConcurrentWorkOnRoot 
(C:\Users\U\Desktop\PROJECTS\MY PROJECTS\A
mazon-Websit-Project-\node_modules\react-d
om\cjs\react-dom.development.js:25777:74)
            at flushActQueue 
(C:\Users\U\Desktop\PROJECTS\MY PROJECTS\A
mazon-Websit-Project-\node_modules\react\c
js\react.development.js:2667:24)
            at act 
(C:\Users\U\Desktop\PROJECTS\MY PROJECTS\A
mazon-Websit-Project-\node_modules\react\c
js\react.development.js:2582:11)
            at 
C:\Users\U\Desktop\PROJECTS\MY PROJECTS\Am
azon-Websit-Project-\node_modules\@testing
-library\react\dist\act-compat.js:46:25
            at renderRoot 
(C:\Users\U\Desktop\PROJECTS\MY PROJECTS\A
mazon-Websit-Project-\node_modules\@testin
g-library\react\dist\pure.js:189:26)
            at render 
(C:\Users\U\Desktop\PROJECTS\MY PROJECTS\A
mazon-Websit-Project-\node_modules\@testin
g-library\react\dist\pure.js:291:10)
            at Object.<anonymous> 
(C:\Users\U\Desktop\PROJECTS\MY PROJECTS\A
mazon-Websit-Project-\src\components\__tes
ts__\ProductCard.test.tsx:34:15)
            at Promise.finally.completed 
(C:\Users\U\Desktop\PROJECTS\MY PROJECTS\A
mazon-Websit-Project-\node_modules\jest-ci
rcus\build\jestAdapterInit.js:1557:28)
            at new Promise (<anonymous>)
            at callAsyncCircusFn 
(C:\Users\U\Desktop\PROJECTS\MY PROJECTS\A
mazon-Websit-Project-\node_modules\jest-ci
rcus\build\jestAdapterInit.js:1497:10)
            at _callCircusTest 
(C:\Users\U\Desktop\PROJECTS\MY PROJECTS\A
mazon-Websit-Project-\node_modules\jest-ci
rcus\build\jestAdapterInit.js:1007:40)
            at _runTest 
(C:\Users\U\Desktop\PROJECTS\MY PROJECTS\A
mazon-Websit-Project-\node_modules\jest-ci
rcus\build\jestAdapterInit.js:947:3)
            at 
C:\Users\U\Desktop\PROJECTS\MY PROJECTS\Am
azon-Websit-Project-\node_modules\jest-cir
cus\build\jestAdapterInit.js:849:7
            at _runTestsForDescribeBlock 
(C:\Users\U\Desktop\PROJECTS\MY PROJECTS\A
mazon-Websit-Project-\node_modules\jest-ci
rcus\build\jestAdapterInit.js:862:11)
            at _runTestsForDescribeBlock 
(C:\Users\U\Desktop\PROJECTS\MY PROJECTS\A
mazon-Websit-Project-\node_modules\jest-ci
rcus\build\jestAdapterInit.js:857:11)
            at run 
(C:\Users\U\Desktop\PROJECTS\MY PROJECTS\A
mazon-Websit-Project-\node_modules\jest-ci
rcus\build\jestAdapterInit.js:761:3)
            at 
runAndTransformResultsToJestFormat 
(C:\Users\U\Desktop\PROJECTS\MY PROJECTS\A
mazon-Websit-Project-\node_modules\jest-ci
rcus\build\jestAdapterInit.js:1918:21)
            at jestAdapter 
(C:\Users\U\Desktop\PROJECTS\MY PROJECTS\A
mazon-Websit-Project-\node_modules\jest-ci
rcus\build\runner.js:101:19)
            at runTestInternal 
(C:\Users\U\Desktop\PROJECTS\MY PROJECTS\A
mazon-Websit-Project-\node_modules\jest-ru
nner\build\index.js:275:16)
            at runTest 
(C:\Users\U\Desktop\PROJECTS\MY PROJECTS\A
mazon-Websit-Project-\node_modules\jest-ru
nner\build\index.js:343:7),
        type: 'unhandled exception'
      }

    [0m [90m 32 |[39m describe([32m'Pr
oductCard'[39m[33m,[39m () 
[33m=>[39m {
     [90m 33 |[39m     it([32m'renders 
product title in English'[39m[33m,[39m 
() [33m=>[39m {
    [31m[1m>[22m[39m[90m 34 |[39m   
      
render([33m<[39m[33mProductCard[39m 
product[33m=[39m{mockProduct} 
locale[33m=[39m[32m"en"[39m 
[33m/[39m[33m>[39m)[33m;[39m
     [90m    |[39m               
[31m[1m^[22m[39m
     [90m 35 |[39m         expect(screen
[33m.[39mgetByText([32m'Test Product'[
39m))[33m.[39mtoBeInTheDocument()[33m;
[39m
     [90m 36 |[39m     })[33m;[39m
     [90m 37 |[39m[0m

      at VirtualConsole.<anonymous> (node_
modules/@jest/environment-jsdom-abstract/b
uild/index.js:87:23)
      at reportException (node_modules/jsd
om/lib/jsdom/living/helpers/runtime-script
-errors.js:70:28)
      at innerInvokeEventListeners (node_m
odules/jsdom/lib/jsdom/living/events/Event
Target-impl.js:353:9)
      at invokeEventListeners (node_module
s/jsdom/lib/jsdom/living/events/EventTarge
t-impl.js:286:3)
      at HTMLUnknownElementImpl._dispatch 
(node_modules/jsdom/lib/jsdom/living/event
s/EventTarget-impl.js:233:9)
      at 
HTMLUnknownElementImpl.dispatchEvent (node
_modules/jsdom/lib/jsdom/living/events/Eve
ntTarget-impl.js:104:17)
      at HTMLUnknownElement.dispatchEvent 
(node_modules/jsdom/lib/jsdom/living/gener
ated/EventTarget.js:241:34)
      at Object.invokeGuardedCallbackDev (
node_modules/react-dom/cjs/react-dom.devel
opment.js:4213:16)
      at invokeGuardedCallback (node_modul
es/react-dom/cjs/react-dom.development.js:
4277:31)
      at beginWork$1 (node_modules/react-d
om/cjs/react-dom.development.js:27490:7)
      at performUnitOfWork (node_modules/r
eact-dom/cjs/react-dom.development.js:2659
9:12)
      at workLoopSync (node_modules/react-
dom/cjs/react-dom.development.js:26505:5)
      at renderRootSync (node_modules/reac
t-dom/cjs/react-dom.development.js:26473:7
)
      at performConcurrentWorkOnRoot (node
_modules/react-dom/cjs/react-dom.developme
nt.js:25777:74)
      at flushActQueue (node_modules/react
/cjs/react.development.js:2667:24)
      at act (node_modules/react/cjs/react
.development.js:2582:11)
      at node_modules/@testing-library/rea
ct/dist/act-compat.js:46:25
      at renderRoot (node_modules/@testing
-library/react/dist/pure.js:189:26)
      at render (node_modules/@testing-lib
rary/react/dist/pure.js:291:10)
      at Object.<anonymous> (src/component
s/__tests__/ProductCard.test.tsx:34:15)

    console.error
      Error: Uncaught [Error: useCompare 
must be used within a CompareProvider]
          at reportException 
(C:\Users\U\Desktop\PROJECTS\MY PROJECTS\A
mazon-Websit-Project-\node_modules\jsdom\l
ib\jsdom\living\helpers\runtime-script-err
ors.js:66:24)
          at innerInvokeEventListeners 
(C:\Users\U\Desktop\PROJECTS\MY PROJECTS\A
mazon-Websit-Project-\node_modules\jsdom\l
ib\jsdom\living\events\EventTarget-impl.js
:353:9)
          at invokeEventListeners 
(C:\Users\U\Desktop\PROJECTS\MY PROJECTS\A
mazon-Websit-Project-\node_modules\jsdom\l
ib\jsdom\living\events\EventTarget-impl.js
:286:3)
          at 
HTMLUnknownElementImpl._dispatch 
(C:\Users\U\Desktop\PROJECTS\MY PROJECTS\A
mazon-Websit-Project-\node_modules\jsdom\l
ib\jsdom\living\events\EventTarget-impl.js
:233:9)
          at 
HTMLUnknownElementImpl.dispatchEvent 
(C:\Users\U\Desktop\PROJECTS\MY PROJECTS\A
mazon-Websit-Project-\node_modules\jsdom\l
ib\jsdom\living\events\EventTarget-impl.js
:104:17)
          at 
HTMLUnknownElement.dispatchEvent 
(C:\Users\U\Desktop\PROJECTS\MY PROJECTS\A
mazon-Websit-Project-\node_modules\jsdom\l
ib\jsdom\living\generated\EventTarget.js:2
41:34)
          at 
Object.invokeGuardedCallbackDev 
(C:\Users\U\Desktop\PROJECTS\MY PROJECTS\A
mazon-Websit-Project-\node_modules\react-d
om\cjs\react-dom.development.js:4213:16)
          at invokeGuardedCallback 
(C:\Users\U\Desktop\PROJECTS\MY PROJECTS\A
mazon-Websit-Project-\node_modules\react-d
om\cjs\react-dom.development.js:4277:31)
          at beginWork$1 
(C:\Users\U\Desktop\PROJECTS\MY PROJECTS\A
mazon-Websit-Project-\node_modules\react-d
om\cjs\react-dom.development.js:27490:7)
          at performUnitOfWork 
(C:\Users\U\Desktop\PROJECTS\MY PROJECTS\A
mazon-Websit-Project-\node_modules\react-d
om\cjs\react-dom.development.js:26599:12)
          at workLoopSync 
(C:\Users\U\Desktop\PROJECTS\MY PROJECTS\A
mazon-Websit-Project-\node_modules\react-d
om\cjs\react-dom.development.js:26505:5)
          at renderRootSync 
(C:\Users\U\Desktop\PROJECTS\MY PROJECTS\A
mazon-Websit-Project-\node_modules\react-d
om\cjs\react-dom.development.js:26473:7)
          at recoverFromConcurrentError 
(C:\Users\U\Desktop\PROJECTS\MY PROJECTS\A
mazon-Websit-Project-\node_modules\react-d
om\cjs\react-dom.development.js:25889:20)
          at performConcurrentWorkOnRoot 
(C:\Users\U\Desktop\PROJECTS\MY PROJECTS\A
mazon-Websit-Project-\node_modules\react-d
om\cjs\react-dom.development.js:25789:22)
          at flushActQueue 
(C:\Users\U\Desktop\PROJECTS\MY PROJECTS\A
mazon-Websit-Project-\node_modules\react\c
js\react.development.js:2667:24)
          at act 
(C:\Users\U\Desktop\PROJECTS\MY PROJECTS\A
mazon-Websit-Project-\node_modules\react\c
js\react.development.js:2582:11)
          at 
C:\Users\U\Desktop\PROJECTS\MY PROJECTS\Am
azon-Websit-Project-\node_modules\@testing
-library\react\dist\act-compat.js:46:25
          at renderRoot 
(C:\Users\U\Desktop\PROJECTS\MY PROJECTS\A
mazon-Websit-Project-\node_modules\@testin
g-library\react\dist\pure.js:189:26)
          at render 
(C:\Users\U\Desktop\PROJECTS\MY PROJECTS\A
mazon-Websit-Project-\node_modules\@testin
g-library\react\dist\pure.js:291:10)
          at Object.<anonymous> 
(C:\Users\U\Desktop\PROJECTS\MY PROJECTS\A
mazon-Websit-Project-\src\components\__tes
ts__\ProductCard.test.tsx:34:15)
          at Promise.finally.completed 
(C:\Users\U\Desktop\PROJECTS\MY PROJECTS\A
mazon-Websit-Project-\node_modules\jest-ci
rcus\build\jestAdapterInit.js:1557:28)
          at new Promise (<anonymous>)
          at callAsyncCircusFn 
(C:\Users\U\Desktop\PROJECTS\MY PROJECTS\A
mazon-Websit-Project-\node_modules\jest-ci
rcus\build\jestAdapterInit.js:1497:10)
          at _callCircusTest 
(C:\Users\U\Desktop\PROJECTS\MY PROJECTS\A
mazon-Websit-Project-\node_modules\jest-ci
rcus\build\jestAdapterInit.js:1007:40)
          at _runTest 
(C:\Users\U\Desktop\PROJECTS\MY PROJECTS\A
mazon-Websit-Project-\node_modules\jest-ci
rcus\build\jestAdapterInit.js:947:3)
          at 
C:\Users\U\Desktop\PROJECTS\MY PROJECTS\Am
azon-Websit-Project-\node_modules\jest-cir
cus\build\jestAdapterInit.js:849:7
          at _runTestsForDescribeBlock 
(C:\Users\U\Desktop\PROJECTS\MY PROJECTS\A
mazon-Websit-Project-\node_modules\jest-ci
rcus\build\jestAdapterInit.js:862:11)
          at _runTestsForDescribeBlock 
(C:\Users\U\Desktop\PROJECTS\MY PROJECTS\A
mazon-Websit-Project-\node_modules\jest-ci
rcus\build\jestAdapterInit.js:857:11)
          at run 
(C:\Users\U\Desktop\PROJECTS\MY PROJECTS\A
mazon-Websit-Project-\node_modules\jest-ci
rcus\build\jestAdapterInit.js:761:3)
          at 
runAndTransformResultsToJestFormat 
(C:\Users\U\Desktop\PROJECTS\MY PROJECTS\A
mazon-Websit-Project-\node_modules\jest-ci
rcus\build\jestAdapterInit.js:1918:21)
          at jestAdapter 
(C:\Users\U\Desktop\PROJECTS\MY PROJECTS\A
mazon-Websit-Project-\node_modules\jest-ci
rcus\build\runner.js:101:19)
          at runTestInternal 
(C:\Users\U\Desktop\PROJECTS\MY PROJECTS\A
mazon-Websit-Project-\node_modules\jest-ru
nner\build\index.js:275:16)
          at runTest 
(C:\Users\U\Desktop\PROJECTS\MY PROJECTS\A
mazon-Websit-Project-\node_modules\jest-ru
nner\build\index.js:343:7) {
        detail: Error: useCompare must be 
used within a CompareProvider
            at useCompare 
(C:\Users\U\Desktop\PROJECTS\MY PROJECTS\A
mazon-Websit-Project-\src\context\CompareC
ontext.tsx:173:15)
            at ProductCard 
(C:\Users\U\Desktop\PROJECTS\MY PROJECTS\A
mazon-Websit-Project-\src\components\Produ
ctCard.tsx:16:72)
            at renderWithHooks 
(C:\Users\U\Desktop\PROJECTS\MY PROJECTS\A
mazon-Websit-Project-\node_modules\react-d
om\cjs\react-dom.development.js:15486:18)
            at updateFunctionComponent 
(C:\Users\U\Desktop\PROJECTS\MY PROJECTS\A
mazon-Websit-Project-\node_modules\react-d
om\cjs\react-dom.development.js:19617:20)
            at updateSimpleMemoComponent 
(C:\Users\U\Desktop\PROJECTS\MY PROJECTS\A
mazon-Websit-Project-\node_modules\react-d
om\cjs\react-dom.development.js:19454:10)
            at updateMemoComponent 
(C:\Users\U\Desktop\PROJECTS\MY PROJECTS\A
mazon-Websit-Project-\node_modules\react-d
om\cjs\react-dom.development.js:19303:14)
            at beginWork 
(C:\Users\U\Desktop\PROJECTS\MY PROJECTS\A
mazon-Websit-Project-\node_modules\react-d
om\cjs\react-dom.development.js:21712:16)
            at 
HTMLUnknownElement.callCallback 
(C:\Users\U\Desktop\PROJECTS\MY PROJECTS\A
mazon-Websit-Project-\node_modules\react-d
om\cjs\react-dom.development.js:4164:14)
            at HTMLUnknownElement.callTheU
serObjectsOperation 
(C:\Users\U\Desktop\PROJECTS\MY PROJECTS\A
mazon-Websit-Project-\node_modules\jsdom\l
ib\jsdom\living\generated\EventListener.js
:26:30)
            at innerInvokeEventListeners 
(C:\Users\U\Desktop\PROJECTS\MY PROJECTS\A
mazon-Websit-Project-\node_modules\jsdom\l
ib\jsdom\living\events\EventTarget-impl.js
:350:25)
            at invokeEventListeners 
(C:\Users\U\Desktop\PROJECTS\MY PROJECTS\A
mazon-Websit-Project-\node_modules\jsdom\l
ib\jsdom\living\events\EventTarget-impl.js
:286:3)
            at 
HTMLUnknownElementImpl._dispatch 
(C:\Users\U\Desktop\PROJECTS\MY PROJECTS\A
mazon-Websit-Project-\node_modules\jsdom\l
ib\jsdom\living\events\EventTarget-impl.js
:233:9)
            at 
HTMLUnknownElementImpl.dispatchEvent 
(C:\Users\U\Desktop\PROJECTS\MY PROJECTS\A
mazon-Websit-Project-\node_modules\jsdom\l
ib\jsdom\living\events\EventTarget-impl.js
:104:17)
            at 
HTMLUnknownElement.dispatchEvent 
(C:\Users\U\Desktop\PROJECTS\MY PROJECTS\A
mazon-Websit-Project-\node_modules\jsdom\l
ib\jsdom\living\generated\EventTarget.js:2
41:34)
            at 
Object.invokeGuardedCallbackDev 
(C:\Users\U\Desktop\PROJECTS\MY PROJECTS\A
mazon-Websit-Project-\node_modules\react-d
om\cjs\react-dom.development.js:4213:16)
            at invokeGuardedCallback 
(C:\Users\U\Desktop\PROJECTS\MY PROJECTS\A
mazon-Websit-Project-\node_modules\react-d
om\cjs\react-dom.development.js:4277:31)
            at beginWork$1 
(C:\Users\U\Desktop\PROJECTS\MY PROJECTS\A
mazon-Websit-Project-\node_modules\react-d
om\cjs\react-dom.development.js:27490:7)
            at performUnitOfWork 
(C:\Users\U\Desktop\PROJECTS\MY PROJECTS\A
mazon-Websit-Project-\node_modules\react-d
om\cjs\react-dom.development.js:26599:12)
            at workLoopSync 
(C:\Users\U\Desktop\PROJECTS\MY PROJECTS\A
mazon-Websit-Project-\node_modules\react-d
om\cjs\react-dom.development.js:26505:5)
            at renderRootSync 
(C:\Users\U\Desktop\PROJECTS\MY PROJECTS\A
mazon-Websit-Project-\node_modules\react-d
om\cjs\react-dom.development.js:26473:7)
            at recoverFromConcurrentError 
(C:\Users\U\Desktop\PROJECTS\MY PROJECTS\A
mazon-Websit-Project-\node_modules\react-d
om\cjs\react-dom.development.js:25889:20)
            at 
performConcurrentWorkOnRoot 
(C:\Users\U\Desktop\PROJECTS\MY PROJECTS\A
mazon-Websit-Project-\node_modules\react-d
om\cjs\react-dom.development.js:25789:22)
            at flushActQueue 
(C:\Users\U\Desktop\PROJECTS\MY PROJECTS\A
mazon-Websit-Project-\node_modules\react\c
js\react.development.js:2667:24)
            at act 
(C:\Users\U\Desktop\PROJECTS\MY PROJECTS\A
mazon-Websit-Project-\node_modules\react\c
js\react.development.js:2582:11)
            at 
C:\Users\U\Desktop\PROJECTS\MY PROJECTS\Am
azon-Websit-Project-\node_modules\@testing
-library\react\dist\act-compat.js:46:25
            at renderRoot 
(C:\Users\U\Desktop\PROJECTS\MY PROJECTS\A
mazon-Websit-Project-\node_modules\@testin
g-library\react\dist\pure.js:189:26)
            at render 
(C:\Users\U\Desktop\PROJECTS\MY PROJECTS\A
mazon-Websit-Project-\node_modules\@testin
g-library\react\dist\pure.js:291:10)
            at Object.<anonymous> 
(C:\Users\U\Desktop\PROJECTS\MY PROJECTS\A
mazon-Websit-Project-\src\components\__tes
ts__\ProductCard.test.tsx:34:15)
            at Promise.finally.completed 
(C:\Users\U\Desktop\PROJECTS\MY PROJECTS\A
mazon-Websit-Project-\node_modules\jest-ci
rcus\build\jestAdapterInit.js:1557:28)
            at new Promise (<anonymous>)
            at callAsyncCircusFn 
(C:\Users\U\Desktop\PROJECTS\MY PROJECTS\A
mazon-Websit-Project-\node_modules\jest-ci
rcus\build\jestAdapterInit.js:1497:10)
            at _callCircusTest 
(C:\Users\U\Desktop\PROJECTS\MY PROJECTS\A
mazon-Websit-Project-\node_modules\jest-ci
rcus\build\jestAdapterInit.js:1007:40)
            at _runTest 
(C:\Users\U\Desktop\PROJECTS\MY PROJECTS\A
mazon-Websit-Project-\node_modules\jest-ci
rcus\build\jestAdapterInit.js:947:3)
            at 
C:\Users\U\Desktop\PROJECTS\MY PROJECTS\Am
azon-Websit-Project-\node_modules\jest-cir
cus\build\jestAdapterInit.js:849:7
            at _runTestsForDescribeBlock 
(C:\Users\U\Desktop\PROJECTS\MY PROJECTS\A
mazon-Websit-Project-\node_modules\jest-ci
rcus\build\jestAdapterInit.js:862:11)
            at _runTestsForDescribeBlock 
(C:\Users\U\Desktop\PROJECTS\MY PROJECTS\A
mazon-Websit-Project-\node_modules\jest-ci
rcus\build\jestAdapterInit.js:857:11)
            at run 
(C:\Users\U\Desktop\PROJECTS\MY PROJECTS\A
mazon-Websit-Project-\node_modules\jest-ci
rcus\build\jestAdapterInit.js:761:3)
            at 
runAndTransformResultsToJestFormat 
(C:\Users\U\Desktop\PROJECTS\MY PROJECTS\A
mazon-Websit-Project-\node_modules\jest-ci
rcus\build\jestAdapterInit.js:1918:21)
            at jestAdapter 
(C:\Users\U\Desktop\PROJECTS\MY PROJECTS\A
mazon-Websit-Project-\node_modules\jest-ci
rcus\build\runner.js:101:19)
            at runTestInternal 
(C:\Users\U\Desktop\PROJECTS\MY PROJECTS\A
mazon-Websit-Project-\node_modules\jest-ru
nner\build\index.js:275:16)
            at runTest 
(C:\Users\U\Desktop\PROJECTS\MY PROJECTS\A
mazon-Websit-Project-\node_modules\jest-ru
nner\build\index.js:343:7),
        type: 'unhandled exception'
      }

    [0m [90m 32 |[39m describe([32m'Pr
oductCard'[39m[33m,[39m () 
[33m=>[39m {
     [90m 33 |[39m     it([32m'renders 
product title in English'[39m[33m,[39m 
() [33m=>[39m {
    [31m[1m>[22m[39m[90m 34 |[39m   
      
render([33m<[39m[33mProductCard[39m 
product[33m=[39m{mockProduct} 
locale[33m=[39m[32m"en"[39m 
[33m/[39m[33m>[39m)[33m;[39m
     [90m    |[39m               
[31m[1m^[22m[39m
     [90m 35 |[39m         expect(screen
[33m.[39mgetByText([32m'Test Product'[
39m))[33m.[39mtoBeInTheDocument()[33m;
[39m
     [90m 36 |[39m     })[33m;[39m
     [90m 37 |[39m[0m

      at VirtualConsole.<anonymous> (node_
modules/@jest/environment-jsdom-abstract/b
uild/index.js:87:23)
      at reportException (node_modules/jsd
om/lib/jsdom/living/helpers/runtime-script
-errors.js:70:28)
      at innerInvokeEventListeners (node_m
odules/jsdom/lib/jsdom/living/events/Event
Target-impl.js:353:9)
      at invokeEventListeners (node_module
s/jsdom/lib/jsdom/living/events/EventTarge
t-impl.js:286:3)
      at HTMLUnknownElementImpl._dispatch 
(node_modules/jsdom/lib/jsdom/living/event
s/EventTarget-impl.js:233:9)
      at 
HTMLUnknownElementImpl.dispatchEvent (node
_modules/jsdom/lib/jsdom/living/events/Eve
ntTarget-impl.js:104:17)
      at HTMLUnknownElement.dispatchEvent 
(node_modules/jsdom/lib/jsdom/living/gener
ated/EventTarget.js:241:34)
      at Object.invokeGuardedCallbackDev (
node_modules/react-dom/cjs/react-dom.devel
opment.js:4213:16)
      at invokeGuardedCallback (node_modul
es/react-dom/cjs/react-dom.development.js:
4277:31)
      at beginWork$1 (node_modules/react-d
om/cjs/react-dom.development.js:27490:7)
      at performUnitOfWork (node_modules/r
eact-dom/cjs/react-dom.development.js:2659
9:12)
      at workLoopSync (node_modules/react-
dom/cjs/react-dom.development.js:26505:5)
      at renderRootSync (node_modules/reac
t-dom/cjs/react-dom.development.js:26473:7
)
      at recoverFromConcurrentError (node_
modules/react-dom/cjs/react-dom.developmen
t.js:25889:20)
      at performConcurrentWorkOnRoot (node
_modules/react-dom/cjs/react-dom.developme
nt.js:25789:22)
      at flushActQueue (node_modules/react
/cjs/react.development.js:2667:24)
      at act (node_modules/react/cjs/react
.development.js:2582:11)
      at node_modules/@testing-library/rea
ct/dist/act-compat.js:46:25
      at renderRoot (node_modules/@testing
-library/react/dist/pure.js:189:26)
      at render (node_modules/@testing-lib
rary/react/dist/pure.js:291:10)
      at Object.<anonymous> (src/component
s/__tests__/ProductCard.test.tsx:34:15)

    console.error
      The above error occurred in the 
<ProductCard> component:
      
          at product 
(C:\Users\U\Desktop\PROJECTS\MY PROJECTS\A
mazon-Websit-Project-\src\components\Produ
ctCard.tsx:13:24)
      
      Consider adding an error boundary 
to your tree to customize error handling 
behavior.
      Visit 
https://reactjs.org/link/error-boundaries 
to learn more about error boundaries.

    [0m [90m 32 |[39m describe([32m'Pr
oductCard'[39m[33m,[39m () 
[33m=>[39m {
     [90m 33 |[39m     it([32m'renders 
product title in English'[39m[33m,[39m 
() [33m=>[39m {
    [31m[1m>[22m[39m[90m 34 |[39m   
      
render([33m<[39m[33mProductCard[39m 
product[33m=[39m{mockProduct} 
locale[33m=[39m[32m"en"[39m 
[33m/[39m[33m>[39m)[33m;[39m
     [90m    |[39m               
[31m[1m^[22m[39m
     [90m 35 |[39m         expect(screen
[33m.[39mgetByText([32m'Test Product'[
39m))[33m.[39mtoBeInTheDocument()[33m;
[39m
     [90m 36 |[39m     })[33m;[39m
     [90m 37 |[39m[0m

      at logCapturedError (node_modules/re
act-dom/cjs/react-dom.development.js:18704
:23)
      at update.callback (node_modules/rea
ct-dom/cjs/react-dom.development.js:18737:
5)
      at callCallback (node_modules/react-
dom/cjs/react-dom.development.js:15036:12)
      at commitUpdateQueue (node_modules/r
eact-dom/cjs/react-dom.development.js:1505
7:9)
      at commitLayoutEffectOnFiber (node_m
odules/react-dom/cjs/react-dom.development
.js:23430:13)
      at 
commitLayoutMountEffects_complete (node_mo
dules/react-dom/cjs/react-dom.development.
js:24727:9)
      at commitLayoutEffects_begin (node_m
odules/react-dom/cjs/react-dom.development
.js:24713:7)
      at commitLayoutEffects (node_modules
/react-dom/cjs/react-dom.development.js:24
651:3)
      at commitRootImpl (node_modules/reac
t-dom/cjs/react-dom.development.js:26862:5
)
      at commitRoot (node_modules/react-do
m/cjs/react-dom.development.js:26721:5)
      at finishConcurrentRender (node_modu
les/react-dom/cjs/react-dom.development.js
:25931:9)
      at performConcurrentWorkOnRoot (node
_modules/react-dom/cjs/react-dom.developme
nt.js:25848:7)
      at flushActQueue (node_modules/react
/cjs/react.development.js:2667:24)
      at act (node_modules/react/cjs/react
.development.js:2582:11)
      at node_modules/@testing-library/rea
ct/dist/act-compat.js:46:25
      at renderRoot (node_modules/@testing
-library/react/dist/pure.js:189:26)
      at render (node_modules/@testing-lib
rary/react/dist/pure.js:291:10)
      at Object.<anonymous> (src/component
s/__tests__/ProductCard.test.tsx:34:15)

    console.error
      Error: Uncaught [Error: useCompare 
must be used within a CompareProvider]
          at reportException 
(C:\Users\U\Desktop\PROJECTS\MY PROJECTS\A
mazon-Websit-Project-\node_modules\jsdom\l
ib\jsdom\living\helpers\runtime-script-err
ors.js:66:24)
          at innerInvokeEventListeners 
(C:\Users\U\Desktop\PROJECTS\MY PROJECTS\A
mazon-Websit-Project-\node_modules\jsdom\l
ib\jsdom\living\events\EventTarget-impl.js
:353:9)
          at invokeEventListeners 
(C:\Users\U\Desktop\PROJECTS\MY PROJECTS\A
mazon-Websit-Project-\node_modules\jsdom\l
ib\jsdom\living\events\EventTarget-impl.js
:286:3)
          at 
HTMLUnknownElementImpl._dispatch 
(C:\Users\U\Desktop\PROJECTS\MY PROJECTS\A
mazon-Websit-Project-\node_modules\jsdom\l
ib\jsdom\living\events\EventTarget-impl.js
:233:9)
          at 
HTMLUnknownElementImpl.dispatchEvent 
(C:\Users\U\Desktop\PROJECTS\MY PROJECTS\A
mazon-Websit-Project-\node_modules\jsdom\l
ib\jsdom\living\events\EventTarget-impl.js
:104:17)
          at 
HTMLUnknownElement.dispatchEvent 
(C:\Users\U\Desktop\PROJECTS\MY PROJECTS\A
mazon-Websit-Project-\node_modules\jsdom\l
ib\jsdom\living\generated\EventTarget.js:2
41:34)
          at 
Object.invokeGuardedCallbackDev 
(C:\Users\U\Desktop\PROJECTS\MY PROJECTS\A
mazon-Websit-Project-\node_modules\react-d
om\cjs\react-dom.development.js:4213:16)
          at invokeGuardedCallback 
(C:\Users\U\Desktop\PROJECTS\MY PROJECTS\A
mazon-Websit-Project-\node_modules\react-d
om\cjs\react-dom.development.js:4277:31)
          at beginWork$1 
(C:\Users\U\Desktop\PROJECTS\MY PROJECTS\A
mazon-Websit-Project-\node_modules\react-d
om\cjs\react-dom.development.js:27490:7)
          at performUnitOfWork 
(C:\Users\U\Desktop\PROJECTS\MY PROJECTS\A
mazon-Websit-Project-\node_modules\react-d
om\cjs\react-dom.development.js:26599:12)
          at workLoopSync 
(C:\Users\U\Desktop\PROJECTS\MY PROJECTS\A
mazon-Websit-Project-\node_modules\react-d
om\cjs\react-dom.development.js:26505:5)
          at renderRootSync 
(C:\Users\U\Desktop\PROJECTS\MY PROJECTS\A
mazon-Websit-Project-\node_modules\react-d
om\cjs\react-dom.development.js:26473:7)
          at performConcurrentWorkOnRoot 
(C:\Users\U\Desktop\PROJECTS\MY PROJECTS\A
mazon-Websit-Project-\node_modules\react-d
om\cjs\react-dom.development.js:25777:74)
          at flushActQueue 
(C:\Users\U\Desktop\PROJECTS\MY PROJECTS\A
mazon-Websit-Project-\node_modules\react\c
js\react.development.js:2667:24)
          at act 
(C:\Users\U\Desktop\PROJECTS\MY PROJECTS\A
mazon-Websit-Project-\node_modules\react\c
js\react.development.js:2582:11)
          at 
C:\Users\U\Desktop\PROJECTS\MY PROJECTS\Am
azon-Websit-Project-\node_modules\@testing
-library\react\dist\act-compat.js:46:25
          at renderRoot 
(C:\Users\U\Desktop\PROJECTS\MY PROJECTS\A
mazon-Websit-Project-\node_modules\@testin
g-library\react\dist\pure.js:189:26)
          at render 
(C:\Users\U\Desktop\PROJECTS\MY PROJECTS\A
mazon-Websit-Project-\node_modules\@testin
g-library\react\dist\pure.js:291:10)
          at Object.<anonymous> 
(C:\Users\U\Desktop\PROJECTS\MY PROJECTS\A
mazon-Websit-Project-\src\components\__tes
ts__\ProductCard.test.tsx:39:15)
          at Promise.finally.completed 
(C:\Users\U\Desktop\PROJECTS\MY PROJECTS\A
mazon-Websit-Project-\node_modules\jest-ci
rcus\build\jestAdapterInit.js:1557:28)
          at new Promise (<anonymous>)
          at callAsyncCircusFn 
(C:\Users\U\Desktop\PROJECTS\MY PROJECTS\A
mazon-Websit-Project-\node_modules\jest-ci
rcus\build\jestAdapterInit.js:1497:10)
          at _callCircusTest 
(C:\Users\U\Desktop\PROJECTS\MY PROJECTS\A
mazon-Websit-Project-\node_modules\jest-ci
rcus\build\jestAdapterInit.js:1007:40)
          at _runTest 
(C:\Users\U\Desktop\PROJECTS\MY PROJECTS\A
mazon-Websit-Project-\node_modules\jest-ci
rcus\build\jestAdapterInit.js:947:3)
          at 
C:\Users\U\Desktop\PROJECTS\MY PROJECTS\Am
azon-Websit-Project-\node_modules\jest-cir
cus\build\jestAdapterInit.js:849:7
          at _runTestsForDescribeBlock 
(C:\Users\U\Desktop\PROJECTS\MY PROJECTS\A
mazon-Websit-Project-\node_modules\jest-ci
rcus\build\jestAdapterInit.js:862:11)
          at _runTestsForDescribeBlock 
(C:\Users\U\Desktop\PROJECTS\MY PROJECTS\A
mazon-Websit-Project-\node_modules\jest-ci
rcus\build\jestAdapterInit.js:857:11)
          at run 
(C:\Users\U\Desktop\PROJECTS\MY PROJECTS\A
mazon-Websit-Project-\node_modules\jest-ci
rcus\build\jestAdapterInit.js:761:3)
          at 
runAndTransformResultsToJestFormat 
(C:\Users\U\Desktop\PROJECTS\MY PROJECTS\A
mazon-Websit-Project-\node_modules\jest-ci
rcus\build\jestAdapterInit.js:1918:21)
          at jestAdapter 
(C:\Users\U\Desktop\PROJECTS\MY PROJECTS\A
mazon-Websit-Project-\node_modules\jest-ci
rcus\build\runner.js:101:19)
          at runTestInternal 
(C:\Users\U\Desktop\PROJECTS\MY PROJECTS\A
mazon-Websit-Project-\node_modules\jest-ru
nner\build\index.js:275:16)
          at runTest 
(C:\Users\U\Desktop\PROJECTS\MY PROJECTS\A
mazon-Websit-Project-\node_modules\jest-ru
nner\build\index.js:343:7) {
        detail: Error: useCompare must be 
used within a CompareProvider
            at useCompare 
(C:\Users\U\Desktop\PROJECTS\MY PROJECTS\A
mazon-Websit-Project-\src\context\CompareC
ontext.tsx:173:15)
            at ProductCard 
(C:\Users\U\Desktop\PROJECTS\MY PROJECTS\A
mazon-Websit-Project-\src\components\Produ
ctCard.tsx:16:72)
            at renderWithHooks 
(C:\Users\U\Desktop\PROJECTS\MY PROJECTS\A
mazon-Websit-Project-\node_modules\react-d
om\cjs\react-dom.development.js:15486:18)
            at updateFunctionComponent 
(C:\Users\U\Desktop\PROJECTS\MY PROJECTS\A
mazon-Websit-Project-\node_modules\react-d
om\cjs\react-dom.development.js:19617:20)
            at updateSimpleMemoComponent 
(C:\Users\U\Desktop\PROJECTS\MY PROJECTS\A
mazon-Websit-Project-\node_modules\react-d
om\cjs\react-dom.development.js:19454:10)
            at updateMemoComponent 
(C:\Users\U\Desktop\PROJECTS\MY PROJECTS\A
mazon-Websit-Project-\node_modules\react-d
om\cjs\react-dom.development.js:19303:14)
            at beginWork 
(C:\Users\U\Desktop\PROJECTS\MY PROJECTS\A
mazon-Websit-Project-\node_modules\react-d
om\cjs\react-dom.development.js:21712:16)
            at 
HTMLUnknownElement.callCallback 
(C:\Users\U\Desktop\PROJECTS\MY PROJECTS\A
mazon-Websit-Project-\node_modules\react-d
om\cjs\react-dom.development.js:4164:14)
            at HTMLUnknownElement.callTheU
serObjectsOperation 
(C:\Users\U\Desktop\PROJECTS\MY PROJECTS\A
mazon-Websit-Project-\node_modules\jsdom\l
ib\jsdom\living\generated\EventListener.js
:26:30)
            at innerInvokeEventListeners 
(C:\Users\U\Desktop\PROJECTS\MY PROJECTS\A
mazon-Websit-Project-\node_modules\jsdom\l
ib\jsdom\living\events\EventTarget-impl.js
:350:25)
            at invokeEventListeners 
(C:\Users\U\Desktop\PROJECTS\MY PROJECTS\A
mazon-Websit-Project-\node_modules\jsdom\l
ib\jsdom\living\events\EventTarget-impl.js
:286:3)
            at 
HTMLUnknownElementImpl._dispatch 
(C:\Users\U\Desktop\PROJECTS\MY PROJECTS\A
mazon-Websit-Project-\node_modules\jsdom\l
ib\jsdom\living\events\EventTarget-impl.js
:233:9)
            at 
HTMLUnknownElementImpl.dispatchEvent 
(C:\Users\U\Desktop\PROJECTS\MY PROJECTS\A
mazon-Websit-Project-\node_modules\jsdom\l
ib\jsdom\living\events\EventTarget-impl.js
:104:17)
            at 
HTMLUnknownElement.dispatchEvent 
(C:\Users\U\Desktop\PROJECTS\MY PROJECTS\A
mazon-Websit-Project-\node_modules\jsdom\l
ib\jsdom\living\generated\EventTarget.js:2
41:34)
            at 
Object.invokeGuardedCallbackDev 
(C:\Users\U\Desktop\PROJECTS\MY PROJECTS\A
mazon-Websit-Project-\node_modules\react-d
om\cjs\react-dom.development.js:4213:16)
            at invokeGuardedCallback 
(C:\Users\U\Desktop\PROJECTS\MY PROJECTS\A
mazon-Websit-Project-\node_modules\react-d
om\cjs\react-dom.development.js:4277:31)
            at beginWork$1 
(C:\Users\U\Desktop\PROJECTS\MY PROJECTS\A
mazon-Websit-Project-\node_modules\react-d
om\cjs\react-dom.development.js:27490:7)
            at performUnitOfWork 
(C:\Users\U\Desktop\PROJECTS\MY PROJECTS\A
mazon-Websit-Project-\node_modules\react-d
om\cjs\react-dom.development.js:26599:12)
            at workLoopSync 
(C:\Users\U\Desktop\PROJECTS\MY PROJECTS\A
mazon-Websit-Project-\node_modules\react-d
om\cjs\react-dom.development.js:26505:5)
            at renderRootSync 
(C:\Users\U\Desktop\PROJECTS\MY PROJECTS\A
mazon-Websit-Project-\node_modules\react-d
om\cjs\react-dom.development.js:26473:7)
            at 
performConcurrentWorkOnRoot 
(C:\Users\U\Desktop\PROJECTS\MY PROJECTS\A
mazon-Websit-Project-\node_modules\react-d
om\cjs\react-dom.development.js:25777:74)
            at flushActQueue 
(C:\Users\U\Desktop\PROJECTS\MY PROJECTS\A
mazon-Websit-Project-\node_modules\react\c
js\react.development.js:2667:24)
            at act 
(C:\Users\U\Desktop\PROJECTS\MY PROJECTS\A
mazon-Websit-Project-\node_modules\react\c
js\react.development.js:2582:11)
            at 
C:\Users\U\Desktop\PROJECTS\MY PROJECTS\Am
azon-Websit-Project-\node_modules\@testing
-library\react\dist\act-compat.js:46:25
            at renderRoot 
(C:\Users\U\Desktop\PROJECTS\MY PROJECTS\A
mazon-Websit-Project-\node_modules\@testin
g-library\react\dist\pure.js:189:26)
            at render 
(C:\Users\U\Desktop\PROJECTS\MY PROJECTS\A
mazon-Websit-Project-\node_modules\@testin
g-library\react\dist\pure.js:291:10)
            at Object.<anonymous> 
(C:\Users\U\Desktop\PROJECTS\MY PROJECTS\A
mazon-Websit-Project-\src\components\__tes
ts__\ProductCard.test.tsx:39:15)
            at Promise.finally.completed 
(C:\Users\U\Desktop\PROJECTS\MY PROJECTS\A
mazon-Websit-Project-\node_modules\jest-ci
rcus\build\jestAdapterInit.js:1557:28)
            at new Promise (<anonymous>)
            at callAsyncCircusFn 
(C:\Users\U\Desktop\PROJECTS\MY PROJECTS\A
mazon-Websit-Project-\node_modules\jest-ci
rcus\build\jestAdapterInit.js:1497:10)
            at _callCircusTest 
(C:\Users\U\Desktop\PROJECTS\MY PROJECTS\A
mazon-Websit-Project-\node_modules\jest-ci
rcus\build\jestAdapterInit.js:1007:40)
            at _runTest 
(C:\Users\U\Desktop\PROJECTS\MY PROJECTS\A
mazon-Websit-Project-\node_modules\jest-ci
rcus\build\jestAdapterInit.js:947:3)
            at 
C:\Users\U\Desktop\PROJECTS\MY PROJECTS\Am
azon-Websit-Project-\node_modules\jest-cir
cus\build\jestAdapterInit.js:849:7
            at _runTestsForDescribeBlock 
(C:\Users\U\Desktop\PROJECTS\MY PROJECTS\A
mazon-Websit-Project-\node_modules\jest-ci
rcus\build\jestAdapterInit.js:862:11)
            at _runTestsForDescribeBlock 
(C:\Users\U\Desktop\PROJECTS\MY PROJECTS\A
mazon-Websit-Project-\node_modules\jest-ci
rcus\build\jestAdapterInit.js:857:11)
            at run 
(C:\Users\U\Desktop\PROJECTS\MY PROJECTS\A
mazon-Websit-Project-\node_modules\jest-ci
rcus\build\jestAdapterInit.js:761:3)
            at 
runAndTransformResultsToJestFormat 
(C:\Users\U\Desktop\PROJECTS\MY PROJECTS\A
mazon-Websit-Project-\node_modules\jest-ci
rcus\build\jestAdapterInit.js:1918:21)
            at jestAdapter 
(C:\Users\U\Desktop\PROJECTS\MY PROJECTS\A
mazon-Websit-Project-\node_modules\jest-ci
rcus\build\runner.js:101:19)
            at runTestInternal 
(C:\Users\U\Desktop\PROJECTS\MY PROJECTS\A
mazon-Websit-Project-\node_modules\jest-ru
nner\build\index.js:275:16)
            at runTest 
(C:\Users\U\Desktop\PROJECTS\MY PROJECTS\A
mazon-Websit-Project-\node_modules\jest-ru
nner\build\index.js:343:7),
        type: 'unhandled exception'
      }

    [0m [90m 37 |[39m
     [90m 38 |[39m     it([32m'renders 
product description'[39m[33m,[39m () 
[33m=>[39m {
    [31m[1m>[22m[39m[90m 39 |[39m   
      
render([33m<[39m[33mProductCard[39m 
product[33m=[39m{mockProduct} 
locale[33m=[39m[32m"en"[39m 
[33m/[39m[33m>[39m)[33m;[39m
     [90m    |[39m               
[31m[1m^[22m[39m
     [90m 40 |[39m         expect(screen
[33m.[39mgetByText([32m'Test Descriptio
n'[39m))[33m.[39mtoBeInTheDocument()[3
3m;[39m
     [90m 41 |[39m     })[33m;[39m
     [90m 42 |[39m[0m

      at VirtualConsole.<anonymous> (node_
modules/@jest/environment-jsdom-abstract/b
uild/index.js:87:23)
      at reportException (node_modules/jsd
om/lib/jsdom/living/helpers/runtime-script
-errors.js:70:28)
      at innerInvokeEventListeners (node_m
odules/jsdom/lib/jsdom/living/events/Event
Target-impl.js:353:9)
      at invokeEventListeners (node_module
s/jsdom/lib/jsdom/living/events/EventTarge
t-impl.js:286:3)
      at HTMLUnknownElementImpl._dispatch 
(node_modules/jsdom/lib/jsdom/living/event
s/EventTarget-impl.js:233:9)
      at 
HTMLUnknownElementImpl.dispatchEvent (node
_modules/jsdom/lib/jsdom/living/events/Eve
ntTarget-impl.js:104:17)
      at HTMLUnknownElement.dispatchEvent 
(node_modules/jsdom/lib/jsdom/living/gener
ated/EventTarget.js:241:34)
      at Object.invokeGuardedCallbackDev (
node_modules/react-dom/cjs/react-dom.devel
opment.js:4213:16)
      at invokeGuardedCallback (node_modul
es/react-dom/cjs/react-dom.development.js:
4277:31)
      at beginWork$1 (node_modules/react-d
om/cjs/react-dom.development.js:27490:7)
      at performUnitOfWork (node_modules/r
eact-dom/cjs/react-dom.development.js:2659
9:12)
      at workLoopSync (node_modules/react-
dom/cjs/react-dom.development.js:26505:5)
      at renderRootSync (node_modules/reac
t-dom/cjs/react-dom.development.js:26473:7
)
      at performConcurrentWorkOnRoot (node
_modules/react-dom/cjs/react-dom.developme
nt.js:25777:74)
      at flushActQueue (node_modules/react
/cjs/react.development.js:2667:24)
      at act (node_modules/react/cjs/react
.development.js:2582:11)
      at node_modules/@testing-library/rea
ct/dist/act-compat.js:46:25
      at renderRoot (node_modules/@testing
-library/react/dist/pure.js:189:26)
      at render (node_modules/@testing-lib
rary/react/dist/pure.js:291:10)
      at Object.<anonymous> (src/component
s/__tests__/ProductCard.test.tsx:39:15)

    console.error
      Error: Uncaught [Error: useCompare 
must be used within a CompareProvider]
          at reportException 
(C:\Users\U\Desktop\PROJECTS\MY PROJECTS\A
mazon-Websit-Project-\node_modules\jsdom\l
ib\jsdom\living\helpers\runtime-script-err
ors.js:66:24)
          at innerInvokeEventListeners 
(C:\Users\U\Desktop\PROJECTS\MY PROJECTS\A
mazon-Websit-Project-\node_modules\jsdom\l
ib\jsdom\living\events\EventTarget-impl.js
:353:9)
          at invokeEventListeners 
(C:\Users\U\Desktop\PROJECTS\MY PROJECTS\A
mazon-Websit-Project-\node_modules\jsdom\l
ib\jsdom\living\events\EventTarget-impl.js
:286:3)
          at 
HTMLUnknownElementImpl._dispatch 
(C:\Users\U\Desktop\PROJECTS\MY PROJECTS\A
mazon-Websit-Project-\node_modules\jsdom\l
ib\jsdom\living\events\EventTarget-impl.js
:233:9)
          at 
HTMLUnknownElementImpl.dispatchEvent 
(C:\Users\U\Desktop\PROJECTS\MY PROJECTS\A
mazon-Websit-Project-\node_modules\jsdom\l
ib\jsdom\living\events\EventTarget-impl.js
:104:17)
          at 
HTMLUnknownElement.dispatchEvent 
(C:\Users\U\Desktop\PROJECTS\MY PROJECTS\A
mazon-Websit-Project-\node_modules\jsdom\l
ib\jsdom\living\generated\EventTarget.js:2
41:34)
          at 
Object.invokeGuardedCallbackDev 
(C:\Users\U\Desktop\PROJECTS\MY PROJECTS\A
mazon-Websit-Project-\node_modules\react-d
om\cjs\react-dom.development.js:4213:16)
          at invokeGuardedCallback 
(C:\Users\U\Desktop\PROJECTS\MY PROJECTS\A
mazon-Websit-Project-\node_modules\react-d
om\cjs\react-dom.development.js:4277:31)
          at beginWork$1 
(C:\Users\U\Desktop\PROJECTS\MY PROJECTS\A
mazon-Websit-Project-\node_modules\react-d
om\cjs\react-dom.development.js:27490:7)
          at performUnitOfWork 
(C:\Users\U\Desktop\PROJECTS\MY PROJECTS\A
mazon-Websit-Project-\node_modules\react-d
om\cjs\react-dom.development.js:26599:12)
          at workLoopSync 
(C:\Users\U\Desktop\PROJECTS\MY PROJECTS\A
mazon-Websit-Project-\node_modules\react-d
om\cjs\react-dom.development.js:26505:5)
          at renderRootSync 
(C:\Users\U\Desktop\PROJECTS\MY PROJECTS\A
mazon-Websit-Project-\node_modules\react-d
om\cjs\react-dom.development.js:26473:7)
          at recoverFromConcurrentError 
(C:\Users\U\Desktop\PROJECTS\MY PROJECTS\A
mazon-Websit-Project-\node_modules\react-d
om\cjs\react-dom.development.js:25889:20)
          at performConcurrentWorkOnRoot 
(C:\Users\U\Desktop\PROJECTS\MY PROJECTS\A
mazon-Websit-Project-\node_modules\react-d
om\cjs\react-dom.development.js:25789:22)
          at flushActQueue 
(C:\Users\U\Desktop\PROJECTS\MY PROJECTS\A
mazon-Websit-Project-\node_modules\react\c
js\react.development.js:2667:24)
          at act 
(C:\Users\U\Desktop\PROJECTS\MY PROJECTS\A
mazon-Websit-Project-\node_modules\react\c
js\react.development.js:2582:11)
          at 
C:\Users\U\Desktop\PROJECTS\MY PROJECTS\Am
azon-Websit-Project-\node_modules\@testing
-library\react\dist\act-compat.js:46:25
          at renderRoot 
(C:\Users\U\Desktop\PROJECTS\MY PROJECTS\A
mazon-Websit-Project-\node_modules\@testin
g-library\react\dist\pure.js:189:26)
          at render 
(C:\Users\U\Desktop\PROJECTS\MY PROJECTS\A
mazon-Websit-Project-\node_modules\@testin
g-library\react\dist\pure.js:291:10)
          at Object.<anonymous> 
(C:\Users\U\Desktop\PROJECTS\MY PROJECTS\A
mazon-Websit-Project-\src\components\__tes
ts__\ProductCard.test.tsx:39:15)
          at Promise.finally.completed 
(C:\Users\U\Desktop\PROJECTS\MY PROJECTS\A
mazon-Websit-Project-\node_modules\jest-ci
rcus\build\jestAdapterInit.js:1557:28)
          at new Promise (<anonymous>)
          at callAsyncCircusFn 
(C:\Users\U\Desktop\PROJECTS\MY PROJECTS\A
mazon-Websit-Project-\node_modules\jest-ci
rcus\build\jestAdapterInit.js:1497:10)
          at _callCircusTest 
(C:\Users\U\Desktop\PROJECTS\MY PROJECTS\A
mazon-Websit-Project-\node_modules\jest-ci
rcus\build\jestAdapterInit.js:1007:40)
          at _runTest 
(C:\Users\U\Desktop\PROJECTS\MY PROJECTS\A
mazon-Websit-Project-\node_modules\jest-ci
rcus\build\jestAdapterInit.js:947:3)
          at 
C:\Users\U\Desktop\PROJECTS\MY PROJECTS\Am
azon-Websit-Project-\node_modules\jest-cir
cus\build\jestAdapterInit.js:849:7
          at _runTestsForDescribeBlock 
(C:\Users\U\Desktop\PROJECTS\MY PROJECTS\A
mazon-Websit-Project-\node_modules\jest-ci
rcus\build\jestAdapterInit.js:862:11)
          at _runTestsForDescribeBlock 
(C:\Users\U\Desktop\PROJECTS\MY PROJECTS\A
mazon-Websit-Project-\node_modules\jest-ci
rcus\build\jestAdapterInit.js:857:11)
          at run 
(C:\Users\U\Desktop\PROJECTS\MY PROJECTS\A
mazon-Websit-Project-\node_modules\jest-ci
rcus\build\jestAdapterInit.js:761:3)
          at 
runAndTransformResultsToJestFormat 
(C:\Users\U\Desktop\PROJECTS\MY PROJECTS\A
mazon-Websit-Project-\node_modules\jest-ci
rcus\build\jestAdapterInit.js:1918:21)
          at jestAdapter 
(C:\Users\U\Desktop\PROJECTS\MY PROJECTS\A
mazon-Websit-Project-\node_modules\jest-ci
rcus\build\runner.js:101:19)
          at runTestInternal 
(C:\Users\U\Desktop\PROJECTS\MY PROJECTS\A
mazon-Websit-Project-\node_modules\jest-ru
nner\build\index.js:275:16)
          at runTest 
(C:\Users\U\Desktop\PROJECTS\MY PROJECTS\A
mazon-Websit-Project-\node_modules\jest-ru
nner\build\index.js:343:7) {
        detail: Error: useCompare must be 
used within a CompareProvider
            at useCompare 
(C:\Users\U\Desktop\PROJECTS\MY PROJECTS\A
mazon-Websit-Project-\src\context\CompareC
ontext.tsx:173:15)
            at ProductCard 
(C:\Users\U\Desktop\PROJECTS\MY PROJECTS\A
mazon-Websit-Project-\src\components\Produ
ctCard.tsx:16:72)
            at renderWithHooks 
(C:\Users\U\Desktop\PROJECTS\MY PROJECTS\A
mazon-Websit-Project-\node_modules\react-d
om\cjs\react-dom.development.js:15486:18)
            at updateFunctionComponent 
(C:\Users\U\Desktop\PROJECTS\MY PROJECTS\A
mazon-Websit-Project-\node_modules\react-d
om\cjs\react-dom.development.js:19617:20)
            at updateSimpleMemoComponent 
(C:\Users\U\Desktop\PROJECTS\MY PROJECTS\A
mazon-Websit-Project-\node_modules\react-d
om\cjs\react-dom.development.js:19454:10)
            at updateMemoComponent 
(C:\Users\U\Desktop\PROJECTS\MY PROJECTS\A
mazon-Websit-Project-\node_modules\react-d
om\cjs\react-dom.development.js:19303:14)
            at beginWork 
(C:\Users\U\Desktop\PROJECTS\MY PROJECTS\A
mazon-Websit-Project-\node_modules\react-d
om\cjs\react-dom.development.js:21712:16)
            at 
HTMLUnknownElement.callCallback 
(C:\Users\U\Desktop\PROJECTS\MY PROJECTS\A
mazon-Websit-Project-\node_modules\react-d
om\cjs\react-dom.development.js:4164:14)
            at HTMLUnknownElement.callTheU
serObjectsOperation 
(C:\Users\U\Desktop\PROJECTS\MY PROJECTS\A
mazon-Websit-Project-\node_modules\jsdom\l
ib\jsdom\living\generated\EventListener.js
:26:30)
            at innerInvokeEventListeners 
(C:\Users\U\Desktop\PROJECTS\MY PROJECTS\A
mazon-Websit-Project-\node_modules\jsdom\l
ib\jsdom\living\events\EventTarget-impl.js
:350:25)
            at invokeEventListeners 
(C:\Users\U\Desktop\PROJECTS\MY PROJECTS\A
mazon-Websit-Project-\node_modules\jsdom\l
ib\jsdom\living\events\EventTarget-impl.js
:286:3)
            at 
HTMLUnknownElementImpl._dispatch 
(C:\Users\U\Desktop\PROJECTS\MY PROJECTS\A
mazon-Websit-Project-\node_modules\jsdom\l
ib\jsdom\living\events\EventTarget-impl.js
:233:9)
            at 
HTMLUnknownElementImpl.dispatchEvent 
(C:\Users\U\Desktop\PROJECTS\MY PROJECTS\A
mazon-Websit-Project-\node_modules\jsdom\l
ib\jsdom\living\events\EventTarget-impl.js
:104:17)
            at 
HTMLUnknownElement.dispatchEvent 
(C:\Users\U\Desktop\PROJECTS\MY PROJECTS\A
mazon-Websit-Project-\node_modules\jsdom\l
ib\jsdom\living\generated\EventTarget.js:2
41:34)
            at 
Object.invokeGuardedCallbackDev 
(C:\Users\U\Desktop\PROJECTS\MY PROJECTS\A
mazon-Websit-Project-\node_modules\react-d
om\cjs\react-dom.development.js:4213:16)
            at invokeGuardedCallback 
(C:\Users\U\Desktop\PROJECTS\MY PROJECTS\A
mazon-Websit-Project-\node_modules\react-d
om\cjs\react-dom.development.js:4277:31)
            at beginWork$1 
(C:\Users\U\Desktop\PROJECTS\MY PROJECTS\A
mazon-Websit-Project-\node_modules\react-d
om\cjs\react-dom.development.js:27490:7)
            at performUnitOfWork 
(C:\Users\U\Desktop\PROJECTS\MY PROJECTS\A
mazon-Websit-Project-\node_modules\react-d
om\cjs\react-dom.development.js:26599:12)
            at workLoopSync 
(C:\Users\U\Desktop\PROJECTS\MY PROJECTS\A
mazon-Websit-Project-\node_modules\react-d
om\cjs\react-dom.development.js:26505:5)
            at renderRootSync 
(C:\Users\U\Desktop\PROJECTS\MY PROJECTS\A
mazon-Websit-Project-\node_modules\react-d
om\cjs\react-dom.development.js:26473:7)
            at recoverFromConcurrentError 
(C:\Users\U\Desktop\PROJECTS\MY PROJECTS\A
mazon-Websit-Project-\node_modules\react-d
om\cjs\react-dom.development.js:25889:20)
            at 
performConcurrentWorkOnRoot 
(C:\Users\U\Desktop\PROJECTS\MY PROJECTS\A
mazon-Websit-Project-\node_modules\react-d
om\cjs\react-dom.development.js:25789:22)
            at flushActQueue 
(C:\Users\U\Desktop\PROJECTS\MY PROJECTS\A
mazon-Websit-Project-\node_modules\react\c
js\react.development.js:2667:24)
            at act 
(C:\Users\U\Desktop\PROJECTS\MY PROJECTS\A
mazon-Websit-Project-\node_modules\react\c
js\react.development.js:2582:11)
            at 
C:\Users\U\Desktop\PROJECTS\MY PROJECTS\Am
azon-Websit-Project-\node_modules\@testing
-library\react\dist\act-compat.js:46:25
            at renderRoot 
(C:\Users\U\Desktop\PROJECTS\MY PROJECTS\A
mazon-Websit-Project-\node_modules\@testin
g-library\react\dist\pure.js:189:26)
            at render 
(C:\Users\U\Desktop\PROJECTS\MY PROJECTS\A
mazon-Websit-Project-\node_modules\@testin
g-library\react\dist\pure.js:291:10)
            at Object.<anonymous> 
(C:\Users\U\Desktop\PROJECTS\MY PROJECTS\A
mazon-Websit-Project-\src\components\__tes
ts__\ProductCard.test.tsx:39:15)
            at Promise.finally.completed 
(C:\Users\U\Desktop\PROJECTS\MY PROJECTS\A
mazon-Websit-Project-\node_modules\jest-ci
rcus\build\jestAdapterInit.js:1557:28)
            at new Promise (<anonymous>)
            at callAsyncCircusFn 
(C:\Users\U\Desktop\PROJECTS\MY PROJECTS\A
mazon-Websit-Project-\node_modules\jest-ci
rcus\build\jestAdapterInit.js:1497:10)
            at _callCircusTest 
(C:\Users\U\Desktop\PROJECTS\MY PROJECTS\A
mazon-Websit-Project-\node_modules\jest-ci
rcus\build\jestAdapterInit.js:1007:40)
            at _runTest 
(C:\Users\U\Desktop\PROJECTS\MY PROJECTS\A
mazon-Websit-Project-\node_modules\jest-ci
rcus\build\jestAdapterInit.js:947:3)
            at 
C:\Users\U\Desktop\PROJECTS\MY PROJECTS\Am
azon-Websit-Project-\node_modules\jest-cir
cus\build\jestAdapterInit.js:849:7
            at _runTestsForDescribeBlock 
(C:\Users\U\Desktop\PROJECTS\MY PROJECTS\A
mazon-Websit-Project-\node_modules\jest-ci
rcus\build\jestAdapterInit.js:862:11)
            at _runTestsForDescribeBlock 
(C:\Users\U\Desktop\PROJECTS\MY PROJECTS\A
mazon-Websit-Project-\node_modules\jest-ci
rcus\build\jestAdapterInit.js:857:11)
            at run 
(C:\Users\U\Desktop\PROJECTS\MY PROJECTS\A
mazon-Websit-Project-\node_modules\jest-ci
rcus\build\jestAdapterInit.js:761:3)
            at 
runAndTransformResultsToJestFormat 
(C:\Users\U\Desktop\PROJECTS\MY PROJECTS\A
mazon-Websit-Project-\node_modules\jest-ci
rcus\build\jestAdapterInit.js:1918:21)
            at jestAdapter 
(C:\Users\U\Desktop\PROJECTS\MY PROJECTS\A
mazon-Websit-Project-\node_modules\jest-ci
rcus\build\runner.js:101:19)
            at runTestInternal 
(C:\Users\U\Desktop\PROJECTS\MY PROJECTS\A
mazon-Websit-Project-\node_modules\jest-ru
nner\build\index.js:275:16)
            at runTest 
(C:\Users\U\Desktop\PROJECTS\MY PROJECTS\A
mazon-Websit-Project-\node_modules\jest-ru
nner\build\index.js:343:7),
        type: 'unhandled exception'
      }

    [0m [90m 37 |[39m
     [90m 38 |[39m     it([32m'renders 
product description'[39m[33m,[39m () 
[33m=>[39m {
    [31m[1m>[22m[39m[90m 39 |[39m   
      
render([33m<[39m[33mProductCard[39m 
product[33m=[39m{mockProduct} 
locale[33m=[39m[32m"en"[39m 
[33m/[39m[33m>[39m)[33m;[39m
     [90m    |[39m               
[31m[1m^[22m[39m
     [90m 40 |[39m         expect(screen
[33m.[39mgetByText([32m'Test Descriptio
n'[39m))[33m.[39mtoBeInTheDocument()[3
3m;[39m
     [90m 41 |[39m     })[33m;[39m
     [90m 42 |[39m[0m

      at VirtualConsole.<anonymous> (node_
modules/@jest/environment-jsdom-abstract/b
uild/index.js:87:23)
      at reportException (node_modules/jsd
om/lib/jsdom/living/helpers/runtime-script
-errors.js:70:28)
      at innerInvokeEventListeners (node_m
odules/jsdom/lib/jsdom/living/events/Event
Target-impl.js:353:9)
      at invokeEventListeners (node_module
s/jsdom/lib/jsdom/living/events/EventTarge
t-impl.js:286:3)
      at HTMLUnknownElementImpl._dispatch 
(node_modules/jsdom/lib/jsdom/living/event
s/EventTarget-impl.js:233:9)
      at 
HTMLUnknownElementImpl.dispatchEvent (node
_modules/jsdom/lib/jsdom/living/events/Eve
ntTarget-impl.js:104:17)
      at HTMLUnknownElement.dispatchEvent 
(node_modules/jsdom/lib/jsdom/living/gener
ated/EventTarget.js:241:34)
      at Object.invokeGuardedCallbackDev (
node_modules/react-dom/cjs/react-dom.devel
opment.js:4213:16)
      at invokeGuardedCallback (node_modul
es/react-dom/cjs/react-dom.development.js:
4277:31)
      at beginWork$1 (node_modules/react-d
om/cjs/react-dom.development.js:27490:7)
      at performUnitOfWork (node_modules/r
eact-dom/cjs/react-dom.development.js:2659
9:12)
      at workLoopSync (node_modules/react-
dom/cjs/react-dom.development.js:26505:5)
      at renderRootSync (node_modules/reac
t-dom/cjs/react-dom.development.js:26473:7
)
      at recoverFromConcurrentError (node_
modules/react-dom/cjs/react-dom.developmen
t.js:25889:20)
      at performConcurrentWorkOnRoot (node
_modules/react-dom/cjs/react-dom.developme
nt.js:25789:22)
      at flushActQueue (node_modules/react
/cjs/react.development.js:2667:24)
      at act (node_modules/react/cjs/react
.development.js:2582:11)
      at node_modules/@testing-library/rea
ct/dist/act-compat.js:46:25
      at renderRoot (node_modules/@testing
-library/react/dist/pure.js:189:26)
      at render (node_modules/@testing-lib
rary/react/dist/pure.js:291:10)
      at Object.<anonymous> (src/component
s/__tests__/ProductCard.test.tsx:39:15)

    console.error
      The above error occurred in the 
<ProductCard> component:
      
          at product 
(C:\Users\U\Desktop\PROJECTS\MY PROJECTS\A
mazon-Websit-Project-\src\components\Produ
ctCard.tsx:13:24)
      
      Consider adding an error boundary 
to your tree to customize error handling 
behavior.
      Visit 
https://reactjs.org/link/error-boundaries 
to learn more about error boundaries.

    [0m [90m 37 |[39m
     [90m 38 |[39m     it([32m'renders 
product description'[39m[33m,[39m () 
[33m=>[39m {
    [31m[1m>[22m[39m[90m 39 |[39m   
      
render([33m<[39m[33mProductCard[39m 
product[33m=[39m{mockProduct} 
locale[33m=[39m[32m"en"[39m 
[33m/[39m[33m>[39m)[33m;[39m
     [90m    |[39m               
[31m[1m^[22m[39m
     [90m 40 |[39m         expect(screen
[33m.[39mgetByText([32m'Test Descriptio
n'[39m))[33m.[39mtoBeInTheDocument()[3
3m;[39m
     [90m 41 |[39m     })[33m;[39m
     [90m 42 |[39m[0m

      at logCapturedError (node_modules/re
act-dom/cjs/react-dom.development.js:18704
:23)
      at update.callback (node_modules/rea
ct-dom/cjs/react-dom.development.js:18737:
5)
      at callCallback (node_modules/react-
dom/cjs/react-dom.development.js:15036:12)
      at commitUpdateQueue (node_modules/r
eact-dom/cjs/react-dom.development.js:1505
7:9)
      at commitLayoutEffectOnFiber (node_m
odules/react-dom/cjs/react-dom.development
.js:23430:13)
      at 
commitLayoutMountEffects_complete (node_mo
dules/react-dom/cjs/react-dom.development.
js:24727:9)
      at commitLayoutEffects_begin (node_m
odules/react-dom/cjs/react-dom.development
.js:24713:7)
      at commitLayoutEffects (node_modules
/react-dom/cjs/react-dom.development.js:24
651:3)
      at commitRootImpl (node_modules/reac
t-dom/cjs/react-dom.development.js:26862:5
)
      at commitRoot (node_modules/react-do
m/cjs/react-dom.development.js:26721:5)
      at finishConcurrentRender (node_modu
les/react-dom/cjs/react-dom.development.js
:25931:9)
      at performConcurrentWorkOnRoot (node
_modules/react-dom/cjs/react-dom.developme
nt.js:25848:7)
      at flushActQueue (node_modules/react
/cjs/react.development.js:2667:24)
      at act (node_modules/react/cjs/react
.development.js:2582:11)
      at node_modules/@testing-library/rea
ct/dist/act-compat.js:46:25
      at renderRoot (node_modules/@testing
-library/react/dist/pure.js:189:26)
      at render (node_modules/@testing-lib
rary/react/dist/pure.js:291:10)
      at Object.<anonymous> (src/component
s/__tests__/ProductCard.test.tsx:39:15)

    console.error
      Error: Uncaught [Error: useCompare 
must be used within a CompareProvider]
          at reportException 
(C:\Users\U\Desktop\PROJECTS\MY PROJECTS\A
mazon-Websit-Project-\node_modules\jsdom\l
ib\jsdom\living\helpers\runtime-script-err
ors.js:66:24)
          at innerInvokeEventListeners 
(C:\Users\U\Desktop\PROJECTS\MY PROJECTS\A
mazon-Websit-Project-\node_modules\jsdom\l
ib\jsdom\living\events\EventTarget-impl.js
:353:9)
          at invokeEventListeners 
(C:\Users\U\Desktop\PROJECTS\MY PROJECTS\A
mazon-Websit-Project-\node_modules\jsdom\l
ib\jsdom\living\events\EventTarget-impl.js
:286:3)
          at 
HTMLUnknownElementImpl._dispatch 
(C:\Users\U\Desktop\PROJECTS\MY PROJECTS\A
mazon-Websit-Project-\node_modules\jsdom\l
ib\jsdom\living\events\EventTarget-impl.js
:233:9)
          at 
HTMLUnknownElementImpl.dispatchEvent 
(C:\Users\U\Desktop\PROJECTS\MY PROJECTS\A
mazon-Websit-Project-\node_modules\jsdom\l
ib\jsdom\living\events\EventTarget-impl.js
:104:17)
          at 
HTMLUnknownElement.dispatchEvent 
(C:\Users\U\Desktop\PROJECTS\MY PROJECTS\A
mazon-Websit-Project-\node_modules\jsdom\l
ib\jsdom\living\generated\EventTarget.js:2
41:34)
          at 
Object.invokeGuardedCallbackDev 
(C:\Users\U\Desktop\PROJECTS\MY PROJECTS\A
mazon-Websit-Project-\node_modules\react-d
om\cjs\react-dom.development.js:4213:16)
          at invokeGuardedCallback 
(C:\Users\U\Desktop\PROJECTS\MY PROJECTS\A
mazon-Websit-Project-\node_modules\react-d
om\cjs\react-dom.development.js:4277:31)
          at beginWork$1 
(C:\Users\U\Desktop\PROJECTS\MY PROJECTS\A
mazon-Websit-Project-\node_modules\react-d
om\cjs\react-dom.development.js:27490:7)
          at performUnitOfWork 
(C:\Users\U\Desktop\PROJECTS\MY PROJECTS\A
mazon-Websit-Project-\node_modules\react-d
om\cjs\react-dom.development.js:26599:12)
          at workLoopSync 
(C:\Users\U\Desktop\PROJECTS\MY PROJECTS\A
mazon-Websit-Project-\node_modules\react-d
om\cjs\react-dom.development.js:26505:5)
          at renderRootSync 
(C:\Users\U\Desktop\PROJECTS\MY PROJECTS\A
mazon-Websit-Project-\node_modules\react-d
om\cjs\react-dom.development.js:26473:7)
          at performConcurrentWorkOnRoot 
(C:\Users\U\Desktop\PROJECTS\MY PROJECTS\A
mazon-Websit-Project-\node_modules\react-d
om\cjs\react-dom.development.js:25777:74)
          at flushActQueue 
(C:\Users\U\Desktop\PROJECTS\MY PROJECTS\A
mazon-Websit-Project-\node_modules\react\c
js\react.development.js:2667:24)
          at act 
(C:\Users\U\Desktop\PROJECTS\MY PROJECTS\A
mazon-Websit-Project-\node_modules\react\c
js\react.development.js:2582:11)
          at 
C:\Users\U\Desktop\PROJECTS\MY PROJECTS\Am
azon-Websit-Project-\node_modules\@testing
-library\react\dist\act-compat.js:46:25
          at renderRoot 
(C:\Users\U\Desktop\PROJECTS\MY PROJECTS\A
mazon-Websit-Project-\node_modules\@testin
g-library\react\dist\pure.js:189:26)
          at render 
(C:\Users\U\Desktop\PROJECTS\MY PROJECTS\A
mazon-Websit-Project-\node_modules\@testin
g-library\react\dist\pure.js:291:10)
          at Object.<anonymous> 
(C:\Users\U\Desktop\PROJECTS\MY PROJECTS\A
mazon-Websit-Project-\src\components\__tes
ts__\ProductCard.test.tsx:44:15)
          at Promise.finally.completed 
(C:\Users\U\Desktop\PROJECTS\MY PROJECTS\A
mazon-Websit-Project-\node_modules\jest-ci
rcus\build\jestAdapterInit.js:1557:28)
          at new Promise (<anonymous>)
          at callAsyncCircusFn 
(C:\Users\U\Desktop\PROJECTS\MY PROJECTS\A
mazon-Websit-Project-\node_modules\jest-ci
rcus\build\jestAdapterInit.js:1497:10)
          at _callCircusTest 
(C:\Users\U\Desktop\PROJECTS\MY PROJECTS\A
mazon-Websit-Project-\node_modules\jest-ci
rcus\build\jestAdapterInit.js:1007:40)
          at _runTest 
(C:\Users\U\Desktop\PROJECTS\MY PROJECTS\A
mazon-Websit-Project-\node_modules\jest-ci
rcus\build\jestAdapterInit.js:947:3)
          at 
C:\Users\U\Desktop\PROJECTS\MY PROJECTS\Am
azon-Websit-Project-\node_modules\jest-cir
cus\build\jestAdapterInit.js:849:7
          at _runTestsForDescribeBlock 
(C:\Users\U\Desktop\PROJECTS\MY PROJECTS\A
mazon-Websit-Project-\node_modules\jest-ci
rcus\build\jestAdapterInit.js:862:11)
          at _runTestsForDescribeBlock 
(C:\Users\U\Desktop\PROJECTS\MY PROJECTS\A
mazon-Websit-Project-\node_modules\jest-ci
rcus\build\jestAdapterInit.js:857:11)
          at run 
(C:\Users\U\Desktop\PROJECTS\MY PROJECTS\A
mazon-Websit-Project-\node_modules\jest-ci
rcus\build\jestAdapterInit.js:761:3)
          at 
runAndTransformResultsToJestFormat 
(C:\Users\U\Desktop\PROJECTS\MY PROJECTS\A
mazon-Websit-Project-\node_modules\jest-ci
rcus\build\jestAdapterInit.js:1918:21)
          at jestAdapter 
(C:\Users\U\Desktop\PROJECTS\MY PROJECTS\A
mazon-Websit-Project-\node_modules\jest-ci
rcus\build\runner.js:101:19)
          at runTestInternal 
(C:\Users\U\Desktop\PROJECTS\MY PROJECTS\A
mazon-Websit-Project-\node_modules\jest-ru
nner\build\index.js:275:16)
          at runTest 
(C:\Users\U\Desktop\PROJECTS\MY PROJECTS\A
mazon-Websit-Project-\node_modules\jest-ru
nner\build\index.js:343:7) {
        detail: Error: useCompare must be 
used within a CompareProvider
            at useCompare 
(C:\Users\U\Desktop\PROJECTS\MY PROJECTS\A
mazon-Websit-Project-\src\context\CompareC
ontext.tsx:173:15)
            at ProductCard 
(C:\Users\U\Desktop\PROJECTS\MY PROJECTS\A
mazon-Websit-Project-\src\components\Produ
ctCard.tsx:16:72)
            at renderWithHooks 
(C:\Users\U\Desktop\PROJECTS\MY PROJECTS\A
mazon-Websit-Project-\node_modules\react-d
om\cjs\react-dom.development.js:15486:18)
            at updateFunctionComponent 
(C:\Users\U\Desktop\PROJECTS\MY PROJECTS\A
mazon-Websit-Project-\node_modules\react-d
om\cjs\react-dom.development.js:19617:20)
            at updateSimpleMemoComponent 
(C:\Users\U\Desktop\PROJECTS\MY PROJECTS\A
mazon-Websit-Project-\node_modules\react-d
om\cjs\react-dom.development.js:19454:10)
            at updateMemoComponent 
(C:\Users\U\Desktop\PROJECTS\MY PROJECTS\A
mazon-Websit-Project-\node_modules\react-d
om\cjs\react-dom.development.js:19303:14)
            at beginWork 
(C:\Users\U\Desktop\PROJECTS\MY PROJECTS\A
mazon-Websit-Project-\node_modules\react-d
om\cjs\react-dom.development.js:21712:16)
            at 
HTMLUnknownElement.callCallback 
(C:\Users\U\Desktop\PROJECTS\MY PROJECTS\A
mazon-Websit-Project-\node_modules\react-d
om\cjs\react-dom.development.js:4164:14)
            at HTMLUnknownElement.callTheU
serObjectsOperation 
(C:\Users\U\Desktop\PROJECTS\MY PROJECTS\A
mazon-Websit-Project-\node_modules\jsdom\l
ib\jsdom\living\generated\EventListener.js
:26:30)
            at innerInvokeEventListeners 
(C:\Users\U\Desktop\PROJECTS\MY PROJECTS\A
mazon-Websit-Project-\node_modules\jsdom\l
ib\jsdom\living\events\EventTarget-impl.js
:350:25)
            at invokeEventListeners 
(C:\Users\U\Desktop\PROJECTS\MY PROJECTS\A
mazon-Websit-Project-\node_modules\jsdom\l
ib\jsdom\living\events\EventTarget-impl.js
:286:3)
            at 
HTMLUnknownElementImpl._dispatch 
(C:\Users\U\Desktop\PROJECTS\MY PROJECTS\A
mazon-Websit-Project-\node_modules\jsdom\l
ib\jsdom\living\events\EventTarget-impl.js
:233:9)
            at 
HTMLUnknownElementImpl.dispatchEvent 
(C:\Users\U\Desktop\PROJECTS\MY PROJECTS\A
mazon-Websit-Project-\node_modules\jsdom\l
ib\jsdom\living\events\EventTarget-impl.js
:104:17)
            at 
HTMLUnknownElement.dispatchEvent 
(C:\Users\U\Desktop\PROJECTS\MY PROJECTS\A
mazon-Websit-Project-\node_modules\jsdom\l
ib\jsdom\living\generated\EventTarget.js:2
41:34)
            at 
Object.invokeGuardedCallbackDev 
(C:\Users\U\Desktop\PROJECTS\MY PROJECTS\A
mazon-Websit-Project-\node_modules\react-d
om\cjs\react-dom.development.js:4213:16)
            at invokeGuardedCallback 
(C:\Users\U\Desktop\PROJECTS\MY PROJECTS\A
mazon-Websit-Project-\node_modules\react-d
om\cjs\react-dom.development.js:4277:31)
            at beginWork$1 
(C:\Users\U\Desktop\PROJECTS\MY PROJECTS\A
mazon-Websit-Project-\node_modules\react-d
om\cjs\react-dom.development.js:27490:7)
            at performUnitOfWork 
(C:\Users\U\Desktop\PROJECTS\MY PROJECTS\A
mazon-Websit-Project-\node_modules\react-d
om\cjs\react-dom.development.js:26599:12)
            at workLoopSync 
(C:\Users\U\Desktop\PROJECTS\MY PROJECTS\A
mazon-Websit-Project-\node_modules\react-d
om\cjs\react-dom.development.js:26505:5)
            at renderRootSync 
(C:\Users\U\Desktop\PROJECTS\MY PROJECTS\A
mazon-Websit-Project-\node_modules\react-d
om\cjs\react-dom.development.js:26473:7)
            at 
performConcurrentWorkOnRoot 
(C:\Users\U\Desktop\PROJECTS\MY PROJECTS\A
mazon-Websit-Project-\node_modules\react-d
om\cjs\react-dom.development.js:25777:74)
            at flushActQueue 
(C:\Users\U\Desktop\PROJECTS\MY PROJECTS\A
mazon-Websit-Project-\node_modules\react\c
js\react.development.js:2667:24)
            at act 
(C:\Users\U\Desktop\PROJECTS\MY PROJECTS\A
mazon-Websit-Project-\node_modules\react\c
js\react.development.js:2582:11)
            at 
C:\Users\U\Desktop\PROJECTS\MY PROJECTS\Am
azon-Websit-Project-\node_modules\@testing
-library\react\dist\act-compat.js:46:25
            at renderRoot 
(C:\Users\U\Desktop\PROJECTS\MY PROJECTS\A
mazon-Websit-Project-\node_modules\@testin
g-library\react\dist\pure.js:189:26)
            at render 
(C:\Users\U\Desktop\PROJECTS\MY PROJECTS\A
mazon-Websit-Project-\node_modules\@testin
g-library\react\dist\pure.js:291:10)
            at Object.<anonymous> 
(C:\Users\U\Desktop\PROJECTS\MY PROJECTS\A
mazon-Websit-Project-\src\components\__tes
ts__\ProductCard.test.tsx:44:15)
            at Promise.finally.completed 
(C:\Users\U\Desktop\PROJECTS\MY PROJECTS\A
mazon-Websit-Project-\node_modules\jest-ci
rcus\build\jestAdapterInit.js:1557:28)
            at new Promise (<anonymous>)
            at callAsyncCircusFn 
(C:\Users\U\Desktop\PROJECTS\MY PROJECTS\A
mazon-Websit-Project-\node_modules\jest-ci
rcus\build\jestAdapterInit.js:1497:10)
            at _callCircusTest 
(C:\Users\U\Desktop\PROJECTS\MY PROJECTS\A
mazon-Websit-Project-\node_modules\jest-ci
rcus\build\jestAdapterInit.js:1007:40)
            at _runTest 
(C:\Users\U\Desktop\PROJECTS\MY PROJECTS\A
mazon-Websit-Project-\node_modules\jest-ci
rcus\build\jestAdapterInit.js:947:3)
            at 
C:\Users\U\Desktop\PROJECTS\MY PROJECTS\Am
azon-Websit-Project-\node_modules\jest-cir
cus\build\jestAdapterInit.js:849:7
            at _runTestsForDescribeBlock 
(C:\Users\U\Desktop\PROJECTS\MY PROJECTS\A
mazon-Websit-Project-\node_modules\jest-ci
rcus\build\jestAdapterInit.js:862:11)
            at _runTestsForDescribeBlock 
(C:\Users\U\Desktop\PROJECTS\MY PROJECTS\A
mazon-Websit-Project-\node_modules\jest-ci
rcus\build\jestAdapterInit.js:857:11)
            at run 
(C:\Users\U\Desktop\PROJECTS\MY PROJECTS\A
mazon-Websit-Project-\node_modules\jest-ci
rcus\build\jestAdapterInit.js:761:3)
            at 
runAndTransformResultsToJestFormat 
(C:\Users\U\Desktop\PROJECTS\MY PROJECTS\A
mazon-Websit-Project-\node_modules\jest-ci
rcus\build\jestAdapterInit.js:1918:21)
            at jestAdapter 
(C:\Users\U\Desktop\PROJECTS\MY PROJECTS\A
mazon-Websit-Project-\node_modules\jest-ci
rcus\build\runner.js:101:19)
            at runTestInternal 
(C:\Users\U\Desktop\PROJECTS\MY PROJECTS\A
mazon-Websit-Project-\node_modules\jest-ru
nner\build\index.js:275:16)
            at runTest 
(C:\Users\U\Desktop\PROJECTS\MY PROJECTS\A
mazon-Websit-Project-\node_modules\jest-ru
nner\build\index.js:343:7),
        type: 'unhandled exception'
      }

    [0m [90m 42 |[39m
     [90m 43 |[39m     it([32m'renders 
category'[39m[33m,[39m () [33m=>[39m 
{
    [31m[1m>[22m[39m[90m 44 |[39m   
      
render([33m<[39m[33mProductCard[39m 
product[33m=[39m{mockProduct} 
locale[33m=[39m[32m"en"[39m 
[33m/[39m[33m>[39m)[33m;[39m
     [90m    |[39m               
[31m[1m^[22m[39m
     [90m 45 |[39m         expect(screen
[33m.[39mgetByText([32m'Tech'[39m))[3
3m.[39mtoBeInTheDocument()[33m;[39m
     [90m 46 |[39m     })[33m;[39m
     [90m 47 |[39m[0m

      at VirtualConsole.<anonymous> (node_
modules/@jest/environment-jsdom-abstract/b
uild/index.js:87:23)
      at reportException (node_modules/jsd
om/lib/jsdom/living/helpers/runtime-script
-errors.js:70:28)
      at innerInvokeEventListeners (node_m
odules/jsdom/lib/jsdom/living/events/Event
Target-impl.js:353:9)
      at invokeEventListeners (node_module
s/jsdom/lib/jsdom/living/events/EventTarge
t-impl.js:286:3)
      at HTMLUnknownElementImpl._dispatch 
(node_modules/jsdom/lib/jsdom/living/event
s/EventTarget-impl.js:233:9)
      at 
HTMLUnknownElementImpl.dispatchEvent (node
_modules/jsdom/lib/jsdom/living/events/Eve
ntTarget-impl.js:104:17)
      at HTMLUnknownElement.dispatchEvent 
(node_modules/jsdom/lib/jsdom/living/gener
ated/EventTarget.js:241:34)
      at Object.invokeGuardedCallbackDev (
node_modules/react-dom/cjs/react-dom.devel
opment.js:4213:16)
      at invokeGuardedCallback (node_modul
es/react-dom/cjs/react-dom.development.js:
4277:31)
      at beginWork$1 (node_modules/react-d
om/cjs/react-dom.development.js:27490:7)
      at performUnitOfWork (node_modules/r
eact-dom/cjs/react-dom.development.js:2659
9:12)
      at workLoopSync (node_modules/react-
dom/cjs/react-dom.development.js:26505:5)
      at renderRootSync (node_modules/reac
t-dom/cjs/react-dom.development.js:26473:7
)
      at performConcurrentWorkOnRoot (node
_modules/react-dom/cjs/react-dom.developme
nt.js:25777:74)
      at flushActQueue (node_modules/react
/cjs/react.development.js:2667:24)
      at act (node_modules/react/cjs/react
.development.js:2582:11)
      at node_modules/@testing-library/rea
ct/dist/act-compat.js:46:25
      at renderRoot (node_modules/@testing
-library/react/dist/pure.js:189:26)
      at render (node_modules/@testing-lib
rary/react/dist/pure.js:291:10)
      at Object.<anonymous> (src/component
s/__tests__/ProductCard.test.tsx:44:15)

    console.error
      Error: Uncaught [Error: useCompare 
must be used within a CompareProvider]
          at reportException 
(C:\Users\U\Desktop\PROJECTS\MY PROJECTS\A
mazon-Websit-Project-\node_modules\jsdom\l
ib\jsdom\living\helpers\runtime-script-err
ors.js:66:24)
          at innerInvokeEventListeners 
(C:\Users\U\Desktop\PROJECTS\MY PROJECTS\A
mazon-Websit-Project-\node_modules\jsdom\l
ib\jsdom\living\events\EventTarget-impl.js
:353:9)
          at invokeEventListeners 
(C:\Users\U\Desktop\PROJECTS\MY PROJECTS\A
mazon-Websit-Project-\node_modules\jsdom\l
ib\jsdom\living\events\EventTarget-impl.js
:286:3)
          at 
HTMLUnknownElementImpl._dispatch 
(C:\Users\U\Desktop\PROJECTS\MY PROJECTS\A
mazon-Websit-Project-\node_modules\jsdom\l
ib\jsdom\living\events\EventTarget-impl.js
:233:9)
          at 
HTMLUnknownElementImpl.dispatchEvent 
(C:\Users\U\Desktop\PROJECTS\MY PROJECTS\A
mazon-Websit-Project-\node_modules\jsdom\l
ib\jsdom\living\events\EventTarget-impl.js
:104:17)
          at 
HTMLUnknownElement.dispatchEvent 
(C:\Users\U\Desktop\PROJECTS\MY PROJECTS\A
mazon-Websit-Project-\node_modules\jsdom\l
ib\jsdom\living\generated\EventTarget.js:2
41:34)
          at 
Object.invokeGuardedCallbackDev 
(C:\Users\U\Desktop\PROJECTS\MY PROJECTS\A
mazon-Websit-Project-\node_modules\react-d
om\cjs\react-dom.development.js:4213:16)
          at invokeGuardedCallback 
(C:\Users\U\Desktop\PROJECTS\MY PROJECTS\A
mazon-Websit-Project-\node_modules\react-d
om\cjs\react-dom.development.js:4277:31)
          at beginWork$1 
(C:\Users\U\Desktop\PROJECTS\MY PROJECTS\A
mazon-Websit-Project-\node_modules\react-d
om\cjs\react-dom.development.js:27490:7)
          at performUnitOfWork 
(C:\Users\U\Desktop\PROJECTS\MY PROJECTS\A
mazon-Websit-Project-\node_modules\react-d
om\cjs\react-dom.development.js:26599:12)
          at workLoopSync 
(C:\Users\U\Desktop\PROJECTS\MY PROJECTS\A
mazon-Websit-Project-\node_modules\react-d
om\cjs\react-dom.development.js:26505:5)
          at renderRootSync 
(C:\Users\U\Desktop\PROJECTS\MY PROJECTS\A
mazon-Websit-Project-\node_modules\react-d
om\cjs\react-dom.development.js:26473:7)
          at recoverFromConcurrentError 
(C:\Users\U\Desktop\PROJECTS\MY PROJECTS\A
mazon-Websit-Project-\node_modules\react-d
om\cjs\react-dom.development.js:25889:20)
          at performConcurrentWorkOnRoot 
(C:\Users\U\Desktop\PROJECTS\MY PROJECTS\A
mazon-Websit-Project-\node_modules\react-d
om\cjs\react-dom.development.js:25789:22)
          at flushActQueue 
(C:\Users\U\Desktop\PROJECTS\MY PROJECTS\A
mazon-Websit-Project-\node_modules\react\c
js\react.development.js:2667:24)
          at act 
(C:\Users\U\Desktop\PROJECTS\MY PROJECTS\A
mazon-Websit-Project-\node_modules\react\c
js\react.development.js:2582:11)
          at 
C:\Users\U\Desktop\PROJECTS\MY PROJECTS\Am
azon-Websit-Project-\node_modules\@testing
-library\react\dist\act-compat.js:46:25
          at renderRoot 
(C:\Users\U\Desktop\PROJECTS\MY PROJECTS\A
mazon-Websit-Project-\node_modules\@testin
g-library\react\dist\pure.js:189:26)
          at render 
(C:\Users\U\Desktop\PROJECTS\MY PROJECTS\A
mazon-Websit-Project-\node_modules\@testin
g-library\react\dist\pure.js:291:10)
          at Object.<anonymous> 
(C:\Users\U\Desktop\PROJECTS\MY PROJECTS\A
mazon-Websit-Project-\src\components\__tes
ts__\ProductCard.test.tsx:44:15)
          at Promise.finally.completed 
(C:\Users\U\Desktop\PROJECTS\MY PROJECTS\A
mazon-Websit-Project-\node_modules\jest-ci
rcus\build\jestAdapterInit.js:1557:28)
          at new Promise (<anonymous>)
          at callAsyncCircusFn 
(C:\Users\U\Desktop\PROJECTS\MY PROJECTS\A
mazon-Websit-Project-\node_modules\jest-ci
rcus\build\jestAdapterInit.js:1497:10)
          at _callCircusTest 
(C:\Users\U\Desktop\PROJECTS\MY PROJECTS\A
mazon-Websit-Project-\node_modules\jest-ci
rcus\build\jestAdapterInit.js:1007:40)
          at _runTest 
(C:\Users\U\Desktop\PROJECTS\MY PROJECTS\A
mazon-Websit-Project-\node_modules\jest-ci
rcus\build\jestAdapterInit.js:947:3)
          at 
C:\Users\U\Desktop\PROJECTS\MY PROJECTS\Am
azon-Websit-Project-\node_modules\jest-cir
cus\build\jestAdapterInit.js:849:7
          at _runTestsForDescribeBlock 
(C:\Users\U\Desktop\PROJECTS\MY PROJECTS\A
mazon-Websit-Project-\node_modules\jest-ci
rcus\build\jestAdapterInit.js:862:11)
          at _runTestsForDescribeBlock 
(C:\Users\U\Desktop\PROJECTS\MY PROJECTS\A
mazon-Websit-Project-\node_modules\jest-ci
rcus\build\jestAdapterInit.js:857:11)
          at run 
(C:\Users\U\Desktop\PROJECTS\MY PROJECTS\A
mazon-Websit-Project-\node_modules\jest-ci
rcus\build\jestAdapterInit.js:761:3)
          at 
runAndTransformResultsToJestFormat 
(C:\Users\U\Desktop\PROJECTS\MY PROJECTS\A
mazon-Websit-Project-\node_modules\jest-ci
rcus\build\jestAdapterInit.js:1918:21)
          at jestAdapter 
(C:\Users\U\Desktop\PROJECTS\MY PROJECTS\A
mazon-Websit-Project-\node_modules\jest-ci
rcus\build\runner.js:101:19)
          at runTestInternal 
(C:\Users\U\Desktop\PROJECTS\MY PROJECTS\A
mazon-Websit-Project-\node_modules\jest-ru
nner\build\index.js:275:16)
          at runTest 
(C:\Users\U\Desktop\PROJECTS\MY PROJECTS\A
mazon-Websit-Project-\node_modules\jest-ru
nner\build\index.js:343:7) {
        detail: Error: useCompare must be 
used within a CompareProvider
            at useCompare 
(C:\Users\U\Desktop\PROJECTS\MY PROJECTS\A
mazon-Websit-Project-\src\context\CompareC
ontext.tsx:173:15)
            at ProductCard 
(C:\Users\U\Desktop\PROJECTS\MY PROJECTS\A
mazon-Websit-Project-\src\components\Produ
ctCard.tsx:16:72)
            at renderWithHooks 
(C:\Users\U\Desktop\PROJECTS\MY PROJECTS\A
mazon-Websit-Project-\node_modules\react-d
om\cjs\react-dom.development.js:15486:18)
            at updateFunctionComponent 
(C:\Users\U\Desktop\PROJECTS\MY PROJECTS\A
mazon-Websit-Project-\node_modules\react-d
om\cjs\react-dom.development.js:19617:20)
            at updateSimpleMemoComponent 
(C:\Users\U\Desktop\PROJECTS\MY PROJECTS\A
mazon-Websit-Project-\node_modules\react-d
om\cjs\react-dom.development.js:19454:10)
            at updateMemoComponent 
(C:\Users\U\Desktop\PROJECTS\MY PROJECTS\A
mazon-Websit-Project-\node_modules\react-d
om\cjs\react-dom.development.js:19303:14)
            at beginWork 
(C:\Users\U\Desktop\PROJECTS\MY PROJECTS\A
mazon-Websit-Project-\node_modules\react-d
om\cjs\react-dom.development.js:21712:16)
            at 
HTMLUnknownElement.callCallback 
(C:\Users\U\Desktop\PROJECTS\MY PROJECTS\A
mazon-Websit-Project-\node_modules\react-d
om\cjs\react-dom.development.js:4164:14)
            at HTMLUnknownElement.callTheU
serObjectsOperation 
(C:\Users\U\Desktop\PROJECTS\MY PROJECTS\A
mazon-Websit-Project-\node_modules\jsdom\l
ib\jsdom\living\generated\EventListener.js
:26:30)
            at innerInvokeEventListeners 
(C:\Users\U\Desktop\PROJECTS\MY PROJECTS\A
mazon-Websit-Project-\node_modules\jsdom\l
ib\jsdom\living\events\EventTarget-impl.js
:350:25)
            at invokeEventListeners 
(C:\Users\U\Desktop\PROJECTS\MY PROJECTS\A
mazon-Websit-Project-\node_modules\jsdom\l
ib\jsdom\living\events\EventTarget-impl.js
:286:3)
            at 
HTMLUnknownElementImpl._dispatch 
(C:\Users\U\Desktop\PROJECTS\MY PROJECTS\A
mazon-Websit-Project-\node_modules\jsdom\l
ib\jsdom\living\events\EventTarget-impl.js
:233:9)
            at 
HTMLUnknownElementImpl.dispatchEvent 
(C:\Users\U\Desktop\PROJECTS\MY PROJECTS\A
mazon-Websit-Project-\node_modules\jsdom\l
ib\jsdom\living\events\EventTarget-impl.js
:104:17)
            at 
HTMLUnknownElement.dispatchEvent 
(C:\Users\U\Desktop\PROJECTS\MY PROJECTS\A
mazon-Websit-Project-\node_modules\jsdom\l
ib\jsdom\living\generated\EventTarget.js:2
41:34)
            at 
Object.invokeGuardedCallbackDev 
(C:\Users\U\Desktop\PROJECTS\MY PROJECTS\A
mazon-Websit-Project-\node_modules\react-d
om\cjs\react-dom.development.js:4213:16)
            at invokeGuardedCallback 
(C:\Users\U\Desktop\PROJECTS\MY PROJECTS\A
mazon-Websit-Project-\node_modules\react-d
om\cjs\react-dom.development.js:4277:31)
            at beginWork$1 
(C:\Users\U\Desktop\PROJECTS\MY PROJECTS\A
mazon-Websit-Project-\node_modules\react-d
om\cjs\react-dom.development.js:27490:7)
            at performUnitOfWork 
(C:\Users\U\Desktop\PROJECTS\MY PROJECTS\A
mazon-Websit-Project-\node_modules\react-d
om\cjs\react-dom.development.js:26599:12)
            at workLoopSync 
(C:\Users\U\Desktop\PROJECTS\MY PROJECTS\A
mazon-Websit-Project-\node_modules\react-d
om\cjs\react-dom.development.js:26505:5)
            at renderRootSync 
(C:\Users\U\Desktop\PROJECTS\MY PROJECTS\A
mazon-Websit-Project-\node_modules\react-d
om\cjs\react-dom.development.js:26473:7)
            at recoverFromConcurrentError 
(C:\Users\U\Desktop\PROJECTS\MY PROJECTS\A
mazon-Websit-Project-\node_modules\react-d
om\cjs\react-dom.development.js:25889:20)
            at 
performConcurrentWorkOnRoot 
(C:\Users\U\Desktop\PROJECTS\MY PROJECTS\A
mazon-Websit-Project-\node_modules\react-d
om\cjs\react-dom.development.js:25789:22)
            at flushActQueue 
(C:\Users\U\Desktop\PROJECTS\MY PROJECTS\A
mazon-Websit-Project-\node_modules\react\c
js\react.development.js:2667:24)
            at act 
(C:\Users\U\Desktop\PROJECTS\MY PROJECTS\A
mazon-Websit-Project-\node_modules\react\c
js\react.development.js:2582:11)
            at 
C:\Users\U\Desktop\PROJECTS\MY PROJECTS\Am
azon-Websit-Project-\node_modules\@testing
-library\react\dist\act-compat.js:46:25
            at renderRoot 
(C:\Users\U\Desktop\PROJECTS\MY PROJECTS\A
mazon-Websit-Project-\node_modules\@testin
g-library\react\dist\pure.js:189:26)
            at render 
(C:\Users\U\Desktop\PROJECTS\MY PROJECTS\A
mazon-Websit-Project-\node_modules\@testin
g-library\react\dist\pure.js:291:10)
            at Object.<anonymous> 
(C:\Users\U\Desktop\PROJECTS\MY PROJECTS\A
mazon-Websit-Project-\src\components\__tes
ts__\ProductCard.test.tsx:44:15)
            at Promise.finally.completed 
(C:\Users\U\Desktop\PROJECTS\MY PROJECTS\A
mazon-Websit-Project-\node_modules\jest-ci
rcus\build\jestAdapterInit.js:1557:28)
            at new Promise (<anonymous>)
            at callAsyncCircusFn 
(C:\Users\U\Desktop\PROJECTS\MY PROJECTS\A
mazon-Websit-Project-\node_modules\jest-ci
rcus\build\jestAdapterInit.js:1497:10)
            at _callCircusTest 
(C:\Users\U\Desktop\PROJECTS\MY PROJECTS\A
mazon-Websit-Project-\node_modules\jest-ci
rcus\build\jestAdapterInit.js:1007:40)
            at _runTest 
(C:\Users\U\Desktop\PROJECTS\MY PROJECTS\A
mazon-Websit-Project-\node_modules\jest-ci
rcus\build\jestAdapterInit.js:947:3)
            at 
C:\Users\U\Desktop\PROJECTS\MY PROJECTS\Am
azon-Websit-Project-\node_modules\jest-cir
cus\build\jestAdapterInit.js:849:7
            at _runTestsForDescribeBlock 
(C:\Users\U\Desktop\PROJECTS\MY PROJECTS\A
mazon-Websit-Project-\node_modules\jest-ci
rcus\build\jestAdapterInit.js:862:11)
            at _runTestsForDescribeBlock 
(C:\Users\U\Desktop\PROJECTS\MY PROJECTS\A
mazon-Websit-Project-\node_modules\jest-ci
rcus\build\jestAdapterInit.js:857:11)
            at run 
(C:\Users\U\Desktop\PROJECTS\MY PROJECTS\A
mazon-Websit-Project-\node_modules\jest-ci
rcus\build\jestAdapterInit.js:761:3)
            at 
runAndTransformResultsToJestFormat 
(C:\Users\U\Desktop\PROJECTS\MY PROJECTS\A
mazon-Websit-Project-\node_modules\jest-ci
rcus\build\jestAdapterInit.js:1918:21)
            at jestAdapter 
(C:\Users\U\Desktop\PROJECTS\MY PROJECTS\A
mazon-Websit-Project-\node_modules\jest-ci
rcus\build\runner.js:101:19)
            at runTestInternal 
(C:\Users\U\Desktop\PROJECTS\MY PROJECTS\A
mazon-Websit-Project-\node_modules\jest-ru
nner\build\index.js:275:16)
            at runTest 
(C:\Users\U\Desktop\PROJECTS\MY PROJECTS\A
mazon-Websit-Project-\node_modules\jest-ru
nner\build\index.js:343:7),
        type: 'unhandled exception'
      }

    [0m [90m 42 |[39m
     [90m 43 |[39m     it([32m'renders 
category'[39m[33m,[39m () [33m=>[39m 
{
    [31m[1m>[22m[39m[90m 44 |[39m   
      
render([33m<[39m[33mProductCard[39m 
product[33m=[39m{mockProduct} 
locale[33m=[39m[32m"en"[39m 
[33m/[39m[33m>[39m)[33m;[39m
     [90m    |[39m               
[31m[1m^[22m[39m
     [90m 45 |[39m         expect(screen
[33m.[39mgetByText([32m'Tech'[39m))[3
3m.[39mtoBeInTheDocument()[33m;[39m
     [90m 46 |[39m     })[33m;[39m
     [90m 47 |[39m[0m

      at VirtualConsole.<anonymous> (node_
modules/@jest/environment-jsdom-abstract/b
uild/index.js:87:23)
      at reportException (node_modules/jsd
om/lib/jsdom/living/helpers/runtime-script
-errors.js:70:28)
      at innerInvokeEventListeners (node_m
odules/jsdom/lib/jsdom/living/events/Event
Target-impl.js:353:9)
      at invokeEventListeners (node_module
s/jsdom/lib/jsdom/living/events/EventTarge
t-impl.js:286:3)
      at HTMLUnknownElementImpl._dispatch 
(node_modules/jsdom/lib/jsdom/living/event
s/EventTarget-impl.js:233:9)
      at 
HTMLUnknownElementImpl.dispatchEvent (node
_modules/jsdom/lib/jsdom/living/events/Eve
ntTarget-impl.js:104:17)
      at HTMLUnknownElement.dispatchEvent 
(node_modules/jsdom/lib/jsdom/living/gener
ated/EventTarget.js:241:34)
      at Object.invokeGuardedCallbackDev (
node_modules/react-dom/cjs/react-dom.devel
opment.js:4213:16)
      at invokeGuardedCallback (node_modul
es/react-dom/cjs/react-dom.development.js:
4277:31)
      at beginWork$1 (node_modules/react-d
om/cjs/react-dom.development.js:27490:7)
      at performUnitOfWork (node_modules/r
eact-dom/cjs/react-dom.development.js:2659
9:12)
      at workLoopSync (node_modules/react-
dom/cjs/react-dom.development.js:26505:5)
      at renderRootSync (node_modules/reac
t-dom/cjs/react-dom.development.js:26473:7
)
      at recoverFromConcurrentError (node_
modules/react-dom/cjs/react-dom.developmen
t.js:25889:20)
      at performConcurrentWorkOnRoot (node
_modules/react-dom/cjs/react-dom.developme
nt.js:25789:22)
      at flushActQueue (node_modules/react
/cjs/react.development.js:2667:24)
      at act (node_modules/react/cjs/react
.development.js:2582:11)
      at node_modules/@testing-library/rea
ct/dist/act-compat.js:46:25
      at renderRoot (node_modules/@testing
-library/react/dist/pure.js:189:26)
      at render (node_modules/@testing-lib
rary/react/dist/pure.js:291:10)
      at Object.<anonymous> (src/component
s/__tests__/ProductCard.test.tsx:44:15)

    console.error
      The above error occurred in the 
<ProductCard> component:
      
          at product 
(C:\Users\U\Desktop\PROJECTS\MY PROJECTS\A
mazon-Websit-Project-\src\components\Produ
ctCard.tsx:13:24)
      
      Consider adding an error boundary 
to your tree to customize error handling 
behavior.
      Visit 
https://reactjs.org/link/error-boundaries 
to learn more about error boundaries.

    [0m [90m 42 |[39m
     [90m 43 |[39m     it([32m'renders 
category'[39m[33m,[39m () [33m=>[39m 
{
    [31m[1m>[22m[39m[90m 44 |[39m   
      
render([33m<[39m[33mProductCard[39m 
product[33m=[39m{mockProduct} 
locale[33m=[39m[32m"en"[39m 
[33m/[39m[33m>[39m)[33m;[39m
     [90m    |[39m               
[31m[1m^[22m[39m
     [90m 45 |[39m         expect(screen
[33m.[39mgetByText([32m'Tech'[39m))[3
3m.[39mtoBeInTheDocument()[33m;[39m
     [90m 46 |[39m     })[33m;[39m
     [90m 47 |[39m[0m

      at logCapturedError (node_modules/re
act-dom/cjs/react-dom.development.js:18704
:23)
      at update.callback (node_modules/rea
ct-dom/cjs/react-dom.development.js:18737:
5)
      at callCallback (node_modules/react-
dom/cjs/react-dom.development.js:15036:12)
      at commitUpdateQueue (node_modules/r
eact-dom/cjs/react-dom.development.js:1505
7:9)
      at commitLayoutEffectOnFiber (node_m
odules/react-dom/cjs/react-dom.development
.js:23430:13)
      at 
commitLayoutMountEffects_complete (node_mo
dules/react-dom/cjs/react-dom.development.
js:24727:9)
      at commitLayoutEffects_begin (node_m
odules/react-dom/cjs/react-dom.development
.js:24713:7)
      at commitLayoutEffects (node_modules
/react-dom/cjs/react-dom.development.js:24
651:3)
      at commitRootImpl (node_modules/reac
t-dom/cjs/react-dom.development.js:26862:5
)
      at commitRoot (node_modules/react-do
m/cjs/react-dom.development.js:26721:5)
      at finishConcurrentRender (node_modu
les/react-dom/cjs/react-dom.development.js
:25931:9)
      at performConcurrentWorkOnRoot (node
_modules/react-dom/cjs/react-dom.developme
nt.js:25848:7)
      at flushActQueue (node_modules/react
/cjs/react.development.js:2667:24)
      at act (node_modules/react/cjs/react
.development.js:2582:11)
      at node_modules/@testing-library/rea
ct/dist/act-compat.js:46:25
      at renderRoot (node_modules/@testing
-library/react/dist/pure.js:189:26)
      at render (node_modules/@testing-lib
rary/react/dist/pure.js:291:10)
      at Object.<anonymous> (src/component
s/__tests__/ProductCard.test.tsx:44:15)

    console.error
      Error: Uncaught [Error: useCompare 
must be used within a CompareProvider]
          at reportException 
(C:\Users\U\Desktop\PROJECTS\MY PROJECTS\A
mazon-Websit-Project-\node_modules\jsdom\l
ib\jsdom\living\helpers\runtime-script-err
ors.js:66:24)
          at innerInvokeEventListeners 
(C:\Users\U\Desktop\PROJECTS\MY PROJECTS\A
mazon-Websit-Project-\node_modules\jsdom\l
ib\jsdom\living\events\EventTarget-impl.js
:353:9)
          at invokeEventListeners 
(C:\Users\U\Desktop\PROJECTS\MY PROJECTS\A
mazon-Websit-Project-\node_modules\jsdom\l
ib\jsdom\living\events\EventTarget-impl.js
:286:3)
          at 
HTMLUnknownElementImpl._dispatch 
(C:\Users\U\Desktop\PROJECTS\MY PROJECTS\A
mazon-Websit-Project-\node_modules\jsdom\l
ib\jsdom\living\events\EventTarget-impl.js
:233:9)
          at 
HTMLUnknownElementImpl.dispatchEvent 
(C:\Users\U\Desktop\PROJECTS\MY PROJECTS\A
mazon-Websit-Project-\node_modules\jsdom\l
ib\jsdom\living\events\EventTarget-impl.js
:104:17)
          at 
HTMLUnknownElement.dispatchEvent 
(C:\Users\U\Desktop\PROJECTS\MY PROJECTS\A
mazon-Websit-Project-\node_modules\jsdom\l
ib\jsdom\living\generated\EventTarget.js:2
41:34)
          at 
Object.invokeGuardedCallbackDev 
(C:\Users\U\Desktop\PROJECTS\MY PROJECTS\A
mazon-Websit-Project-\node_modules\react-d
om\cjs\react-dom.development.js:4213:16)
          at invokeGuardedCallback 
(C:\Users\U\Desktop\PROJECTS\MY PROJECTS\A
mazon-Websit-Project-\node_modules\react-d
om\cjs\react-dom.development.js:4277:31)
          at beginWork$1 
(C:\Users\U\Desktop\PROJECTS\MY PROJECTS\A
mazon-Websit-Project-\node_modules\react-d
om\cjs\react-dom.development.js:27490:7)
          at performUnitOfWork 
(C:\Users\U\Desktop\PROJECTS\MY PROJECTS\A
mazon-Websit-Project-\node_modules\react-d
om\cjs\react-dom.development.js:26599:12)
          at workLoopSync 
(C:\Users\U\Desktop\PROJECTS\MY PROJECTS\A
mazon-Websit-Project-\node_modules\react-d
om\cjs\react-dom.development.js:26505:5)
          at renderRootSync 
(C:\Users\U\Desktop\PROJECTS\MY PROJECTS\A
mazon-Websit-Project-\node_modules\react-d
om\cjs\react-dom.development.js:26473:7)
          at performConcurrentWorkOnRoot 
(C:\Users\U\Desktop\PROJECTS\MY PROJECTS\A
mazon-Websit-Project-\node_modules\react-d
om\cjs\react-dom.development.js:25777:74)
          at flushActQueue 
(C:\Users\U\Desktop\PROJECTS\MY PROJECTS\A
mazon-Websit-Project-\node_modules\react\c
js\react.development.js:2667:24)
          at act 
(C:\Users\U\Desktop\PROJECTS\MY PROJECTS\A
mazon-Websit-Project-\node_modules\react\c
js\react.development.js:2582:11)
          at 
C:\Users\U\Desktop\PROJECTS\MY PROJECTS\Am
azon-Websit-Project-\node_modules\@testing
-library\react\dist\act-compat.js:46:25
          at renderRoot 
(C:\Users\U\Desktop\PROJECTS\MY PROJECTS\A
mazon-Websit-Project-\node_modules\@testin
g-library\react\dist\pure.js:189:26)
          at render 
(C:\Users\U\Desktop\PROJECTS\MY PROJECTS\A
mazon-Websit-Project-\node_modules\@testin
g-library\react\dist\pure.js:291:10)
          at Object.<anonymous> 
(C:\Users\U\Desktop\PROJECTS\MY PROJECTS\A
mazon-Websit-Project-\src\components\__tes
ts__\ProductCard.test.tsx:49:15)
          at Promise.finally.completed 
(C:\Users\U\Desktop\PROJECTS\MY PROJECTS\A
mazon-Websit-Project-\node_modules\jest-ci
rcus\build\jestAdapterInit.js:1557:28)
          at new Promise (<anonymous>)
          at callAsyncCircusFn 
(C:\Users\U\Desktop\PROJECTS\MY PROJECTS\A
mazon-Websit-Project-\node_modules\jest-ci
rcus\build\jestAdapterInit.js:1497:10)
          at _callCircusTest 
(C:\Users\U\Desktop\PROJECTS\MY PROJECTS\A
mazon-Websit-Project-\node_modules\jest-ci
rcus\build\jestAdapterInit.js:1007:40)
          at _runTest 
(C:\Users\U\Desktop\PROJECTS\MY PROJECTS\A
mazon-Websit-Project-\node_modules\jest-ci
rcus\build\jestAdapterInit.js:947:3)
          at 
C:\Users\U\Desktop\PROJECTS\MY PROJECTS\Am
azon-Websit-Project-\node_modules\jest-cir
cus\build\jestAdapterInit.js:849:7
          at _runTestsForDescribeBlock 
(C:\Users\U\Desktop\PROJECTS\MY PROJECTS\A
mazon-Websit-Project-\node_modules\jest-ci
rcus\build\jestAdapterInit.js:862:11)
          at _runTestsForDescribeBlock 
(C:\Users\U\Desktop\PROJECTS\MY PROJECTS\A
mazon-Websit-Project-\node_modules\jest-ci
rcus\build\jestAdapterInit.js:857:11)
          at run 
(C:\Users\U\Desktop\PROJECTS\MY PROJECTS\A
mazon-Websit-Project-\node_modules\jest-ci
rcus\build\jestAdapterInit.js:761:3)
          at 
runAndTransformResultsToJestFormat 
(C:\Users\U\Desktop\PROJECTS\MY PROJECTS\A
mazon-Websit-Project-\node_modules\jest-ci
rcus\build\jestAdapterInit.js:1918:21)
          at jestAdapter 
(C:\Users\U\Desktop\PROJECTS\MY PROJECTS\A
mazon-Websit-Project-\node_modules\jest-ci
rcus\build\runner.js:101:19)
          at runTestInternal 
(C:\Users\U\Desktop\PROJECTS\MY PROJECTS\A
mazon-Websit-Project-\node_modules\jest-ru
nner\build\index.js:275:16)
          at runTest 
(C:\Users\U\Desktop\PROJECTS\MY PROJECTS\A
mazon-Websit-Project-\node_modules\jest-ru
nner\build\index.js:343:7) {
        detail: Error: useCompare must be 
used within a CompareProvider
            at useCompare 
(C:\Users\U\Desktop\PROJECTS\MY PROJECTS\A
mazon-Websit-Project-\src\context\CompareC
ontext.tsx:173:15)
            at ProductCard 
(C:\Users\U\Desktop\PROJECTS\MY PROJECTS\A
mazon-Websit-Project-\src\components\Produ
ctCard.tsx:16:72)
            at renderWithHooks 
(C:\Users\U\Desktop\PROJECTS\MY PROJECTS\A
mazon-Websit-Project-\node_modules\react-d
om\cjs\react-dom.development.js:15486:18)
            at updateFunctionComponent 
(C:\Users\U\Desktop\PROJECTS\MY PROJECTS\A
mazon-Websit-Project-\node_modules\react-d
om\cjs\react-dom.development.js:19617:20)
            at updateSimpleMemoComponent 
(C:\Users\U\Desktop\PROJECTS\MY PROJECTS\A
mazon-Websit-Project-\node_modules\react-d
om\cjs\react-dom.development.js:19454:10)
            at updateMemoComponent 
(C:\Users\U\Desktop\PROJECTS\MY PROJECTS\A
mazon-Websit-Project-\node_modules\react-d
om\cjs\react-dom.development.js:19303:14)
            at beginWork 
(C:\Users\U\Desktop\PROJECTS\MY PROJECTS\A
mazon-Websit-Project-\node_modules\react-d
om\cjs\react-dom.development.js:21712:16)
            at 
HTMLUnknownElement.callCallback 
(C:\Users\U\Desktop\PROJECTS\MY PROJECTS\A
mazon-Websit-Project-\node_modules\react-d
om\cjs\react-dom.development.js:4164:14)
            at HTMLUnknownElement.callTheU
serObjectsOperation 
(C:\Users\U\Desktop\PROJECTS\MY PROJECTS\A
mazon-Websit-Project-\node_modules\jsdom\l
ib\jsdom\living\generated\EventListener.js
:26:30)
            at innerInvokeEventListeners 
(C:\Users\U\Desktop\PROJECTS\MY PROJECTS\A
mazon-Websit-Project-\node_modules\jsdom\l
ib\jsdom\living\events\EventTarget-impl.js
:350:25)
            at invokeEventListeners 
(C:\Users\U\Desktop\PROJECTS\MY PROJECTS\A
mazon-Websit-Project-\node_modules\jsdom\l
ib\jsdom\living\events\EventTarget-impl.js
:286:3)
            at 
HTMLUnknownElementImpl._dispatch 
(C:\Users\U\Desktop\PROJECTS\MY PROJECTS\A
mazon-Websit-Project-\node_modules\jsdom\l
ib\jsdom\living\events\EventTarget-impl.js
:233:9)
            at 
HTMLUnknownElementImpl.dispatchEvent 
(C:\Users\U\Desktop\PROJECTS\MY PROJECTS\A
mazon-Websit-Project-\node_modules\jsdom\l
ib\jsdom\living\events\EventTarget-impl.js
:104:17)
            at 
HTMLUnknownElement.dispatchEvent 
(C:\Users\U\Desktop\PROJECTS\MY PROJECTS\A
mazon-Websit-Project-\node_modules\jsdom\l
ib\jsdom\living\generated\EventTarget.js:2
41:34)
            at 
Object.invokeGuardedCallbackDev 
(C:\Users\U\Desktop\PROJECTS\MY PROJECTS\A
mazon-Websit-Project-\node_modules\react-d
om\cjs\react-dom.development.js:4213:16)
            at invokeGuardedCallback 
(C:\Users\U\Desktop\PROJECTS\MY PROJECTS\A
mazon-Websit-Project-\node_modules\react-d
om\cjs\react-dom.development.js:4277:31)
            at beginWork$1 
(C:\Users\U\Desktop\PROJECTS\MY PROJECTS\A
mazon-Websit-Project-\node_modules\react-d
om\cjs\react-dom.development.js:27490:7)
            at performUnitOfWork 
(C:\Users\U\Desktop\PROJECTS\MY PROJECTS\A
mazon-Websit-Project-\node_modules\react-d
om\cjs\react-dom.development.js:26599:12)
            at workLoopSync 
(C:\Users\U\Desktop\PROJECTS\MY PROJECTS\A
mazon-Websit-Project-\node_modules\react-d
om\cjs\react-dom.development.js:26505:5)
            at renderRootSync 
(C:\Users\U\Desktop\PROJECTS\MY PROJECTS\A
mazon-Websit-Project-\node_modules\react-d
om\cjs\react-dom.development.js:26473:7)
            at 
performConcurrentWorkOnRoot 
(C:\Users\U\Desktop\PROJECTS\MY PROJECTS\A
mazon-Websit-Project-\node_modules\react-d
om\cjs\react-dom.development.js:25777:74)
            at flushActQueue 
(C:\Users\U\Desktop\PROJECTS\MY PROJECTS\A
mazon-Websit-Project-\node_modules\react\c
js\react.development.js:2667:24)
            at act 
(C:\Users\U\Desktop\PROJECTS\MY PROJECTS\A
mazon-Websit-Project-\node_modules\react\c
js\react.development.js:2582:11)
            at 
C:\Users\U\Desktop\PROJECTS\MY PROJECTS\Am
azon-Websit-Project-\node_modules\@testing
-library\react\dist\act-compat.js:46:25
            at renderRoot 
(C:\Users\U\Desktop\PROJECTS\MY PROJECTS\A
mazon-Websit-Project-\node_modules\@testin
g-library\react\dist\pure.js:189:26)
            at render 
(C:\Users\U\Desktop\PROJECTS\MY PROJECTS\A
mazon-Websit-Project-\node_modules\@testin
g-library\react\dist\pure.js:291:10)
            at Object.<anonymous> 
(C:\Users\U\Desktop\PROJECTS\MY PROJECTS\A
mazon-Websit-Project-\src\components\__tes
ts__\ProductCard.test.tsx:49:15)
            at Promise.finally.completed 
(C:\Users\U\Desktop\PROJECTS\MY PROJECTS\A
mazon-Websit-Project-\node_modules\jest-ci
rcus\build\jestAdapterInit.js:1557:28)
            at new Promise (<anonymous>)
            at callAsyncCircusFn 
(C:\Users\U\Desktop\PROJECTS\MY PROJECTS\A
mazon-Websit-Project-\node_modules\jest-ci
rcus\build\jestAdapterInit.js:1497:10)
            at _callCircusTest 
(C:\Users\U\Desktop\PROJECTS\MY PROJECTS\A
mazon-Websit-Project-\node_modules\jest-ci
rcus\build\jestAdapterInit.js:1007:40)
            at _runTest 
(C:\Users\U\Desktop\PROJECTS\MY PROJECTS\A
mazon-Websit-Project-\node_modules\jest-ci
rcus\build\jestAdapterInit.js:947:3)
            at 
C:\Users\U\Desktop\PROJECTS\MY PROJECTS\Am
azon-Websit-Project-\node_modules\jest-cir
cus\build\jestAdapterInit.js:849:7
            at _runTestsForDescribeBlock 
(C:\Users\U\Desktop\PROJECTS\MY PROJECTS\A
mazon-Websit-Project-\node_modules\jest-ci
rcus\build\jestAdapterInit.js:862:11)
            at _runTestsForDescribeBlock 
(C:\Users\U\Desktop\PROJECTS\MY PROJECTS\A
mazon-Websit-Project-\node_modules\jest-ci
rcus\build\jestAdapterInit.js:857:11)
            at run 
(C:\Users\U\Desktop\PROJECTS\MY PROJECTS\A
mazon-Websit-Project-\node_modules\jest-ci
rcus\build\jestAdapterInit.js:761:3)
            at 
runAndTransformResultsToJestFormat 
(C:\Users\U\Desktop\PROJECTS\MY PROJECTS\A
mazon-Websit-Project-\node_modules\jest-ci
rcus\build\jestAdapterInit.js:1918:21)
            at jestAdapter 
(C:\Users\U\Desktop\PROJECTS\MY PROJECTS\A
mazon-Websit-Project-\node_modules\jest-ci
rcus\build\runner.js:101:19)
            at runTestInternal 
(C:\Users\U\Desktop\PROJECTS\MY PROJECTS\A
mazon-Websit-Project-\node_modules\jest-ru
nner\build\index.js:275:16)
            at runTest 
(C:\Users\U\Desktop\PROJECTS\MY PROJECTS\A
mazon-Websit-Project-\node_modules\jest-ru
nner\build\index.js:343:7),
        type: 'unhandled exception'
      }

    [0m [90m 47 |[39m
     [90m 48 |[39m     it([32m'renders 
rating'[39m[33m,[39m () [33m=>[39m {
    [31m[1m>[22m[39m[90m 49 |[39m   
      
render([33m<[39m[33mProductCard[39m 
product[33m=[39m{mockProduct} 
locale[33m=[39m[32m"en"[39m 
[33m/[39m[33m>[39m)[33m;[39m
     [90m    |[39m               
[31m[1m^[22m[39m
     [90m 50 |[39m         expect(screen
[33m.[39mgetByText([32m'4.5'[39m))[33
m.[39mtoBeInTheDocument()[33m;[39m
     [90m 51 |[39m     })[33m;[39m
     [90m 52 |[39m })[33m;[39m[0m

      at VirtualConsole.<anonymous> (node_
modules/@jest/environment-jsdom-abstract/b
uild/index.js:87:23)
      at reportException (node_modules/jsd
om/lib/jsdom/living/helpers/runtime-script
-errors.js:70:28)
      at innerInvokeEventListeners (node_m
odules/jsdom/lib/jsdom/living/events/Event
Target-impl.js:353:9)
      at invokeEventListeners (node_module
s/jsdom/lib/jsdom/living/events/EventTarge
t-impl.js:286:3)
      at HTMLUnknownElementImpl._dispatch 
(node_modules/jsdom/lib/jsdom/living/event
s/EventTarget-impl.js:233:9)
      at 
HTMLUnknownElementImpl.dispatchEvent (node
_modules/jsdom/lib/jsdom/living/events/Eve
ntTarget-impl.js:104:17)
      at HTMLUnknownElement.dispatchEvent 
(node_modules/jsdom/lib/jsdom/living/gener
ated/EventTarget.js:241:34)
      at Object.invokeGuardedCallbackDev (
node_modules/react-dom/cjs/react-dom.devel
opment.js:4213:16)
      at invokeGuardedCallback (node_modul
es/react-dom/cjs/react-dom.development.js:
4277:31)
      at beginWork$1 (node_modules/react-d
om/cjs/react-dom.development.js:27490:7)
      at performUnitOfWork (node_modules/r
eact-dom/cjs/react-dom.development.js:2659
9:12)
      at workLoopSync (node_modules/react-
dom/cjs/react-dom.development.js:26505:5)
      at renderRootSync (node_modules/reac
t-dom/cjs/react-dom.development.js:26473:7
)
      at performConcurrentWorkOnRoot (node
_modules/react-dom/cjs/react-dom.developme
nt.js:25777:74)
      at flushActQueue (node_modules/react
/cjs/react.development.js:2667:24)
      at act (node_modules/react/cjs/react
.development.js:2582:11)
      at node_modules/@testing-library/rea
ct/dist/act-compat.js:46:25
      at renderRoot (node_modules/@testing
-library/react/dist/pure.js:189:26)
      at render (node_modules/@testing-lib
rary/react/dist/pure.js:291:10)
      at Object.<anonymous> (src/component
s/__tests__/ProductCard.test.tsx:49:15)

    console.error
      Error: Uncaught [Error: useCompare 
must be used within a CompareProvider]
          at reportException 
(C:\Users\U\Desktop\PROJECTS\MY PROJECTS\A
mazon-Websit-Project-\node_modules\jsdom\l
ib\jsdom\living\helpers\runtime-script-err
ors.js:66:24)
          at innerInvokeEventListeners 
(C:\Users\U\Desktop\PROJECTS\MY PROJECTS\A
mazon-Websit-Project-\node_modules\jsdom\l
ib\jsdom\living\events\EventTarget-impl.js
:353:9)
          at invokeEventListeners 
(C:\Users\U\Desktop\PROJECTS\MY PROJECTS\A
mazon-Websit-Project-\node_modules\jsdom\l
ib\jsdom\living\events\EventTarget-impl.js
:286:3)
          at 
HTMLUnknownElementImpl._dispatch 
(C:\Users\U\Desktop\PROJECTS\MY PROJECTS\A
mazon-Websit-Project-\node_modules\jsdom\l
ib\jsdom\living\events\EventTarget-impl.js
:233:9)
          at 
HTMLUnknownElementImpl.dispatchEvent 
(C:\Users\U\Desktop\PROJECTS\MY PROJECTS\A
mazon-Websit-Project-\node_modules\jsdom\l
ib\jsdom\living\events\EventTarget-impl.js
:104:17)
          at 
HTMLUnknownElement.dispatchEvent 
(C:\Users\U\Desktop\PROJECTS\MY PROJECTS\A
mazon-Websit-Project-\node_modules\jsdom\l
ib\jsdom\living\generated\EventTarget.js:2
41:34)
          at 
Object.invokeGuardedCallbackDev 
(C:\Users\U\Desktop\PROJECTS\MY PROJECTS\A
mazon-Websit-Project-\node_modules\react-d
om\cjs\react-dom.development.js:4213:16)
          at invokeGuardedCallback 
(C:\Users\U\Desktop\PROJECTS\MY PROJECTS\A
mazon-Websit-Project-\node_modules\react-d
om\cjs\react-dom.development.js:4277:31)
          at beginWork$1 
(C:\Users\U\Desktop\PROJECTS\MY PROJECTS\A
mazon-Websit-Project-\node_modules\react-d
om\cjs\react-dom.development.js:27490:7)
          at performUnitOfWork 
(C:\Users\U\Desktop\PROJECTS\MY PROJECTS\A
mazon-Websit-Project-\node_modules\react-d
om\cjs\react-dom.development.js:26599:12)
          at workLoopSync 
(C:\Users\U\Desktop\PROJECTS\MY PROJECTS\A
mazon-Websit-Project-\node_modules\react-d
om\cjs\react-dom.development.js:26505:5)
          at renderRootSync 
(C:\Users\U\Desktop\PROJECTS\MY PROJECTS\A
mazon-Websit-Project-\node_modules\react-d
om\cjs\react-dom.development.js:26473:7)
          at recoverFromConcurrentError 
(C:\Users\U\Desktop\PROJECTS\MY PROJECTS\A
mazon-Websit-Project-\node_modules\react-d
om\cjs\react-dom.development.js:25889:20)
          at performConcurrentWorkOnRoot 
(C:\Users\U\Desktop\PROJECTS\MY PROJECTS\A
mazon-Websit-Project-\node_modules\react-d
om\cjs\react-dom.development.js:25789:22)
          at flushActQueue 
(C:\Users\U\Desktop\PROJECTS\MY PROJECTS\A
mazon-Websit-Project-\node_modules\react\c
js\react.development.js:2667:24)
          at act 
(C:\Users\U\Desktop\PROJECTS\MY PROJECTS\A
mazon-Websit-Project-\node_modules\react\c
js\react.development.js:2582:11)
          at 
C:\Users\U\Desktop\PROJECTS\MY PROJECTS\Am
azon-Websit-Project-\node_modules\@testing
-library\react\dist\act-compat.js:46:25
          at renderRoot 
(C:\Users\U\Desktop\PROJECTS\MY PROJECTS\A
mazon-Websit-Project-\node_modules\@testin
g-library\react\dist\pure.js:189:26)
          at render 
(C:\Users\U\Desktop\PROJECTS\MY PROJECTS\A
mazon-Websit-Project-\node_modules\@testin
g-library\react\dist\pure.js:291:10)
          at Object.<anonymous> 
(C:\Users\U\Desktop\PROJECTS\MY PROJECTS\A
mazon-Websit-Project-\src\components\__tes
ts__\ProductCard.test.tsx:49:15)
          at Promise.finally.completed 
(C:\Users\U\Desktop\PROJECTS\MY PROJECTS\A
mazon-Websit-Project-\node_modules\jest-ci
rcus\build\jestAdapterInit.js:1557:28)
          at new Promise (<anonymous>)
          at callAsyncCircusFn 
(C:\Users\U\Desktop\PROJECTS\MY PROJECTS\A
mazon-Websit-Project-\node_modules\jest-ci
rcus\build\jestAdapterInit.js:1497:10)
          at _callCircusTest 
(C:\Users\U\Desktop\PROJECTS\MY PROJECTS\A
mazon-Websit-Project-\node_modules\jest-ci
rcus\build\jestAdapterInit.js:1007:40)
          at _runTest 
(C:\Users\U\Desktop\PROJECTS\MY PROJECTS\A
mazon-Websit-Project-\node_modules\jest-ci
rcus\build\jestAdapterInit.js:947:3)
          at 
C:\Users\U\Desktop\PROJECTS\MY PROJECTS\Am
azon-Websit-Project-\node_modules\jest-cir
cus\build\jestAdapterInit.js:849:7
          at _runTestsForDescribeBlock 
(C:\Users\U\Desktop\PROJECTS\MY PROJECTS\A
mazon-Websit-Project-\node_modules\jest-ci
rcus\build\jestAdapterInit.js:862:11)
          at _runTestsForDescribeBlock 
(C:\Users\U\Desktop\PROJECTS\MY PROJECTS\A
mazon-Websit-Project-\node_modules\jest-ci
rcus\build\jestAdapterInit.js:857:11)
          at run 
(C:\Users\U\Desktop\PROJECTS\MY PROJECTS\A
mazon-Websit-Project-\node_modules\jest-ci
rcus\build\jestAdapterInit.js:761:3)
          at 
runAndTransformResultsToJestFormat 
(C:\Users\U\Desktop\PROJECTS\MY PROJECTS\A
mazon-Websit-Project-\node_modules\jest-ci
rcus\build\jestAdapterInit.js:1918:21)
          at jestAdapter 
(C:\Users\U\Desktop\PROJECTS\MY PROJECTS\A
mazon-Websit-Project-\node_modules\jest-ci
rcus\build\runner.js:101:19)
          at runTestInternal 
(C:\Users\U\Desktop\PROJECTS\MY PROJECTS\A
mazon-Websit-Project-\node_modules\jest-ru
nner\build\index.js:275:16)
          at runTest 
(C:\Users\U\Desktop\PROJECTS\MY PROJECTS\A
mazon-Websit-Project-\node_modules\jest-ru
nner\build\index.js:343:7) {
        detail: Error: useCompare must be 
used within a CompareProvider
            at useCompare 
(C:\Users\U\Desktop\PROJECTS\MY PROJECTS\A
mazon-Websit-Project-\src\context\CompareC
ontext.tsx:173:15)
            at ProductCard 
(C:\Users\U\Desktop\PROJECTS\MY PROJECTS\A
mazon-Websit-Project-\src\components\Produ
ctCard.tsx:16:72)
            at renderWithHooks 
(C:\Users\U\Desktop\PROJECTS\MY PROJECTS\A
mazon-Websit-Project-\node_modules\react-d
om\cjs\react-dom.development.js:15486:18)
            at updateFunctionComponent 
(C:\Users\U\Desktop\PROJECTS\MY PROJECTS\A
mazon-Websit-Project-\node_modules\react-d
om\cjs\react-dom.development.js:19617:20)
            at updateSimpleMemoComponent 
(C:\Users\U\Desktop\PROJECTS\MY PROJECTS\A
mazon-Websit-Project-\node_modules\react-d
om\cjs\react-dom.development.js:19454:10)
            at updateMemoComponent 
(C:\Users\U\Desktop\PROJECTS\MY PROJECTS\A
mazon-Websit-Project-\node_modules\react-d
om\cjs\react-dom.development.js:19303:14)
            at beginWork 
(C:\Users\U\Desktop\PROJECTS\MY PROJECTS\A
mazon-Websit-Project-\node_modules\react-d
om\cjs\react-dom.development.js:21712:16)
            at 
HTMLUnknownElement.callCallback 
(C:\Users\U\Desktop\PROJECTS\MY PROJECTS\A
mazon-Websit-Project-\node_modules\react-d
om\cjs\react-dom.development.js:4164:14)
            at HTMLUnknownElement.callTheU
serObjectsOperation 
(C:\Users\U\Desktop\PROJECTS\MY PROJECTS\A
mazon-Websit-Project-\node_modules\jsdom\l
ib\jsdom\living\generated\EventListener.js
:26:30)
            at innerInvokeEventListeners 
(C:\Users\U\Desktop\PROJECTS\MY PROJECTS\A
mazon-Websit-Project-\node_modules\jsdom\l
ib\jsdom\living\events\EventTarget-impl.js
:350:25)
            at invokeEventListeners 
(C:\Users\U\Desktop\PROJECTS\MY PROJECTS\A
mazon-Websit-Project-\node_modules\jsdom\l
ib\jsdom\living\events\EventTarget-impl.js
:286:3)
            at 
HTMLUnknownElementImpl._dispatch 
(C:\Users\U\Desktop\PROJECTS\MY PROJECTS\A
mazon-Websit-Project-\node_modules\jsdom\l
ib\jsdom\living\events\EventTarget-impl.js
:233:9)
            at 
HTMLUnknownElementImpl.dispatchEvent 
(C:\Users\U\Desktop\PROJECTS\MY PROJECTS\A
mazon-Websit-Project-\node_modules\jsdom\l
ib\jsdom\living\events\EventTarget-impl.js
:104:17)
            at 
HTMLUnknownElement.dispatchEvent 
(C:\Users\U\Desktop\PROJECTS\MY PROJECTS\A
mazon-Websit-Project-\node_modules\jsdom\l
ib\jsdom\living\generated\EventTarget.js:2
41:34)
            at 
Object.invokeGuardedCallbackDev 
(C:\Users\U\Desktop\PROJECTS\MY PROJECTS\A
mazon-Websit-Project-\node_modules\react-d
om\cjs\react-dom.development.js:4213:16)
            at invokeGuardedCallback 
(C:\Users\U\Desktop\PROJECTS\MY PROJECTS\A
mazon-Websit-Project-\node_modules\react-d
om\cjs\react-dom.development.js:4277:31)
            at beginWork$1 
(C:\Users\U\Desktop\PROJECTS\MY PROJECTS\A
mazon-Websit-Project-\node_modules\react-d
om\cjs\react-dom.development.js:27490:7)
            at performUnitOfWork 
(C:\Users\U\Desktop\PROJECTS\MY PROJECTS\A
mazon-Websit-Project-\node_modules\react-d
om\cjs\react-dom.development.js:26599:12)
            at workLoopSync 
(C:\Users\U\Desktop\PROJECTS\MY PROJECTS\A
mazon-Websit-Project-\node_modules\react-d
om\cjs\react-dom.development.js:26505:5)
            at renderRootSync 
(C:\Users\U\Desktop\PROJECTS\MY PROJECTS\A
mazon-Websit-Project-\node_modules\react-d
om\cjs\react-dom.development.js:26473:7)
            at recoverFromConcurrentError 
(C:\Users\U\Desktop\PROJECTS\MY PROJECTS\A
mazon-Websit-Project-\node_modules\react-d
om\cjs\react-dom.development.js:25889:20)
            at 
performConcurrentWorkOnRoot 
(C:\Users\U\Desktop\PROJECTS\MY PROJECTS\A
mazon-Websit-Project-\node_modules\react-d
om\cjs\react-dom.development.js:25789:22)
            at flushActQueue 
(C:\Users\U\Desktop\PROJECTS\MY PROJECTS\A
mazon-Websit-Project-\node_modules\react\c
js\react.development.js:2667:24)
            at act 
(C:\Users\U\Desktop\PROJECTS\MY PROJECTS\A
mazon-Websit-Project-\node_modules\react\c
js\react.development.js:2582:11)
            at 
C:\Users\U\Desktop\PROJECTS\MY PROJECTS\Am
azon-Websit-Project-\node_modules\@testing
-library\react\dist\act-compat.js:46:25
            at renderRoot 
(C:\Users\U\Desktop\PROJECTS\MY PROJECTS\A
mazon-Websit-Project-\node_modules\@testin
g-library\react\dist\pure.js:189:26)
            at render 
(C:\Users\U\Desktop\PROJECTS\MY PROJECTS\A
mazon-Websit-Project-\node_modules\@testin
g-library\react\dist\pure.js:291:10)
            at Object.<anonymous> 
(C:\Users\U\Desktop\PROJECTS\MY PROJECTS\A
mazon-Websit-Project-\src\components\__tes
ts__\ProductCard.test.tsx:49:15)
            at Promise.finally.completed 
(C:\Users\U\Desktop\PROJECTS\MY PROJECTS\A
mazon-Websit-Project-\node_modules\jest-ci
rcus\build\jestAdapterInit.js:1557:28)
            at new Promise (<anonymous>)
            at callAsyncCircusFn 
(C:\Users\U\Desktop\PROJECTS\MY PROJECTS\A
mazon-Websit-Project-\node_modules\jest-ci
rcus\build\jestAdapterInit.js:1497:10)
            at _callCircusTest 
(C:\Users\U\Desktop\PROJECTS\MY PROJECTS\A
mazon-Websit-Project-\node_modules\jest-ci
rcus\build\jestAdapterInit.js:1007:40)
            at _runTest 
(C:\Users\U\Desktop\PROJECTS\MY PROJECTS\A
mazon-Websit-Project-\node_modules\jest-ci
rcus\build\jestAdapterInit.js:947:3)
            at 
C:\Users\U\Desktop\PROJECTS\MY PROJECTS\Am
azon-Websit-Project-\node_modules\jest-cir
cus\build\jestAdapterInit.js:849:7
            at _runTestsForDescribeBlock 
(C:\Users\U\Desktop\PROJECTS\MY PROJECTS\A
mazon-Websit-Project-\node_modules\jest-ci
rcus\build\jestAdapterInit.js:862:11)
            at _runTestsForDescribeBlock 
(C:\Users\U\Desktop\PROJECTS\MY PROJECTS\A
mazon-Websit-Project-\node_modules\jest-ci
rcus\build\jestAdapterInit.js:857:11)
            at run 
(C:\Users\U\Desktop\PROJECTS\MY PROJECTS\A
mazon-Websit-Project-\node_modules\jest-ci
rcus\build\jestAdapterInit.js:761:3)
            at 
runAndTransformResultsToJestFormat 
(C:\Users\U\Desktop\PROJECTS\MY PROJECTS\A
mazon-Websit-Project-\node_modules\jest-ci
rcus\build\jestAdapterInit.js:1918:21)
            at jestAdapter 
(C:\Users\U\Desktop\PROJECTS\MY PROJECTS\A
mazon-Websit-Project-\node_modules\jest-ci
rcus\build\runner.js:101:19)
            at runTestInternal 
(C:\Users\U\Desktop\PROJECTS\MY PROJECTS\A
mazon-Websit-Project-\node_modules\jest-ru
nner\build\index.js:275:16)
            at runTest 
(C:\Users\U\Desktop\PROJECTS\MY PROJECTS\A
mazon-Websit-Project-\node_modules\jest-ru
nner\build\index.js:343:7),
        type: 'unhandled exception'
      }

    [0m [90m 47 |[39m
     [90m 48 |[39m     it([32m'renders 
rating'[39m[33m,[39m () [33m=>[39m {
    [31m[1m>[22m[39m[90m 49 |[39m   
      
render([33m<[39m[33mProductCard[39m 
product[33m=[39m{mockProduct} 
locale[33m=[39m[32m"en"[39m 
[33m/[39m[33m>[39m)[33m;[39m
     [90m    |[39m               
[31m[1m^[22m[39m
     [90m 50 |[39m         expect(screen
[33m.[39mgetByText([32m'4.5'[39m))[33
m.[39mtoBeInTheDocument()[33m;[39m
     [90m 51 |[39m     })[33m;[39m
     [90m 52 |[39m })[33m;[39m[0m

      at VirtualConsole.<anonymous> (node_
modules/@jest/environment-jsdom-abstract/b
uild/index.js:87:23)
      at reportException (node_modules/jsd
om/lib/jsdom/living/helpers/runtime-script
-errors.js:70:28)
      at innerInvokeEventListeners (node_m
odules/jsdom/lib/jsdom/living/events/Event
Target-impl.js:353:9)
      at invokeEventListeners (node_module
s/jsdom/lib/jsdom/living/events/EventTarge
t-impl.js:286:3)
      at HTMLUnknownElementImpl._dispatch 
(node_modules/jsdom/lib/jsdom/living/event
s/EventTarget-impl.js:233:9)
      at 
HTMLUnknownElementImpl.dispatchEvent (node
_modules/jsdom/lib/jsdom/living/events/Eve
ntTarget-impl.js:104:17)
      at HTMLUnknownElement.dispatchEvent 
(node_modules/jsdom/lib/jsdom/living/gener
ated/EventTarget.js:241:34)
      at Object.invokeGuardedCallbackDev (
node_modules/react-dom/cjs/react-dom.devel
opment.js:4213:16)
      at invokeGuardedCallback (node_modul
es/react-dom/cjs/react-dom.development.js:
4277:31)
      at beginWork$1 (node_modules/react-d
om/cjs/react-dom.development.js:27490:7)
      at performUnitOfWork (node_modules/r
eact-dom/cjs/react-dom.development.js:2659
9:12)
      at workLoopSync (node_modules/react-
dom/cjs/react-dom.development.js:26505:5)
      at renderRootSync (node_modules/reac
t-dom/cjs/react-dom.development.js:26473:7
)
      at recoverFromConcurrentError (node_
modules/react-dom/cjs/react-dom.developmen
t.js:25889:20)
      at performConcurrentWorkOnRoot (node
_modules/react-dom/cjs/react-dom.developme
nt.js:25789:22)
      at flushActQueue (node_modules/react
/cjs/react.development.js:2667:24)
      at act (node_modules/react/cjs/react
.development.js:2582:11)
      at node_modules/@testing-library/rea
ct/dist/act-compat.js:46:25
      at renderRoot (node_modules/@testing
-library/react/dist/pure.js:189:26)
      at render (node_modules/@testing-lib
rary/react/dist/pure.js:291:10)
      at Object.<anonymous> (src/component
s/__tests__/ProductCard.test.tsx:49:15)

    console.error
      The above error occurred in the 
<ProductCard> component:
      
          at product 
(C:\Users\U\Desktop\PROJECTS\MY PROJECTS\A
mazon-Websit-Project-\src\components\Produ
ctCard.tsx:13:24)
      
      Consider adding an error boundary 
to your tree to customize error handling 
behavior.
      Visit 
https://reactjs.org/link/error-boundaries 
to learn more about error boundaries.

    [0m [90m 47 |[39m
     [90m 48 |[39m     it([32m'renders 
rating'[39m[33m,[39m () [33m=>[39m {
    [31m[1m>[22m[39m[90m 49 |[39m   
      
render([33m<[39m[33mProductCard[39m 
product[33m=[39m{mockProduct} 
locale[33m=[39m[32m"en"[39m 
[33m/[39m[33m>[39m)[33m;[39m
     [90m    |[39m               
[31m[1m^[22m[39m
     [90m 50 |[39m         expect(screen
[33m.[39mgetByText([32m'4.5'[39m))[33
m.[39mtoBeInTheDocument()[33m;[39m
     [90m 51 |[39m     })[33m;[39m
     [90m 52 |[39m })[33m;[39m[0m

      at logCapturedError (node_modules/re
act-dom/cjs/react-dom.development.js:18704
:23)
      at update.callback (node_modules/rea
ct-dom/cjs/react-dom.development.js:18737:
5)
      at callCallback (node_modules/react-
dom/cjs/react-dom.development.js:15036:12)
      at commitUpdateQueue (node_modules/r
eact-dom/cjs/react-dom.development.js:1505
7:9)
      at commitLayoutEffectOnFiber (node_m
odules/react-dom/cjs/react-dom.development
.js:23430:13)
      at 
commitLayoutMountEffects_complete (node_mo
dules/react-dom/cjs/react-dom.development.
js:24727:9)
      at commitLayoutEffects_begin (node_m
odules/react-dom/cjs/react-dom.development
.js:24713:7)
      at commitLayoutEffects (node_modules
/react-dom/cjs/react-dom.development.js:24
651:3)
      at commitRootImpl (node_modules/reac
t-dom/cjs/react-dom.development.js:26862:5
)
      at commitRoot (node_modules/react-do
m/cjs/react-dom.development.js:26721:5)
      at finishConcurrentRender (node_modu
les/react-dom/cjs/react-dom.development.js
:25931:9)
      at performConcurrentWorkOnRoot (node
_modules/react-dom/cjs/react-dom.developme
nt.js:25848:7)
      at flushActQueue (node_modules/react
/cjs/react.development.js:2667:24)
      at act (node_modules/react/cjs/react
.development.js:2582:11)
      at node_modules/@testing-library/rea
ct/dist/act-compat.js:46:25
      at renderRoot (node_modules/@testing
-library/react/dist/pure.js:189:26)
      at render (node_modules/@testing-lib
rary/react/dist/pure.js:291:10)
      at Object.<anonymous> (src/component
s/__tests__/ProductCard.test.tsx:49:15)

  ΓùÅ ProductCard ΓÇ║ renders product 
title in English

    useCompare must be used within a 
CompareProvider

    [0m [90m 171 |[39m     
[36mconst[39m context [33m=[39m useCon
text([33mCompareContext[39m)[33m;[39m
     [90m 172 |[39m     [36mif[39m 
(context [33m===[39m undefined) {
    [31m[1m>[22m[39m[90m 173 |[39m  
       [36mthrow[39m [36mnew[39m 
[33mError[39m([32m'useCompare must be 
used within a 
CompareProvider'[39m)[33m;[39m
     [90m     |[39m               
[31m[1m^[22m[39m
     [90m 174 |[39m     }
     [90m 175 |[39m     
[36mreturn[39m context[33m;[39m
     [90m 176 |[39m }[0m

      at useCompare 
(src/context/CompareContext.tsx:173:15)
      at ProductCard 
(src/components/ProductCard.tsx:16:72)
      at renderWithHooks (node_modules/rea
ct-dom/cjs/react-dom.development.js:15486:
18)
      at updateFunctionComponent (node_mod
ules/react-dom/cjs/react-dom.development.j
s:19617:20)
      at updateSimpleMemoComponent (node_m
odules/react-dom/cjs/react-dom.development
.js:19454:10)
      at updateMemoComponent (node_modules
/react-dom/cjs/react-dom.development.js:19
303:14)
      at beginWork (node_modules/react-dom
/cjs/react-dom.development.js:21712:16)
      at beginWork$1 (node_modules/react-d
om/cjs/react-dom.development.js:27465:14)
      at performUnitOfWork (node_modules/r
eact-dom/cjs/react-dom.development.js:2659
9:12)
      at workLoopSync (node_modules/react-
dom/cjs/react-dom.development.js:26505:5)
      at renderRootSync (node_modules/reac
t-dom/cjs/react-dom.development.js:26473:7
)
      at recoverFromConcurrentError (node_
modules/react-dom/cjs/react-dom.developmen
t.js:25889:20)
      at performConcurrentWorkOnRoot (node
_modules/react-dom/cjs/react-dom.developme
nt.js:25789:22)
      at flushActQueue (node_modules/react
/cjs/react.development.js:2667:24)
      at act (node_modules/react/cjs/react
.development.js:2582:11)
      at node_modules/@testing-library/rea
ct/dist/act-compat.js:46:25
      at renderRoot (node_modules/@testing
-library/react/dist/pure.js:189:26)
      at render (node_modules/@testing-lib
rary/react/dist/pure.js:291:10)
      at Object.<anonymous> (src/component
s/__tests__/ProductCard.test.tsx:34:15)

  ΓùÅ ProductCard ΓÇ║ renders product 
description

    useCompare must be used within a 
CompareProvider

    [0m [90m 171 |[39m     
[36mconst[39m context [33m=[39m useCon
text([33mCompareContext[39m)[33m;[39m
     [90m 172 |[39m     [36mif[39m 
(context [33m===[39m undefined) {
    [31m[1m>[22m[39m[90m 173 |[39m  
       [36mthrow[39m [36mnew[39m 
[33mError[39m([32m'useCompare must be 
used within a 
CompareProvider'[39m)[33m;[39m
     [90m     |[39m               
[31m[1m^[22m[39m
     [90m 174 |[39m     }
     [90m 175 |[39m     
[36mreturn[39m context[33m;[39m
     [90m 176 |[39m }[0m

      at useCompare 
(src/context/CompareContext.tsx:173:15)
      at ProductCard 
(src/components/ProductCard.tsx:16:72)
      at renderWithHooks (node_modules/rea
ct-dom/cjs/react-dom.development.js:15486:
18)
      at updateFunctionComponent (node_mod
ules/react-dom/cjs/react-dom.development.j
s:19617:20)
      at updateSimpleMemoComponent (node_m
odules/react-dom/cjs/react-dom.development
.js:19454:10)
      at updateMemoComponent (node_modules
/react-dom/cjs/react-dom.development.js:19
303:14)
      at beginWork (node_modules/react-dom
/cjs/react-dom.development.js:21712:16)
      at beginWork$1 (node_modules/react-d
om/cjs/react-dom.development.js:27465:14)
      at performUnitOfWork (node_modules/r
eact-dom/cjs/react-dom.development.js:2659
9:12)
      at workLoopSync (node_modules/react-
dom/cjs/react-dom.development.js:26505:5)
      at renderRootSync (node_modules/reac
t-dom/cjs/react-dom.development.js:26473:7
)
      at recoverFromConcurrentError (node_
modules/react-dom/cjs/react-dom.developmen
t.js:25889:20)
      at performConcurrentWorkOnRoot (node
_modules/react-dom/cjs/react-dom.developme
nt.js:25789:22)
      at flushActQueue (node_modules/react
/cjs/react.development.js:2667:24)
      at act (node_modules/react/cjs/react
.development.js:2582:11)
      at node_modules/@testing-library/rea
ct/dist/act-compat.js:46:25
      at renderRoot (node_modules/@testing
-library/react/dist/pure.js:189:26)
      at render (node_modules/@testing-lib
rary/react/dist/pure.js:291:10)
      at Object.<anonymous> (src/component
s/__tests__/ProductCard.test.tsx:39:15)

  ΓùÅ ProductCard ΓÇ║ renders category

    useCompare must be used within a 
CompareProvider

    [0m [90m 171 |[39m     
[36mconst[39m context [33m=[39m useCon
text([33mCompareContext[39m)[33m;[39m
     [90m 172 |[39m     [36mif[39m 
(context [33m===[39m undefined) {
    [31m[1m>[22m[39m[90m 173 |[39m  
       [36mthrow[39m [36mnew[39m 
[33mError[39m([32m'useCompare must be 
used within a 
CompareProvider'[39m)[33m;[39m
     [90m     |[39m               
[31m[1m^[22m[39m
     [90m 174 |[39m     }
     [90m 175 |[39m     
[36mreturn[39m context[33m;[39m
     [90m 176 |[39m }[0m

      at useCompare 
(src/context/CompareContext.tsx:173:15)
      at ProductCard 
(src/components/ProductCard.tsx:16:72)
      at renderWithHooks (node_modules/rea
ct-dom/cjs/react-dom.development.js:15486:
18)
      at updateFunctionComponent (node_mod
ules/react-dom/cjs/react-dom.development.j
s:19617:20)
      at updateSimpleMemoComponent (node_m
odules/react-dom/cjs/react-dom.development
.js:19454:10)
      at updateMemoComponent (node_modules
/react-dom/cjs/react-dom.development.js:19
303:14)
      at beginWork (node_modules/react-dom
/cjs/react-dom.development.js:21712:16)
      at beginWork$1 (node_modules/react-d
om/cjs/react-dom.development.js:27465:14)
      at performUnitOfWork (node_modules/r
eact-dom/cjs/react-dom.development.js:2659
9:12)
      at workLoopSync (node_modules/react-
dom/cjs/react-dom.development.js:26505:5)
      at renderRootSync (node_modules/reac
t-dom/cjs/react-dom.development.js:26473:7
)
      at recoverFromConcurrentError (node_
modules/react-dom/cjs/react-dom.developmen
t.js:25889:20)
      at performConcurrentWorkOnRoot (node
_modules/react-dom/cjs/react-dom.developme
nt.js:25789:22)
      at flushActQueue (node_modules/react
/cjs/react.development.js:2667:24)
      at act (node_modules/react/cjs/react
.development.js:2582:11)
      at node_modules/@testing-library/rea
ct/dist/act-compat.js:46:25
      at renderRoot (node_modules/@testing
-library/react/dist/pure.js:189:26)
      at render (node_modules/@testing-lib
rary/react/dist/pure.js:291:10)
      at Object.<anonymous> (src/component
s/__tests__/ProductCard.test.tsx:44:15)

  ΓùÅ ProductCard ΓÇ║ renders rating

    useCompare must be used within a 
CompareProvider

    [0m [90m 171 |[39m     
[36mconst[39m context [33m=[39m useCon
text([33mCompareContext[39m)[33m;[39m
     [90m 172 |[39m     [36mif[39m 
(context [33m===[39m undefined) {
    [31m[1m>[22m[39m[90m 173 |[39m  
       [36mthrow[39m [36mnew[39m 
[33mError[39m([32m'useCompare must be 
used within a 
CompareProvider'[39m)[33m;[39m
     [90m     |[39m               
[31m[1m^[22m[39m
     [90m 174 |[39m     }
     [90m 175 |[39m     
[36mreturn[39m context[33m;[39m
     [90m 176 |[39m }[0m

      at useCompare 
(src/context/CompareContext.tsx:173:15)
      at ProductCard 
(src/components/ProductCard.tsx:16:72)
      at renderWithHooks (node_modules/rea
ct-dom/cjs/react-dom.development.js:15486:
18)
      at updateFunctionComponent (node_mod
ules/react-dom/cjs/react-dom.development.j
s:19617:20)
      at updateSimpleMemoComponent (node_m
odules/react-dom/cjs/react-dom.development
.js:19454:10)
      at updateMemoComponent (node_modules
/react-dom/cjs/react-dom.development.js:19
303:14)
      at beginWork (node_modules/react-dom
/cjs/react-dom.development.js:21712:16)
      at beginWork$1 (node_modules/react-d
om/cjs/react-dom.development.js:27465:14)
      at performUnitOfWork (node_modules/r
eact-dom/cjs/react-dom.development.js:2659
9:12)
      at workLoopSync (node_modules/react-
dom/cjs/react-dom.development.js:26505:5)
      at renderRootSync (node_modules/reac
t-dom/cjs/react-dom.development.js:26473:7
)
      at recoverFromConcurrentError (node_
modules/react-dom/cjs/react-dom.developmen
t.js:25889:20)
      at performConcurrentWorkOnRoot (node
_modules/react-dom/cjs/react-dom.developme
nt.js:25789:22)
      at flushActQueue (node_modules/react
/cjs/react.development.js:2667:24)
      at act (node_modules/react/cjs/react
.development.js:2582:11)
      at node_modules/@testing-library/rea
ct/dist/act-compat.js:46:25
      at renderRoot (node_modules/@testing
-library/react/dist/pure.js:189:26)
      at render (node_modules/@testing-lib
rary/react/dist/pure.js:291:10)
      at Object.<anonymous> (src/component
s/__tests__/ProductCard.test.tsx:49:15)

Test Suites: 2 failed, 2 total
Tests:       7 failed, 7 total
Snapshots:   0 total
Time:        1.089 s
Ran all test suites.
